Archive member included to satisfy reference by file (symbol)

c:/st/stm32cubeide_1.0.0/stm32cubeide/plugins/com.st.stm32cube.ide.mcu.externaltools.gnu-tools-for-stm32.7-2018-q2-update.win32_1.0.0.201904181610/tools/bin/../lib/gcc/arm-none-eabi/7.3.1/../../../../arm-none-eabi/lib/thumb/v7e-m/fpv4-sp/hard\libc_nano.a(lib_a-errno.o)
                              Core/Src/syscalls.o (__errno)
c:/st/stm32cubeide_1.0.0/stm32cubeide/plugins/com.st.stm32cube.ide.mcu.externaltools.gnu-tools-for-stm32.7-2018-q2-update.win32_1.0.0.201904181610/tools/bin/../lib/gcc/arm-none-eabi/7.3.1/../../../../arm-none-eabi/lib/thumb/v7e-m/fpv4-sp/hard\libc_nano.a(lib_a-exit.o)
                              c:/st/stm32cubeide_1.0.0/stm32cubeide/plugins/com.st.stm32cube.ide.mcu.externaltools.gnu-tools-for-stm32.7-2018-q2-update.win32_1.0.0.201904181610/tools/bin/../lib/gcc/arm-none-eabi/7.3.1/../../../../arm-none-eabi/lib/thumb/v7e-m/fpv4-sp/hard/crt0.o (exit)
c:/st/stm32cubeide_1.0.0/stm32cubeide/plugins/com.st.stm32cube.ide.mcu.externaltools.gnu-tools-for-stm32.7-2018-q2-update.win32_1.0.0.201904181610/tools/bin/../lib/gcc/arm-none-eabi/7.3.1/../../../../arm-none-eabi/lib/thumb/v7e-m/fpv4-sp/hard\libc_nano.a(lib_a-impure.o)
                              c:/st/stm32cubeide_1.0.0/stm32cubeide/plugins/com.st.stm32cube.ide.mcu.externaltools.gnu-tools-for-stm32.7-2018-q2-update.win32_1.0.0.201904181610/tools/bin/../lib/gcc/arm-none-eabi/7.3.1/../../../../arm-none-eabi/lib/thumb/v7e-m/fpv4-sp/hard\libc_nano.a(lib_a-exit.o) (_global_impure_ptr)
c:/st/stm32cubeide_1.0.0/stm32cubeide/plugins/com.st.stm32cube.ide.mcu.externaltools.gnu-tools-for-stm32.7-2018-q2-update.win32_1.0.0.201904181610/tools/bin/../lib/gcc/arm-none-eabi/7.3.1/../../../../arm-none-eabi/lib/thumb/v7e-m/fpv4-sp/hard\libc_nano.a(lib_a-init.o)
                              c:/st/stm32cubeide_1.0.0/stm32cubeide/plugins/com.st.stm32cube.ide.mcu.externaltools.gnu-tools-for-stm32.7-2018-q2-update.win32_1.0.0.201904181610/tools/bin/../lib/gcc/arm-none-eabi/7.3.1/../../../../arm-none-eabi/lib/thumb/v7e-m/fpv4-sp/hard/crt0.o (__libc_init_array)
c:/st/stm32cubeide_1.0.0/stm32cubeide/plugins/com.st.stm32cube.ide.mcu.externaltools.gnu-tools-for-stm32.7-2018-q2-update.win32_1.0.0.201904181610/tools/bin/../lib/gcc/arm-none-eabi/7.3.1/../../../../arm-none-eabi/lib/thumb/v7e-m/fpv4-sp/hard\libc_nano.a(lib_a-malloc.o)
                              Middlewares/ST/STM32_USB_Device_Library/Class/CDC/Src/usbd_cdc.o (malloc)
c:/st/stm32cubeide_1.0.0/stm32cubeide/plugins/com.st.stm32cube.ide.mcu.externaltools.gnu-tools-for-stm32.7-2018-q2-update.win32_1.0.0.201904181610/tools/bin/../lib/gcc/arm-none-eabi/7.3.1/../../../../arm-none-eabi/lib/thumb/v7e-m/fpv4-sp/hard\libc_nano.a(lib_a-memcpy-stub.o)
                              Core/Src/freertos.o (memcpy)
c:/st/stm32cubeide_1.0.0/stm32cubeide/plugins/com.st.stm32cube.ide.mcu.externaltools.gnu-tools-for-stm32.7-2018-q2-update.win32_1.0.0.201904181610/tools/bin/../lib/gcc/arm-none-eabi/7.3.1/../../../../arm-none-eabi/lib/thumb/v7e-m/fpv4-sp/hard\libc_nano.a(lib_a-memmove.o)
                              Core/Src/communicate_payload.o (memmove)
c:/st/stm32cubeide_1.0.0/stm32cubeide/plugins/com.st.stm32cube.ide.mcu.externaltools.gnu-tools-for-stm32.7-2018-q2-update.win32_1.0.0.201904181610/tools/bin/../lib/gcc/arm-none-eabi/7.3.1/../../../../arm-none-eabi/lib/thumb/v7e-m/fpv4-sp/hard\libc_nano.a(lib_a-memset.o)
                              c:/st/stm32cubeide_1.0.0/stm32cubeide/plugins/com.st.stm32cube.ide.mcu.externaltools.gnu-tools-for-stm32.7-2018-q2-update.win32_1.0.0.201904181610/tools/bin/../lib/gcc/arm-none-eabi/7.3.1/../../../../arm-none-eabi/lib/thumb/v7e-m/fpv4-sp/hard/crt0.o (memset)
c:/st/stm32cubeide_1.0.0/stm32cubeide/plugins/com.st.stm32cube.ide.mcu.externaltools.gnu-tools-for-stm32.7-2018-q2-update.win32_1.0.0.201904181610/tools/bin/../lib/gcc/arm-none-eabi/7.3.1/../../../../arm-none-eabi/lib/thumb/v7e-m/fpv4-sp/hard\libc_nano.a(lib_a-nano-freer.o)
                              c:/st/stm32cubeide_1.0.0/stm32cubeide/plugins/com.st.stm32cube.ide.mcu.externaltools.gnu-tools-for-stm32.7-2018-q2-update.win32_1.0.0.201904181610/tools/bin/../lib/gcc/arm-none-eabi/7.3.1/../../../../arm-none-eabi/lib/thumb/v7e-m/fpv4-sp/hard\libc_nano.a(lib_a-malloc.o) (_free_r)
c:/st/stm32cubeide_1.0.0/stm32cubeide/plugins/com.st.stm32cube.ide.mcu.externaltools.gnu-tools-for-stm32.7-2018-q2-update.win32_1.0.0.201904181610/tools/bin/../lib/gcc/arm-none-eabi/7.3.1/../../../../arm-none-eabi/lib/thumb/v7e-m/fpv4-sp/hard\libc_nano.a(lib_a-nano-mallocr.o)
                              c:/st/stm32cubeide_1.0.0/stm32cubeide/plugins/com.st.stm32cube.ide.mcu.externaltools.gnu-tools-for-stm32.7-2018-q2-update.win32_1.0.0.201904181610/tools/bin/../lib/gcc/arm-none-eabi/7.3.1/../../../../arm-none-eabi/lib/thumb/v7e-m/fpv4-sp/hard\libc_nano.a(lib_a-malloc.o) (_malloc_r)
[...]
Memory Configuration

Name             Origin             Length             Attributes
CCMRAM           0x0000000010000000 0x0000000000010000 xrw
RAM              0x0000000020000000 0x0000000000020000 xrw
FLASH            0x0000000008000000 0x0000000000100000 xr
*default*        0x0000000000000000 0xffffffffffffffff

Linker script and memory map

LOAD c:/st/stm32cubeide_1.0.0/stm32cubeide/plugins/com.st.stm32cube.ide.mcu.externaltools.gnu-tools-for-stm32.7-2018-q2-update.win32_1.0.0.201904181610/tools/bin/../lib/gcc/arm-none-eabi/7.3.1/thumb/v7e-m/fpv4-sp/hard/crti.o
LOAD c:/st/stm32cubeide_1.0.0/stm32cubeide/plugins/com.st.stm32cube.ide.mcu.externaltools.gnu-tools-for-stm32.7-2018-q2-update.win32_1.0.0.201904181610/tools/bin/../lib/gcc/arm-none-eabi/7.3.1/thumb/v7e-m/fpv4-sp/hard/crtbegin.o
LOAD c:/st/stm32cubeide_1.0.0/stm32cubeide/plugins/com.st.stm32cube.ide.mcu.externaltools.gnu-tools-for-stm32.7-2018-q2-update.win32_1.0.0.201904181610/tools/bin/../lib/gcc/arm-none-eabi/7.3.1/../../../../arm-none-eabi/lib/thumb/v7e-m/fpv4-sp/hard/crt0.o
LOAD Core/Src/command_respond.o
LOAD Core/Src/common_def.o
LOAD Core/Src/communicate_payload.o
LOAD Core/Src/dma.o
LOAD Core/Src/freertos.o
LOAD Core/Src/gpio.o
LOAD Core/Src/kinematic.o
LOAD Core/Src/main.o
LOAD Core/Src/ringbuffer.o
LOAD Core/Src/robot_scara.o
LOAD Core/Src/stm32f4xx_hal_msp.o
LOAD Core/Src/stm32f4xx_hal_timebase_tim.o
LOAD Core/Src/stm32f4xx_it.o
LOAD Core/Src/sys.o
LOAD Core/Src/syscalls.o
LOAD Core/Src/sysmem.o
LOAD Core/Src/system_stm32f4xx.o
LOAD Core/Src/usart.o
LOAD Core/Startup/startup_stm32f407vgtx.o
LOAD Drivers/STM32F4xx_HAL_Driver/Src/stm32f4xx_hal.o
LOAD Drivers/STM32F4xx_HAL_Driver/Src/stm32f4xx_hal_cortex.o
LOAD Drivers/STM32F4xx_HAL_Driver/Src/stm32f4xx_hal_dma.o
LOAD Drivers/STM32F4xx_HAL_Driver/Src/stm32f4xx_hal_dma_ex.o
LOAD Drivers/STM32F4xx_HAL_Driver/Src/stm32f4xx_hal_exti.o
LOAD Drivers/STM32F4xx_HAL_Driver/Src/stm32f4xx_hal_flash.o
LOAD Drivers/STM32F4xx_HAL_Driver/Src/stm32f4xx_hal_flash_ex.o
LOAD Drivers/STM32F4xx_HAL_Driver/Src/stm32f4xx_hal_flash_ramfunc.o
LOAD Drivers/STM32F4xx_HAL_Driver/Src/stm32f4xx_hal_gpio.o
LOAD Drivers/STM32F4xx_HAL_Driver/Src/stm32f4xx_hal_pcd.o
LOAD Drivers/STM32F4xx_HAL_Driver/Src/stm32f4xx_hal_pcd_ex.o
LOAD Drivers/STM32F4xx_HAL_Driver/Src/stm32f4xx_hal_pwr.o
LOAD Drivers/STM32F4xx_HAL_Driver/Src/stm32f4xx_hal_pwr_ex.o
LOAD Drivers/STM32F4xx_HAL_Driver/Src/stm32f4xx_hal_rcc.o
LOAD Drivers/STM32F4xx_HAL_Driver/Src/stm32f4xx_hal_rcc_ex.o
LOAD Drivers/STM32F4xx_HAL_Driver/Src/stm32f4xx_hal_tim.o
LOAD Drivers/STM32F4xx_HAL_Driver/Src/stm32f4xx_hal_tim_ex.o
LOAD Drivers/STM32F4xx_HAL_Driver/Src/stm32f4xx_hal_uart.o
LOAD Drivers/STM32F4xx_HAL_Driver/Src/stm32f4xx_ll_usb.o
LOAD Middlewares/ST/STM32_USB_Device_Library/Class/CDC/Src/usbd_cdc.o
LOAD Middlewares/ST/STM32_USB_Device_Library/Core/Src/usbd_core.o
LOAD Middlewares/ST/STM32_USB_Device_Library/Core/Src/usbd_ctlreq.o
LOAD Middlewares/ST/STM32_USB_Device_Library/Core/Src/usbd_ioreq.o
LOAD Middlewares/Third_Party/FreeRTOS/Source/CMSIS_RTOS/cmsis_os.o
LOAD Middlewares/Third_Party/FreeRTOS/Source/croutine.o
LOAD Middlewares/Third_Party/FreeRTOS/Source/event_groups.o
LOAD Middlewares/Third_Party/FreeRTOS/Source/list.o
LOAD Middlewares/Third_Party/FreeRTOS/Source/queue.o
LOAD Middlewares/Third_Party/FreeRTOS/Source/stream_buffer.o
LOAD Middlewares/Third_Party/FreeRTOS/Source/tasks.o
LOAD Middlewares/Third_Party/FreeRTOS/Source/timers.o
LOAD Middlewares/Third_Party/FreeRTOS/Source/portable/GCC/ARM_CM4F/port.o
LOAD Middlewares/Third_Party/FreeRTOS/Source/portable/MemMang/heap_4.o
LOAD USB_DEVICE/App/usb_device.o
LOAD USB_DEVICE/App/usbd_cdc_if.o
LOAD USB_DEVICE/App/usbd_desc.o
LOAD USB_DEVICE/Target/usbd_conf.o
START GROUP
LOAD c:/st/stm32cubeide_1.0.0/stm32cubeide/plugins/com.st.stm32cube.ide.mcu.externaltools.gnu-tools-for-stm32.7-2018-q2-update.win32_1.0.0.201904181610/tools/bin/../lib/gcc/arm-none-eabi/7.3.1/../../../../arm-none-eabi/lib/thumb/v7e-m/fpv4-sp/hard\libc_nano.a
LOAD c:/st/stm32cubeide_1.0.0/stm32cubeide/plugins/com.st.stm32cube.ide.mcu.externaltools.gnu-tools-for-stm32.7-2018-q2-update.win32_1.0.0.201904181610/tools/bin/../lib/gcc/arm-none-eabi/7.3.1/../../../../arm-none-eabi/lib/thumb/v7e-m/fpv4-sp/hard\libm.a
END GROUP
START GROUP
LOAD c:/st/stm32cubeide_1.0.0/stm32cubeide/plugins/com.st.stm32cube.ide.mcu.externaltools.gnu-tools-for-stm32.7-2018-q2-update.win32_1.0.0.201904181610/tools/bin/../lib/gcc/arm-none-eabi/7.3.1/thumb/v7e-m/fpv4-sp/hard\libgcc.a
LOAD c:/st/stm32cubeide_1.0.0/stm32cubeide/plugins/com.st.stm32cube.ide.mcu.externaltools.gnu-tools-for-stm32.7-2018-q2-update.win32_1.0.0.201904181610/tools/bin/../lib/gcc/arm-none-eabi/7.3.1/../../../../arm-none-eabi/lib/thumb/v7e-m/fpv4-sp/hard\libc_nano.a
END GROUP
START GROUP
LOAD c:/st/stm32cubeide_1.0.0/stm32cubeide/plugins/com.st.stm32cube.ide.mcu.externaltools.gnu-tools-for-stm32.7-2018-q2-update.win32_1.0.0.201904181610/tools/bin/../lib/gcc/arm-none-eabi/7.3.1/thumb/v7e-m/fpv4-sp/hard\libgcc.a
LOAD c:/st/stm32cubeide_1.0.0/stm32cubeide/plugins/com.st.stm32cube.ide.mcu.externaltools.gnu-tools-for-stm32.7-2018-q2-update.win32_1.0.0.201904181610/tools/bin/../lib/gcc/arm-none-eabi/7.3.1/../../../../arm-none-eabi/lib/thumb/v7e-m/fpv4-sp/hard\libc_nano.a
LOAD c:/st/stm32cubeide_1.0.0/stm32cubeide/plugins/com.st.stm32cube.ide.mcu.externaltools.gnu-tools-for-stm32.7-2018-q2-update.win32_1.0.0.201904181610/tools/bin/../lib/gcc/arm-none-eabi/7.3.1/../../../../arm-none-eabi/lib/thumb/v7e-m/fpv4-sp/hard\libnosys.a
END GROUP
START GROUP
LOAD c:/st/stm32cubeide_1.0.0/stm32cubeide/plugins/com.st.stm32cube.ide.mcu.externaltools.gnu-tools-for-stm32.7-2018-q2-update.win32_1.0.0.201904181610/tools/bin/../lib/gcc/arm-none-eabi/7.3.1/thumb/v7e-m/fpv4-sp/hard\libgcc.a
LOAD c:/st/stm32cubeide_1.0.0/stm32cubeide/plugins/com.st.stm32cube.ide.mcu.externaltools.gnu-tools-for-stm32.7-2018-q2-update.win32_1.0.0.201904181610/tools/bin/../lib/gcc/arm-none-eabi/7.3.1/../../../../arm-none-eabi/lib/thumb/v7e-m/fpv4-sp/hard\libc_nano.a
LOAD c:/st/stm32cubeide_1.0.0/stm32cubeide/plugins/com.st.stm32cube.ide.mcu.externaltools.gnu-tools-for-stm32.7-2018-q2-update.win32_1.0.0.201904181610/tools/bin/../lib/gcc/arm-none-eabi/7.3.1/../../../../arm-none-eabi/lib/thumb/v7e-m/fpv4-sp/hard\libnosys.a
END GROUP
LOAD c:/st/stm32cubeide_1.0.0/stm32cubeide/plugins/com.st.stm32cube.ide.mcu.externaltools.gnu-tools-for-stm32.7-2018-q2-update.win32_1.0.0.201904181610/tools/bin/../lib/gcc/arm-none-eabi/7.3.1/thumb/v7e-m/fpv4-sp/hard/crtend.o
LOAD c:/st/stm32cubeide_1.0.0/stm32cubeide/plugins/com.st.stm32cube.ide.mcu.externaltools.gnu-tools-for-stm32.7-2018-q2-update.win32_1.0.0.201904181610/tools/bin/../lib/gcc/arm-none-eabi/7.3.1/thumb/v7e-m/fpv4-sp/hard/crtn.o
                0x0000000020020000                _estack = (ORIGIN (RAM) + LENGTH (RAM))
                0x0000000000000200                _Min_Heap_Size = 0x200
                0x0000000000000400                _Min_Stack_Size = 0x400

.isr_vector     0x0000000008000000      0x188
                0x0000000008000000                . = ALIGN (0x4)
 *(.isr_vector)
 .isr_vector    0x0000000008000000      0x188 Core/Startup/startup_stm32f407vgtx.o
                0x0000000008000000                g_pfnVectors
                0x0000000008000188                . = ALIGN (0x4)

.text           0x0000000008000190    0x15894
                0x0000000008000190                . = ALIGN (0x4)
 *(.text)
 .text          0x0000000008000190       0x40 c:/st/stm32cubeide_1.0.0/stm32cubeide/plugins/com.st.stm32cube.ide.mcu.externaltools.gnu-tools-for-stm32.7-2018-q2-update.win32_1.0.0.201904181610/tools/bin/../lib/gcc/arm-none-eabi/7.3.1/thumb/v7e-m/fpv4-sp/hard/crtbegin.o
 .text          0x00000000080001d0       0x14 c:/st/stm32cubeide_1.0.0/stm32cubeide/plugins/com.st.stm32cube.ide.mcu.externaltools.gnu-tools-for-stm32.7-2018-q2-update.win32_1.0.0.201904181610/tools/bin/../lib/gcc/arm-none-eabi/7.3.1/../../../../arm-none-eabi/lib/thumb/v7e-m/fpv4-sp/hard\libc_nano.a(lib_a-strcmp.o)
                0x00000000080001d0                strcmp
 .text          0x00000000080001e4       0x10 c:/st/stm32cubeide_1.0.0/stm32cubeide/plugins/com.st.stm32cube.ide.mcu.externaltools.gnu-tools-for-stm32.7-2018-q2-update.win32_1.0.0.201904181610/tools/bin/../lib/gcc/arm-none-eabi/7.3.1/../../../../arm-none-eabi/lib/thumb/v7e-m/fpv4-sp/hard\libc_nano.a(lib_a-strlen.o)
                0x00000000080001e4                strlen
 *fill*         0x00000000080001f4        0xc 
 .text          0x0000000008000200       0xa0 c:/st/stm32cubeide_1.0.0/stm32cubeide/plugins/com.st.stm32cube.ide.mcu.externaltools.gnu-tools-for-stm32.7-2018-q2-update.win32_1.0.0.201904181610/tools/bin/../lib/gcc/arm-none-eabi/7.3.1/../../../../arm-none-eabi/lib/thumb/v7e-m/fpv4-sp/hard\libc_nano.a(lib_a-memchr.o)
                0x0000000008000200                memchr
 .text          0x00000000080002a0      0x378 c:/st/stm32cubeide_1.0.0/stm32cubeide/plugins/com.st.stm32cube.ide.mcu.externaltools.gnu-tools-for-stm32.7-2018-q2-update.win32_1.0.0.201904181610/tools/bin/../lib/gcc/arm-none-eabi/7.3.1/thumb/v7e-m/fpv4-sp/hard\libgcc.a(_arm_addsubdf3.o)
                0x00000000080002a0                __aeabi_drsub
                0x00000000080002a8                __aeabi_dsub
                0x00000000080002a8                __subdf3
                0x00000000080002ac                __aeabi_dadd
                0x00000000080002ac                __adddf3
                0x0000000008000524                __floatunsidf
                0x0000000008000524                __aeabi_ui2d
                0x0000000008000544                __floatsidf
                0x0000000008000544                __aeabi_i2d
                0x0000000008000568                __aeabi_f2d
                0x0000000008000568                __extendsfdf2
                0x00000000080005ac                __floatundidf
                0x00000000080005ac                __aeabi_ul2d
                0x00000000080005bc                __floatdidf
                0x00000000080005bc                __aeabi_l2d
 .text          0x0000000008000618      0x424 c:/st/stm32cubeide_1.0.0/stm32cubeide/plugins/com.st.stm32cube.ide.mcu.externaltools.gnu-tools-for-stm32.7-2018-q2-update.win32_1.0.0.201904181610/tools/bin/../lib/gcc/arm-none-eabi/7.3.1/thumb/v7e-m/fpv4-sp/hard\libgcc.a(_arm_muldivdf3.o)
                0x0000000008000618                __aeabi_dmul
                0x0000000008000618                __muldf3
                0x000000000800086c                __divdf3
                0x000000000800086c                __aeabi_ddiv
 .text          0x0000000008000a3c      0x110 c:/st/stm32cubeide_1.0.0/stm32cubeide/plugins/com.st.stm32cube.ide.mcu.externaltools.gnu-tools-for-stm32.7-2018-q2-update.win32_1.0.0.201904181610/tools/bin/../lib/gcc/arm-none-eabi/7.3.1/thumb/v7e-m/fpv4-sp/hard\libgcc.a(_arm_cmpdf2.o)
                0x0000000008000a3c                __gtdf2
                0x0000000008000a3c                __gedf2
                0x0000000008000a44                __ltdf2
                0x0000000008000a44                __ledf2
                0x0000000008000a4c                __nedf2
                0x0000000008000a4c                __eqdf2
                0x0000000008000a4c                __cmpdf2
                0x0000000008000ac8                __aeabi_cdrcmple
                0x0000000008000ad8                __aeabi_cdcmpeq
                0x0000000008000ad8                __aeabi_cdcmple
                0x0000000008000ae8                __aeabi_dcmpeq
                0x0000000008000afc                __aeabi_dcmplt
                0x0000000008000b10                __aeabi_dcmple
                0x0000000008000b24                __aeabi_dcmpge
                0x0000000008000b38                __aeabi_dcmpgt
 .text          0x0000000008000b4c       0x2c c:/st/stm32cubeide_1.0.0/stm32cubeide/plugins/com.st.stm32cube.ide.mcu.externaltools.gnu-tools-for-stm32.7-2018-q2-update.win32_1.0.0.201904181610/tools/bin/../lib/gcc/arm-none-eabi/7.3.1/thumb/v7e-m/fpv4-sp/hard\libgcc.a(_arm_unorddf2.o)
                0x0000000008000b4c                __unorddf2
                0x0000000008000b4c                __aeabi_dcmpun
 .text          0x0000000008000b78       0x50 c:/st/stm32cubeide_1.0.0/stm32cubeide/plugins/com.st.stm32cube.ide.mcu.externaltools.gnu-tools-for-stm32.7-2018-q2-update.win32_1.0.0.201904181610/tools/bin/../lib/gcc/arm-none-eabi/7.3.1/thumb/v7e-m/fpv4-sp/hard\libgcc.a(_arm_fixdfsi.o)
                0x0000000008000b78                __aeabi_d2iz
                0x0000000008000b78                __fixdfsi
 .text          0x0000000008000bc8       0x40 c:/st/stm32cubeide_1.0.0/stm32cubeide/plugins/com.st.stm32cube.ide.mcu.externaltools.gnu-tools-for-stm32.7-2018-q2-update.win32_1.0.0.201904181610/tools/bin/../lib/gcc/arm-none-eabi/7.3.1/thumb/v7e-m/fpv4-sp/hard\libgcc.a(_arm_fixunsdfsi.o)
                0x0000000008000bc8                __aeabi_d2uiz
                0x0000000008000bc8                __fixunsdfsi
 .text          0x0000000008000c08       0xa0 c:/st/stm32cubeide_1.0.0/stm32cubeide/plugins/com.st.stm32cube.ide.mcu.externaltools.gnu-tools-for-stm32.7-2018-q2-update.win32_1.0.0.201904181610/tools/bin/../lib/gcc/arm-none-eabi/7.3.1/thumb/v7e-m/fpv4-sp/hard\libgcc.a(_arm_truncdfsf2.o)
                0x0000000008000c08                __truncdfsf2
                0x0000000008000c08                __aeabi_d2f
 .text          0x0000000008000ca8       0x30 c:/st/stm32cubeide_1.0.0/stm32cubeide/plugins/com.st.stm32cube.ide.mcu.externaltools.gnu-tools-for-stm32.7-2018-q2-update.win32_1.0.0.201904181610/tools/bin/../lib/gcc/arm-none-eabi/7.3.1/thumb/v7e-m/fpv4-sp/hard\libgcc.a(_aeabi_uldivmod.o)
                0x0000000008000ca8                __aeabi_uldivmod
 .text          0x0000000008000cd8      0x2cc c:/st/stm32cubeide_1.0.0/stm32cubeide/plugins/com.st.stm32cube.ide.mcu.externaltools.gnu-tools-for-stm32.7-2018-q2-update.win32_1.0.0.201904181610/tools/bin/../lib/gcc/arm-none-eabi/7.3.1/thumb/v7e-m/fpv4-sp/hard\libgcc.a(_udivmoddi4.o)
                0x0000000008000cd8                __udivmoddi4
 .text          0x0000000008000fa4        0x4 c:/st/stm32cubeide_1.0.0/stm32cubeide/plugins/com.st.stm32cube.ide.mcu.externaltools.gnu-tools-for-stm32.7-2018-q2-update.win32_1.0.0.201904181610/tools/bin/../lib/gcc/arm-none-eabi/7.3.1/thumb/v7e-m/fpv4-sp/hard\libgcc.a(_dvmd_tls.o)
                0x0000000008000fa4                __aeabi_idiv0
                0x0000000008000fa4                __aeabi_ldiv0
 *(.text*)
 .text.commandRead
                0x0000000008000fa8      0x4c0 Core/Src/command_respond.o
                0x0000000008000fa8                commandRead
 .text.commandReply
                0x0000000008001468      0x258 Core/Src/command_respond.o
                0x0000000008001468                commandReply
 .text.commandRespond
                0x00000000080016c0       0xa0 Core/Src/command_respond.o
                0x00000000080016c0                commandRespond
 .text.LOG_REPORT
                0x0000000008001760       0x8c Core/Src/common_def.o
                0x0000000008001760                LOG_REPORT
 .text.float2string
                0x00000000080017ec      0x458 Core/Src/common_def.o
                0x00000000080017ec                float2string
 .text.packPayload
                0x0000000008001c44       0xd4 Core/Src/communicate_payload.o
                0x0000000008001c44                packPayload
 .text.unPackPayload
                0x0000000008001d18       0xec Core/Src/communicate_payload.o
                0x0000000008001d18                unPackPayload
 .text.MX_DMA_Init
                0x0000000008001e04       0x40 Core/Src/dma.o
                0x0000000008001e04                MX_DMA_Init
 .text.vApplicationGetIdleTaskMemory
                0x0000000008001e44       0x34 Core/Src/freertos.o
                0x0000000008001e44                vApplicationGetIdleTaskMemory
 .text.MX_FREERTOS_Init
                0x0000000008001e78       0xa8 Core/Src/freertos.o
                0x0000000008001e78                MX_FREERTOS_Init
 .text.StartDefaultTask
                0x0000000008001f20      0x5e4 Core/Src/freertos.o
                0x0000000008001f20                StartDefaultTask
 .text.Start_USB_RX_Task
                0x0000000008002504      0x24c Core/Src/freertos.o
                0x0000000008002504                Start_USB_RX_Task
 .text.MX_GPIO_Init
                0x0000000008002750       0x50 Core/Src/gpio.o
                0x0000000008002750                MX_GPIO_Init
 .text.kinematicForward
                0x00000000080027a0      0x16c Core/Src/kinematic.o
                0x00000000080027a0                kinematicForward
 .text.kinematicInverse
                0x000000000800290c      0x28c Core/Src/kinematic.o
                0x000000000800290c                kinematicInverse
 .text.main     0x0000000008002b98       0x22 Core/Src/main.o
                0x0000000008002b98                main
 *fill*         0x0000000008002bba        0x2 
 .text.SystemClock_Config
                0x0000000008002bbc       0xd4 Core/Src/main.o
                0x0000000008002bbc                SystemClock_Config
 .text.HAL_TIM_PeriodElapsedCallback
                0x0000000008002c90       0x24 Core/Src/main.o
                0x0000000008002c90                HAL_TIM_PeriodElapsedCallback
 .text.Error_Handler
                0x0000000008002cb4        0xe Core/Src/main.o
                0x0000000008002cb4                Error_Handler
 .text.ringBuff_PushChar
                0x0000000008002cc2       0x70 Core/Src/ringbuffer.o
                0x0000000008002cc2                ringBuff_PushChar
 .text.ringBuff_PopChar
                0x0000000008002d32       0x70 Core/Src/ringbuffer.o
                0x0000000008002d32                ringBuff_PopChar
 .text.ringBuff_PushArray
                0x0000000008002da2       0x50 Core/Src/ringbuffer.o
                0x0000000008002da2                ringBuff_PushArray
 .text.ringBuff_PopArray
                0x0000000008002df2       0x42 Core/Src/ringbuffer.o
                0x0000000008002df2                ringBuff_PopArray
 .text.ringBuff_DistanceOf
                0x0000000008002e34       0xb6 Core/Src/ringbuffer.o
                0x0000000008002e34                ringBuff_DistanceOf
 *fill*         0x0000000008002eea        0x2 
 .text.scaraInitDuty
                0x0000000008002eec     0x100c Core/Src/robot_scara.o
                0x0000000008002eec                scaraInitDuty
 .text.scaraInitLine
                0x0000000008003ef8      0x10a Core/Src/robot_scara.o
                0x0000000008003ef8                scaraInitLine
 *fill*         0x0000000008004002        0x2 
 .text.scaraInitCircle
                0x0000000008004004      0x20c Core/Src/robot_scara.o
                0x0000000008004004                scaraInitCircle
 .text.scaraInitLSPB
                0x0000000008004210      0x3cc Core/Src/robot_scara.o
                0x0000000008004210                scaraInitLSPB
 *fill*         0x00000000080045dc        0x4 
 .text.scaraInitScurve
                0x00000000080045e0      0x3c0 Core/Src/robot_scara.o
                0x00000000080045e0                scaraInitScurve
 .text.scaraFlowDuty
                0x00000000080049a0      0x424 Core/Src/robot_scara.o
                0x00000000080049a0                scaraFlowDuty
 .text.scaraFlowLine
                0x0000000008004dc4       0x92 Core/Src/robot_scara.o
                0x0000000008004dc4                scaraFlowLine
 *fill*         0x0000000008004e56        0x2 
 .text.scaraFlowCircle
                0x0000000008004e58       0xd0 Core/Src/robot_scara.o
                0x0000000008004e58                scaraFlowCircle
 .text.scaraFlowLSPB
                0x0000000008004f28      0x26c Core/Src/robot_scara.o
                0x0000000008004f28                scaraFlowLSPB
 .text.scaraFLowScurve
                0x0000000008005194      0xc34 Core/Src/robot_scara.o
                0x0000000008005194                scaraFLowScurve
 .text.scaraCheckWorkSpace4
                0x0000000008005dc8       0xdc Core/Src/robot_scara.o
                0x0000000008005dc8                scaraCheckWorkSpace4
 .text.scaraCheckWorkSpace1
                0x0000000008005ea4       0xfc Core/Src/robot_scara.o
                0x0000000008005ea4                scaraCheckWorkSpace1
 .text.scaraSetOutput
                0x0000000008005fa0       0x20 Core/Src/robot_scara.o
                0x0000000008005fa0                scaraSetOutput
 .text.scaraSetDutyState
                0x0000000008005fc0       0x20 Core/Src/robot_scara.o
                0x0000000008005fc0                scaraSetDutyState
 .text.scaraGetPosition
                0x0000000008005fe0       0x20 Core/Src/robot_scara.o
                0x0000000008005fe0                scaraGetPosition
 .text.scaraSetMode
                0x0000000008006000       0x20 Core/Src/robot_scara.o
                0x0000000008006000                scaraSetMode
 .text.scaraGetMode
                0x0000000008006020       0x18 Core/Src/robot_scara.o
                0x0000000008006020                scaraGetMode
 .text.scaraGetDutyState
                0x0000000008006038       0x18 Core/Src/robot_scara.o
                0x0000000008006038                scaraGetDutyState
 .text.scaraIsScanLimit
                0x0000000008006050       0x18 Core/Src/robot_scara.o
                0x0000000008006050                scaraIsScanLimit
 .text.scaraIsFinish
                0x0000000008006068       0x5c Core/Src/robot_scara.o
                0x0000000008006068                scaraIsFinish
 .text.scaraPosition2String
                0x00000000080060c4       0xe8 Core/Src/robot_scara.o
                0x00000000080060c4                scaraPosition2String
 .text.HAL_MspInit
                0x00000000080061ac       0x58 Core/Src/stm32f4xx_hal_msp.o
                0x00000000080061ac                HAL_MspInit
 .text.HAL_InitTick
                0x0000000008006204       0xb4 Core/Src/stm32f4xx_hal_timebase_tim.o
                0x0000000008006204                HAL_InitTick
 .text.NMI_Handler
                0x00000000080062b8        0xe Core/Src/stm32f4xx_it.o
                0x00000000080062b8                NMI_Handler
 *fill*         0x00000000080062c6        0x2 
 .text.HardFault_Handler
                0x00000000080062c8       0x14 Core/Src/stm32f4xx_it.o
                0x00000000080062c8                HardFault_Handler
 .text.MemManage_Handler
                0x00000000080062dc       0x14 Core/Src/stm32f4xx_it.o
                0x00000000080062dc                MemManage_Handler
 .text.BusFault_Handler
                0x00000000080062f0       0x14 Core/Src/stm32f4xx_it.o
                0x00000000080062f0                BusFault_Handler
 .text.UsageFault_Handler
                0x0000000008006304        0x6 Core/Src/stm32f4xx_it.o
                0x0000000008006304                UsageFault_Handler
 .text.DebugMon_Handler
                0x000000000800630a        0xe Core/Src/stm32f4xx_it.o
                0x000000000800630a                DebugMon_Handler
 .text.DMA1_Stream4_IRQHandler
                0x0000000008006318       0x14 Core/Src/stm32f4xx_it.o
                0x0000000008006318                DMA1_Stream4_IRQHandler
 .text.UART4_IRQHandler
                0x000000000800632c       0x14 Core/Src/stm32f4xx_it.o
                0x000000000800632c                UART4_IRQHandler
 .text.TIM6_DAC_IRQHandler
                0x0000000008006340       0x14 Core/Src/stm32f4xx_it.o
                0x0000000008006340                TIM6_DAC_IRQHandler
 .text.OTG_FS_IRQHandler
                0x0000000008006354       0x14 Core/Src/stm32f4xx_it.o
                0x0000000008006354                OTG_FS_IRQHandler
 .text._sbrk    0x0000000008006368       0x58 Core/Src/sysmem.o
                0x0000000008006368                _sbrk
 .text.SystemInit
                0x00000000080063c0       0x2c Core/Src/system_stm32f4xx.o
                0x00000000080063c0                SystemInit
 .text.MX_UART4_Init
                0x00000000080063ec       0x54 Core/Src/usart.o
                0x00000000080063ec                MX_UART4_Init
 .text.HAL_UART_MspInit
                0x0000000008006440      0x104 Core/Src/usart.o
                0x0000000008006440                HAL_UART_MspInit
 .text.HAL_UART_TxCpltCallback
                0x0000000008006544       0x50 Core/Src/usart.o
                0x0000000008006544                HAL_UART_TxCpltCallback
 .text.Reset_Handler
                0x0000000008006594       0x50 Core/Startup/startup_stm32f407vgtx.o
                0x0000000008006594                Reset_Handler
 .text.Default_Handler
                0x00000000080065e4        0x2 Core/Startup/startup_stm32f407vgtx.o
                0x00000000080065e4                RTC_Alarm_IRQHandler
                0x00000000080065e4                HASH_RNG_IRQHandler
                0x00000000080065e4                EXTI2_IRQHandler
                0x00000000080065e4                TIM8_CC_IRQHandler
                0x00000000080065e4                TIM1_CC_IRQHandler
                0x00000000080065e4                DMA2_Stream5_IRQHandler
                0x00000000080065e4                DMA1_Stream5_IRQHandler
                0x00000000080065e4                PVD_IRQHandler
                0x00000000080065e4                SDIO_IRQHandler
                0x00000000080065e4                TAMP_STAMP_IRQHandler
                0x00000000080065e4                CAN2_RX1_IRQHandler
                0x00000000080065e4                EXTI3_IRQHandler
                0x00000000080065e4                TIM8_TRG_COM_TIM14_IRQHandler
                0x00000000080065e4                TIM1_UP_TIM10_IRQHandler
                0x00000000080065e4                TIM8_UP_TIM13_IRQHandler
                0x00000000080065e4                I2C3_ER_IRQHandler
                0x00000000080065e4                EXTI0_IRQHandler
                0x00000000080065e4                I2C2_EV_IRQHandler
                0x00000000080065e4                DMA1_Stream2_IRQHandler
                0x00000000080065e4                CAN1_RX0_IRQHandler
                0x00000000080065e4                FPU_IRQHandler
                0x00000000080065e4                OTG_HS_WKUP_IRQHandler
                0x00000000080065e4                CAN2_SCE_IRQHandler
                0x00000000080065e4                DMA2_Stream2_IRQHandler
                0x00000000080065e4                SPI1_IRQHandler
                0x00000000080065e4                TIM1_BRK_TIM9_IRQHandler
                0x00000000080065e4                DCMI_IRQHandler
                0x00000000080065e4                CAN2_RX0_IRQHandler
                0x00000000080065e4                DMA2_Stream3_IRQHandler
                0x00000000080065e4                USART6_IRQHandler
                0x00000000080065e4                USART3_IRQHandler
                0x00000000080065e4                CAN1_RX1_IRQHandler
                0x00000000080065e4                UART5_IRQHandler
                0x00000000080065e4                DMA2_Stream0_IRQHandler
                0x00000000080065e4                TIM4_IRQHandler
                0x00000000080065e4                I2C1_EV_IRQHandler
                0x00000000080065e4                DMA1_Stream6_IRQHandler
                0x00000000080065e4                DMA1_Stream1_IRQHandler
                0x00000000080065e4                TIM3_IRQHandler
                0x00000000080065e4                RCC_IRQHandler
                0x00000000080065e4                TIM8_BRK_TIM12_IRQHandler
                0x00000000080065e4                Default_Handler
                0x00000000080065e4                EXTI15_10_IRQHandler
                0x00000000080065e4                ADC_IRQHandler
                0x00000000080065e4                DMA1_Stream7_IRQHandler
                0x00000000080065e4                TIM7_IRQHandler
                0x00000000080065e4                CAN2_TX_IRQHandler
                0x00000000080065e4                TIM5_IRQHandler
                0x00000000080065e4                DMA2_Stream7_IRQHandler
                0x00000000080065e4                I2C3_EV_IRQHandler
                0x00000000080065e4                EXTI9_5_IRQHandler
                0x00000000080065e4                RTC_WKUP_IRQHandler
                0x00000000080065e4                ETH_WKUP_IRQHandler
                0x00000000080065e4                SPI2_IRQHandler
                0x00000000080065e4                OTG_HS_EP1_IN_IRQHandler
                0x00000000080065e4                DMA1_Stream0_IRQHandler
                0x00000000080065e4                CAN1_TX_IRQHandler
                0x00000000080065e4                EXTI4_IRQHandler
                0x00000000080065e4                FSMC_IRQHandler
                0x00000000080065e4                ETH_IRQHandler
                0x00000000080065e4                OTG_HS_EP1_OUT_IRQHandler
                0x00000000080065e4                WWDG_IRQHandler
                0x00000000080065e4                TIM2_IRQHandler
                0x00000000080065e4                OTG_FS_WKUP_IRQHandler
                0x00000000080065e4                TIM1_TRG_COM_TIM11_IRQHandler
                0x00000000080065e4                OTG_HS_IRQHandler
                0x00000000080065e4                EXTI1_IRQHandler
                0x00000000080065e4                USART2_IRQHandler
                0x00000000080065e4                I2C2_ER_IRQHandler
                0x00000000080065e4                DMA2_Stream1_IRQHandler
                0x00000000080065e4                CAN1_SCE_IRQHandler
                0x00000000080065e4                FLASH_IRQHandler
                0x00000000080065e4                DMA2_Stream4_IRQHandler
                0x00000000080065e4                USART1_IRQHandler
                0x00000000080065e4                SPI3_IRQHandler
                0x00000000080065e4                I2C1_ER_IRQHandler
                0x00000000080065e4                DMA2_Stream6_IRQHandler
                0x00000000080065e4                DMA1_Stream3_IRQHandler
 *fill*         0x00000000080065e6        0x2 
 .text.HAL_Init
                0x00000000080065e8       0x44 Drivers/STM32F4xx_HAL_Driver/Src/stm32f4xx_hal.o
                0x00000000080065e8                HAL_Init
 .text.HAL_IncTick
                0x000000000800662c       0x28 Drivers/STM32F4xx_HAL_Driver/Src/stm32f4xx_hal.o
                0x000000000800662c                HAL_IncTick
 .text.HAL_GetTick
                0x0000000008006654       0x18 Drivers/STM32F4xx_HAL_Driver/Src/stm32f4xx_hal.o
                0x0000000008006654                HAL_GetTick
 .text.HAL_Delay
                0x000000000800666c       0x44 Drivers/STM32F4xx_HAL_Driver/Src/stm32f4xx_hal.o
                0x000000000800666c                HAL_Delay
 .text.__NVIC_SetPriorityGrouping
                0x00000000080066b0       0x48 Drivers/STM32F4xx_HAL_Driver/Src/stm32f4xx_hal_cortex.o
 .text.__NVIC_GetPriorityGrouping
                0x00000000080066f8       0x1c Drivers/STM32F4xx_HAL_Driver/Src/stm32f4xx_hal_cortex.o
 .text.__NVIC_EnableIRQ
                0x0000000008006714       0x3c Drivers/STM32F4xx_HAL_Driver/Src/stm32f4xx_hal_cortex.o
 .text.__NVIC_SetPriority
                0x0000000008006750       0x54 Drivers/STM32F4xx_HAL_Driver/Src/stm32f4xx_hal_cortex.o
 .text.NVIC_EncodePriority
                0x00000000080067a4       0x66 Drivers/STM32F4xx_HAL_Driver/Src/stm32f4xx_hal_cortex.o
 .text.HAL_NVIC_SetPriorityGrouping
                0x000000000800680a       0x16 Drivers/STM32F4xx_HAL_Driver/Src/stm32f4xx_hal_cortex.o
                0x000000000800680a                HAL_NVIC_SetPriorityGrouping
 .text.HAL_NVIC_SetPriority
                0x0000000008006820       0x38 Drivers/STM32F4xx_HAL_Driver/Src/stm32f4xx_hal_cortex.o
                0x0000000008006820                HAL_NVIC_SetPriority
 .text.HAL_NVIC_EnableIRQ
                0x0000000008006858       0x1c Drivers/STM32F4xx_HAL_Driver/Src/stm32f4xx_hal_cortex.o
                0x0000000008006858                HAL_NVIC_EnableIRQ
 .text.HAL_DMA_Init
                0x0000000008006874      0x15c Drivers/STM32F4xx_HAL_Driver/Src/stm32f4xx_hal_dma.o
                0x0000000008006874                HAL_DMA_Init
 .text.HAL_DMA_Start_IT
                0x00000000080069d0       0xb0 Drivers/STM32F4xx_HAL_Driver/Src/stm32f4xx_hal_dma.o
                0x00000000080069d0                HAL_DMA_Start_IT
 .text.HAL_DMA_Abort_IT
                0x0000000008006a80       0x44 Drivers/STM32F4xx_HAL_Driver/Src/stm32f4xx_hal_dma.o
                0x0000000008006a80                HAL_DMA_Abort_IT
 .text.HAL_DMA_IRQHandler
                0x0000000008006ac4      0x314 Drivers/STM32F4xx_HAL_Driver/Src/stm32f4xx_hal_dma.o
                0x0000000008006ac4                HAL_DMA_IRQHandler
 .text.HAL_DMA_GetState
                0x0000000008006dd8       0x1c Drivers/STM32F4xx_HAL_Driver/Src/stm32f4xx_hal_dma.o
                0x0000000008006dd8                HAL_DMA_GetState
 .text.DMA_SetConfig
                0x0000000008006df4       0x5c Drivers/STM32F4xx_HAL_Driver/Src/stm32f4xx_hal_dma.o
 .text.DMA_CalcBaseAndBitshift
                0x0000000008006e50       0x6c Drivers/STM32F4xx_HAL_Driver/Src/stm32f4xx_hal_dma.o
 .text.DMA_CheckFifoParam
                0x0000000008006ebc       0xf4 Drivers/STM32F4xx_HAL_Driver/Src/stm32f4xx_hal_dma.o
 .text.HAL_GPIO_Init
                0x0000000008006fb0      0x334 Drivers/STM32F4xx_HAL_Driver/Src/stm32f4xx_hal_gpio.o
                0x0000000008006fb0                HAL_GPIO_Init
 .text.HAL_PCD_Init
                0x00000000080072e4      0x23a Drivers/STM32F4xx_HAL_Driver/Src/stm32f4xx_hal_pcd.o
                0x00000000080072e4                HAL_PCD_Init
 .text.HAL_PCD_Start
                0x000000000800751e       0x66 Drivers/STM32F4xx_HAL_Driver/Src/stm32f4xx_hal_pcd.o
                0x000000000800751e                HAL_PCD_Start
 .text.HAL_PCD_IRQHandler
                0x0000000008007584      0x746 Drivers/STM32F4xx_HAL_Driver/Src/stm32f4xx_hal_pcd.o
                0x0000000008007584                HAL_PCD_IRQHandler
 .text.HAL_PCD_SetAddress
                0x0000000008007cca       0x4a Drivers/STM32F4xx_HAL_Driver/Src/stm32f4xx_hal_pcd.o
                0x0000000008007cca                HAL_PCD_SetAddress
 .text.HAL_PCD_EP_Open
                0x0000000008007d14       0xd0 Drivers/STM32F4xx_HAL_Driver/Src/stm32f4xx_hal_pcd.o
                0x0000000008007d14                HAL_PCD_EP_Open
 .text.HAL_PCD_EP_Close
                0x0000000008007de4       0x94 Drivers/STM32F4xx_HAL_Driver/Src/stm32f4xx_hal_pcd.o
                0x0000000008007de4                HAL_PCD_EP_Close
 .text.HAL_PCD_EP_Receive
                0x0000000008007e78       0x96 Drivers/STM32F4xx_HAL_Driver/Src/stm32f4xx_hal_pcd.o
                0x0000000008007e78                HAL_PCD_EP_Receive
 .text.HAL_PCD_EP_GetRxCount
                0x0000000008007f0e       0x30 Drivers/STM32F4xx_HAL_Driver/Src/stm32f4xx_hal_pcd.o
                0x0000000008007f0e                HAL_PCD_EP_GetRxCount
 .text.HAL_PCD_EP_Transmit
                0x0000000008007f3e       0x94 Drivers/STM32F4xx_HAL_Driver/Src/stm32f4xx_hal_pcd.o
                0x0000000008007f3e                HAL_PCD_EP_Transmit
 .text.HAL_PCD_EP_SetStall
                0x0000000008007fd2       0xc8 Drivers/STM32F4xx_HAL_Driver/Src/stm32f4xx_hal_pcd.o
                0x0000000008007fd2                HAL_PCD_EP_SetStall
 .text.HAL_PCD_EP_ClrStall
                0x000000000800809a       0xac Drivers/STM32F4xx_HAL_Driver/Src/stm32f4xx_hal_pcd.o
                0x000000000800809a                HAL_PCD_EP_ClrStall
 .text.PCD_WriteEmptyTxFifo
                0x0000000008008146      0x11a Drivers/STM32F4xx_HAL_Driver/Src/stm32f4xx_hal_pcd.o
 .text.PCD_EP_OutXfrComplete_int
                0x0000000008008260      0x210 Drivers/STM32F4xx_HAL_Driver/Src/stm32f4xx_hal_pcd.o
 .text.PCD_EP_OutSetupPacket_int
                0x0000000008008470       0xc0 Drivers/STM32F4xx_HAL_Driver/Src/stm32f4xx_hal_pcd.o
 .text.HAL_PCDEx_SetTxFiFo
                0x0000000008008530       0x8e Drivers/STM32F4xx_HAL_Driver/Src/stm32f4xx_hal_pcd_ex.o
                0x0000000008008530                HAL_PCDEx_SetTxFiFo
 .text.HAL_PCDEx_SetRxFiFo
                0x00000000080085be       0x22 Drivers/STM32F4xx_HAL_Driver/Src/stm32f4xx_hal_pcd_ex.o
                0x00000000080085be                HAL_PCDEx_SetRxFiFo
 .text.HAL_PCDEx_LPM_Callback
                0x00000000080085e0       0x18 Drivers/STM32F4xx_HAL_Driver/Src/stm32f4xx_hal_pcd_ex.o
                0x00000000080085e0                HAL_PCDEx_LPM_Callback
 .text.HAL_RCC_OscConfig
                0x00000000080085f8      0x4e0 Drivers/STM32F4xx_HAL_Driver/Src/stm32f4xx_hal_rcc.o
                0x00000000080085f8                HAL_RCC_OscConfig
 .text.HAL_RCC_ClockConfig
                0x0000000008008ad8      0x1cc Drivers/STM32F4xx_HAL_Driver/Src/stm32f4xx_hal_rcc.o
                0x0000000008008ad8                HAL_RCC_ClockConfig
 .text.HAL_RCC_GetSysClockFreq
                0x0000000008008ca4      0x1b0 Drivers/STM32F4xx_HAL_Driver/Src/stm32f4xx_hal_rcc.o
                0x0000000008008ca4                HAL_RCC_GetSysClockFreq
 .text.HAL_RCC_GetHCLKFreq
                0x0000000008008e54       0x18 Drivers/STM32F4xx_HAL_Driver/Src/stm32f4xx_hal_rcc.o
                0x0000000008008e54                HAL_RCC_GetHCLKFreq
 .text.HAL_RCC_GetPCLK1Freq
                0x0000000008008e6c       0x28 Drivers/STM32F4xx_HAL_Driver/Src/stm32f4xx_hal_rcc.o
                0x0000000008008e6c                HAL_RCC_GetPCLK1Freq
 .text.HAL_RCC_GetPCLK2Freq
                0x0000000008008e94       0x28 Drivers/STM32F4xx_HAL_Driver/Src/stm32f4xx_hal_rcc.o
                0x0000000008008e94                HAL_RCC_GetPCLK2Freq
 .text.HAL_RCC_GetClockConfig
                0x0000000008008ebc       0x64 Drivers/STM32F4xx_HAL_Driver/Src/stm32f4xx_hal_rcc.o
                0x0000000008008ebc                HAL_RCC_GetClockConfig
 .text.HAL_TIM_Base_Init
                0x0000000008008f20       0x56 Drivers/STM32F4xx_HAL_Driver/Src/stm32f4xx_hal_tim.o
                0x0000000008008f20                HAL_TIM_Base_Init
 .text.HAL_TIM_Base_MspInit
                0x0000000008008f76       0x14 Drivers/STM32F4xx_HAL_Driver/Src/stm32f4xx_hal_tim.o
                0x0000000008008f76                HAL_TIM_Base_MspInit
 .text.HAL_TIM_Base_Start_IT
                0x0000000008008f8a       0x48 Drivers/STM32F4xx_HAL_Driver/Src/stm32f4xx_hal_tim.o
                0x0000000008008f8a                HAL_TIM_Base_Start_IT
 .text.HAL_TIM_IRQHandler
                0x0000000008008fd2      0x210 Drivers/STM32F4xx_HAL_Driver/Src/stm32f4xx_hal_tim.o
                0x0000000008008fd2                HAL_TIM_IRQHandler
 .text.HAL_TIM_OC_DelayElapsedCallback
                0x00000000080091e2       0x14 Drivers/STM32F4xx_HAL_Driver/Src/stm32f4xx_hal_tim.o
                0x00000000080091e2                HAL_TIM_OC_DelayElapsedCallback
 .text.HAL_TIM_IC_CaptureCallback
                0x00000000080091f6       0x14 Drivers/STM32F4xx_HAL_Driver/Src/stm32f4xx_hal_tim.o
                0x00000000080091f6                HAL_TIM_IC_CaptureCallback
 .text.HAL_TIM_PWM_PulseFinishedCallback
                0x000000000800920a       0x14 Drivers/STM32F4xx_HAL_Driver/Src/stm32f4xx_hal_tim.o
                0x000000000800920a                HAL_TIM_PWM_PulseFinishedCallback
 .text.HAL_TIM_TriggerCallback
                0x000000000800921e       0x14 Drivers/STM32F4xx_HAL_Driver/Src/stm32f4xx_hal_tim.o
                0x000000000800921e                HAL_TIM_TriggerCallback
 *fill*         0x0000000008009232        0x2 
 .text.TIM_Base_SetConfig
                0x0000000008009234      0x140 Drivers/STM32F4xx_HAL_Driver/Src/stm32f4xx_hal_tim.o
                0x0000000008009234                TIM_Base_SetConfig
 .text.HAL_TIMEx_CommutCallback
                0x0000000008009374       0x14 Drivers/STM32F4xx_HAL_Driver/Src/stm32f4xx_hal_tim_ex.o
                0x0000000008009374                HAL_TIMEx_CommutCallback
 .text.HAL_TIMEx_BreakCallback
                0x0000000008009388       0x14 Drivers/STM32F4xx_HAL_Driver/Src/stm32f4xx_hal_tim_ex.o
                0x0000000008009388                HAL_TIMEx_BreakCallback
 .text.HAL_UART_Init
                0x000000000800939c       0x9a Drivers/STM32F4xx_HAL_Driver/Src/stm32f4xx_hal_uart.o
                0x000000000800939c                HAL_UART_Init
 *fill*         0x0000000008009436        0x2 
 .text.HAL_UART_Transmit_DMA
                0x0000000008009438       0xd8 Drivers/STM32F4xx_HAL_Driver/Src/stm32f4xx_hal_uart.o
                0x0000000008009438                HAL_UART_Transmit_DMA
 .text.HAL_UART_IRQHandler
                0x0000000008009510      0x200 Drivers/STM32F4xx_HAL_Driver/Src/stm32f4xx_hal_uart.o
                0x0000000008009510                HAL_UART_IRQHandler
 .text.HAL_UART_TxHalfCpltCallback
                0x0000000008009710       0x14 Drivers/STM32F4xx_HAL_Driver/Src/stm32f4xx_hal_uart.o
                0x0000000008009710                HAL_UART_TxHalfCpltCallback
 .text.HAL_UART_RxCpltCallback
                0x0000000008009724       0x14 Drivers/STM32F4xx_HAL_Driver/Src/stm32f4xx_hal_uart.o
                0x0000000008009724                HAL_UART_RxCpltCallback
 .text.HAL_UART_ErrorCallback
                0x0000000008009738       0x14 Drivers/STM32F4xx_HAL_Driver/Src/stm32f4xx_hal_uart.o
                0x0000000008009738                HAL_UART_ErrorCallback
 .text.UART_DMATransmitCplt
                0x000000000800974c       0x52 Drivers/STM32F4xx_HAL_Driver/Src/stm32f4xx_hal_uart.o
 .text.UART_DMATxHalfCplt
                0x000000000800979e       0x1c Drivers/STM32F4xx_HAL_Driver/Src/stm32f4xx_hal_uart.o
 .text.UART_DMAError
                0x00000000080097ba       0x94 Drivers/STM32F4xx_HAL_Driver/Src/stm32f4xx_hal_uart.o
 .text.UART_EndTxTransfer
                0x000000000800984e       0x2c Drivers/STM32F4xx_HAL_Driver/Src/stm32f4xx_hal_uart.o
 .text.UART_EndRxTransfer
                0x000000000800987a       0x3c Drivers/STM32F4xx_HAL_Driver/Src/stm32f4xx_hal_uart.o
 .text.UART_DMAAbortOnError
                0x00000000080098b6       0x28 Drivers/STM32F4xx_HAL_Driver/Src/stm32f4xx_hal_uart.o
 .text.UART_Transmit_IT
                0x00000000080098de       0xac Drivers/STM32F4xx_HAL_Driver/Src/stm32f4xx_hal_uart.o
 .text.UART_EndTransmit_IT
                0x000000000800998a       0x30 Drivers/STM32F4xx_HAL_Driver/Src/stm32f4xx_hal_uart.o
 .text.UART_Receive_IT
                0x00000000080099ba      0x102 Drivers/STM32F4xx_HAL_Driver/Src/stm32f4xx_hal_uart.o
 .text.UART_SetConfig
                0x0000000008009abc      0x6f8 Drivers/STM32F4xx_HAL_Driver/Src/stm32f4xx_hal_uart.o
 .text.USB_CoreInit
                0x000000000800a1b4       0xc2 Drivers/STM32F4xx_HAL_Driver/Src/stm32f4xx_ll_usb.o
                0x000000000800a1b4                USB_CoreInit
 *fill*         0x000000000800a276        0x2 
 .text.USB_SetTurnaroundTime
                0x000000000800a278      0x144 Drivers/STM32F4xx_HAL_Driver/Src/stm32f4xx_ll_usb.o
                0x000000000800a278                USB_SetTurnaroundTime
 .text.USB_EnableGlobalInt
                0x000000000800a3bc       0x22 Drivers/STM32F4xx_HAL_Driver/Src/stm32f4xx_ll_usb.o
                0x000000000800a3bc                USB_EnableGlobalInt
 .text.USB_DisableGlobalInt
                0x000000000800a3de       0x22 Drivers/STM32F4xx_HAL_Driver/Src/stm32f4xx_ll_usb.o
                0x000000000800a3de                USB_DisableGlobalInt
 .text.USB_SetCurrentMode
                0x000000000800a400       0x54 Drivers/STM32F4xx_HAL_Driver/Src/stm32f4xx_ll_usb.o
                0x000000000800a400                USB_SetCurrentMode
 .text.USB_DevInit
                0x000000000800a454      0x2e4 Drivers/STM32F4xx_HAL_Driver/Src/stm32f4xx_ll_usb.o
                0x000000000800a454                USB_DevInit
 .text.USB_FlushTxFifo
                0x000000000800a738       0x4c Drivers/STM32F4xx_HAL_Driver/Src/stm32f4xx_ll_usb.o
                0x000000000800a738                USB_FlushTxFifo
 .text.USB_FlushRxFifo
                0x000000000800a784       0x44 Drivers/STM32F4xx_HAL_Driver/Src/stm32f4xx_ll_usb.o
                0x000000000800a784                USB_FlushRxFifo
 .text.USB_SetDevSpeed
                0x000000000800a7c8       0x32 Drivers/STM32F4xx_HAL_Driver/Src/stm32f4xx_ll_usb.o
                0x000000000800a7c8                USB_SetDevSpeed
 .text.USB_GetDevSpeed
                0x000000000800a7fa       0x4a Drivers/STM32F4xx_HAL_Driver/Src/stm32f4xx_ll_usb.o
                0x000000000800a7fa                USB_GetDevSpeed
 .text.USB_ActivateEndpoint
                0x000000000800a844      0x10e Drivers/STM32F4xx_HAL_Driver/Src/stm32f4xx_ll_usb.o
                0x000000000800a844                USB_ActivateEndpoint
 *fill*         0x000000000800a952        0x2 
 .text.USB_DeactivateEndpoint
                0x000000000800a954      0x108 Drivers/STM32F4xx_HAL_Driver/Src/stm32f4xx_ll_usb.o
                0x000000000800a954                USB_DeactivateEndpoint
 .text.USB_EPStartXfer
                0x000000000800aa5c      0x488 Drivers/STM32F4xx_HAL_Driver/Src/stm32f4xx_ll_usb.o
                0x000000000800aa5c                USB_EPStartXfer
 .text.USB_EP0StartXfer
                0x000000000800aee4      0x2a6 Drivers/STM32F4xx_HAL_Driver/Src/stm32f4xx_ll_usb.o
                0x000000000800aee4                USB_EP0StartXfer
 .text.USB_WritePacket
                0x000000000800b18a       0x6a Drivers/STM32F4xx_HAL_Driver/Src/stm32f4xx_ll_usb.o
                0x000000000800b18a                USB_WritePacket
 .text.USB_ReadPacket
                0x000000000800b1f4       0x52 Drivers/STM32F4xx_HAL_Driver/Src/stm32f4xx_ll_usb.o
                0x000000000800b1f4                USB_ReadPacket
 .text.USB_EPSetStall
                0x000000000800b246       0xdc Drivers/STM32F4xx_HAL_Driver/Src/stm32f4xx_ll_usb.o
                0x000000000800b246                USB_EPSetStall
 .text.USB_EPClearStall
                0x000000000800b322       0xcc Drivers/STM32F4xx_HAL_Driver/Src/stm32f4xx_ll_usb.o
                0x000000000800b322                USB_EPClearStall
 .text.USB_SetDevAddress
                0x000000000800b3ee       0x4c Drivers/STM32F4xx_HAL_Driver/Src/stm32f4xx_ll_usb.o
                0x000000000800b3ee                USB_SetDevAddress
 .text.USB_DevConnect
                0x000000000800b43a       0x30 Drivers/STM32F4xx_HAL_Driver/Src/stm32f4xx_ll_usb.o
                0x000000000800b43a                USB_DevConnect
 .text.USB_DevDisconnect
                0x000000000800b46a       0x30 Drivers/STM32F4xx_HAL_Driver/Src/stm32f4xx_ll_usb.o
                0x000000000800b46a                USB_DevDisconnect
 .text.USB_ReadInterrupts
                0x000000000800b49a       0x26 Drivers/STM32F4xx_HAL_Driver/Src/stm32f4xx_ll_usb.o
                0x000000000800b49a                USB_ReadInterrupts
 .text.USB_ReadDevAllOutEpInterrupt
                0x000000000800b4c0       0x34 Drivers/STM32F4xx_HAL_Driver/Src/stm32f4xx_ll_usb.o
                0x000000000800b4c0                USB_ReadDevAllOutEpInterrupt
 .text.USB_ReadDevAllInEpInterrupt
                0x000000000800b4f4       0x34 Drivers/STM32F4xx_HAL_Driver/Src/stm32f4xx_ll_usb.o
                0x000000000800b4f4                USB_ReadDevAllInEpInterrupt
 .text.USB_ReadDevOutEPInterrupt
                0x000000000800b528       0x3c Drivers/STM32F4xx_HAL_Driver/Src/stm32f4xx_ll_usb.o
                0x000000000800b528                USB_ReadDevOutEPInterrupt
 .text.USB_ReadDevInEPInterrupt
                0x000000000800b564       0x5c Drivers/STM32F4xx_HAL_Driver/Src/stm32f4xx_ll_usb.o
                0x000000000800b564                USB_ReadDevInEPInterrupt
 .text.USB_GetMode
                0x000000000800b5c0       0x1c Drivers/STM32F4xx_HAL_Driver/Src/stm32f4xx_ll_usb.o
                0x000000000800b5c0                USB_GetMode
 .text.USB_ActivateSetup
                0x000000000800b5dc       0x6a Drivers/STM32F4xx_HAL_Driver/Src/stm32f4xx_ll_usb.o
                0x000000000800b5dc                USB_ActivateSetup
 *fill*         0x000000000800b646        0x2 
 .text.USB_EP0_OutStart
                0x000000000800b648       0xbc Drivers/STM32F4xx_HAL_Driver/Src/stm32f4xx_ll_usb.o
                0x000000000800b648                USB_EP0_OutStart
 .text.USB_CoreReset
                0x000000000800b704       0x68 Drivers/STM32F4xx_HAL_Driver/Src/stm32f4xx_ll_usb.o
 .text.USBD_CDC_Init
                0x000000000800b76c       0xf6 Middlewares/ST/STM32_USB_Device_Library/Class/CDC/Src/usbd_cdc.o
 .text.USBD_CDC_DeInit
                0x000000000800b862       0x6e Middlewares/ST/STM32_USB_Device_Library/Class/CDC/Src/usbd_cdc.o
 .text.USBD_CDC_Setup
                0x000000000800b8d0      0x140 Middlewares/ST/STM32_USB_Device_Library/Class/CDC/Src/usbd_cdc.o
 .text.USBD_CDC_DataIn
                0x000000000800ba10       0xa6 Middlewares/ST/STM32_USB_Device_Library/Class/CDC/Src/usbd_cdc.o
 .text.USBD_CDC_DataOut
                0x000000000800bab6       0x56 Middlewares/ST/STM32_USB_Device_Library/Class/CDC/Src/usbd_cdc.o
 .text.USBD_CDC_EP0_RxReady
                0x000000000800bb0c       0x50 Middlewares/ST/STM32_USB_Device_Library/Class/CDC/Src/usbd_cdc.o
 .text.USBD_CDC_GetFSCfgDesc
                0x000000000800bb5c       0x20 Middlewares/ST/STM32_USB_Device_Library/Class/CDC/Src/usbd_cdc.o
 .text.USBD_CDC_GetHSCfgDesc
                0x000000000800bb7c       0x20 Middlewares/ST/STM32_USB_Device_Library/Class/CDC/Src/usbd_cdc.o
 .text.USBD_CDC_GetOtherSpeedCfgDesc
                0x000000000800bb9c       0x20 Middlewares/ST/STM32_USB_Device_Library/Class/CDC/Src/usbd_cdc.o
 .text.USBD_CDC_GetDeviceQualifierDescriptor
                0x000000000800bbbc       0x20 Middlewares/ST/STM32_USB_Device_Library/Class/CDC/Src/usbd_cdc.o
                0x000000000800bbbc                USBD_CDC_GetDeviceQualifierDescriptor
 .text.USBD_CDC_RegisterInterface
                0x000000000800bbdc       0x2e Middlewares/ST/STM32_USB_Device_Library/Class/CDC/Src/usbd_cdc.o
                0x000000000800bbdc                USBD_CDC_RegisterInterface
 .text.USBD_CDC_SetTxBuffer
                0x000000000800bc0a       0x34 Middlewares/ST/STM32_USB_Device_Library/Class/CDC/Src/usbd_cdc.o
                0x000000000800bc0a                USBD_CDC_SetTxBuffer
 .text.USBD_CDC_SetRxBuffer
                0x000000000800bc3e       0x28 Middlewares/ST/STM32_USB_Device_Library/Class/CDC/Src/usbd_cdc.o
                0x000000000800bc3e                USBD_CDC_SetRxBuffer
 .text.USBD_CDC_TransmitPacket
                0x000000000800bc66       0x5e Middlewares/ST/STM32_USB_Device_Library/Class/CDC/Src/usbd_cdc.o
                0x000000000800bc66                USBD_CDC_TransmitPacket
 .text.USBD_CDC_ReceivePacket
                0x000000000800bcc4       0x54 Middlewares/ST/STM32_USB_Device_Library/Class/CDC/Src/usbd_cdc.o
                0x000000000800bcc4                USBD_CDC_ReceivePacket
 .text.USBD_Init
                0x000000000800bd18       0x56 Middlewares/ST/STM32_USB_Device_Library/Core/Src/usbd_core.o
                0x000000000800bd18                USBD_Init
 .text.USBD_RegisterClass
                0x000000000800bd6e       0x34 Middlewares/ST/STM32_USB_Device_Library/Core/Src/usbd_core.o
                0x000000000800bd6e                USBD_RegisterClass
 .text.USBD_Start
                0x000000000800bda2       0x18 Middlewares/ST/STM32_USB_Device_Library/Core/Src/usbd_core.o
                0x000000000800bda2                USBD_Start
 .text.USBD_RunTestMode
                0x000000000800bdba       0x16 Middlewares/ST/STM32_USB_Device_Library/Core/Src/usbd_core.o
                0x000000000800bdba                USBD_RunTestMode
 .text.USBD_SetClassConfig
                0x000000000800bdd0       0x3e Middlewares/ST/STM32_USB_Device_Library/Core/Src/usbd_core.o
                0x000000000800bdd0                USBD_SetClassConfig
 .text.USBD_ClrClassConfig
                0x000000000800be0e       0x26 Middlewares/ST/STM32_USB_Device_Library/Core/Src/usbd_core.o
                0x000000000800be0e                USBD_ClrClassConfig
 .text.USBD_LL_SetupStage
                0x000000000800be34       0x96 Middlewares/ST/STM32_USB_Device_Library/Core/Src/usbd_core.o
                0x000000000800be34                USBD_LL_SetupStage
 .text.USBD_LL_DataOutStage
                0x000000000800beca       0xe2 Middlewares/ST/STM32_USB_Device_Library/Core/Src/usbd_core.o
                0x000000000800beca                USBD_LL_DataOutStage
 .text.USBD_LL_DataInStage
                0x000000000800bfac      0x14a Middlewares/ST/STM32_USB_Device_Library/Core/Src/usbd_core.o
                0x000000000800bfac                USBD_LL_DataInStage
 .text.USBD_LL_Reset
                0x000000000800c0f6       0x82 Middlewares/ST/STM32_USB_Device_Library/Core/Src/usbd_core.o
                0x000000000800c0f6                USBD_LL_Reset
 .text.USBD_LL_SetSpeed
                0x000000000800c178       0x20 Middlewares/ST/STM32_USB_Device_Library/Core/Src/usbd_core.o
                0x000000000800c178                USBD_LL_SetSpeed
 .text.USBD_LL_Suspend
                0x000000000800c198       0x2a Middlewares/ST/STM32_USB_Device_Library/Core/Src/usbd_core.o
                0x000000000800c198                USBD_LL_Suspend
 .text.USBD_LL_Resume
                0x000000000800c1c2       0x22 Middlewares/ST/STM32_USB_Device_Library/Core/Src/usbd_core.o
                0x000000000800c1c2                USBD_LL_Resume
 .text.USBD_LL_SOF
                0x000000000800c1e4       0x34 Middlewares/ST/STM32_USB_Device_Library/Core/Src/usbd_core.o
                0x000000000800c1e4                USBD_LL_SOF
 .text.USBD_LL_IsoINIncomplete
                0x000000000800c218       0x1a Middlewares/ST/STM32_USB_Device_Library/Core/Src/usbd_core.o
                0x000000000800c218                USBD_LL_IsoINIncomplete
 .text.USBD_LL_IsoOUTIncomplete
                0x000000000800c232       0x1a Middlewares/ST/STM32_USB_Device_Library/Core/Src/usbd_core.o
                0x000000000800c232                USBD_LL_IsoOUTIncomplete
 .text.USBD_LL_DevConnected
                0x000000000800c24c       0x16 Middlewares/ST/STM32_USB_Device_Library/Core/Src/usbd_core.o
                0x000000000800c24c                USBD_LL_DevConnected
 .text.USBD_LL_DevDisconnected
                0x000000000800c262       0x2e Middlewares/ST/STM32_USB_Device_Library/Core/Src/usbd_core.o
                0x000000000800c262                USBD_LL_DevDisconnected
 .text.USBD_StdDevReq
                0x000000000800c290       0xd4 Middlewares/ST/STM32_USB_Device_Library/Core/Src/usbd_ctlreq.o
                0x000000000800c290                USBD_StdDevReq
 .text.USBD_StdItfReq
                0x000000000800c364       0x8c Middlewares/ST/STM32_USB_Device_Library/Core/Src/usbd_ctlreq.o
                0x000000000800c364                USBD_StdItfReq
 .text.USBD_StdEPReq
                0x000000000800c3f0      0x2b6 Middlewares/ST/STM32_USB_Device_Library/Core/Src/usbd_ctlreq.o
                0x000000000800c3f0                USBD_StdEPReq
 *fill*         0x000000000800c6a6        0x2 
 .text.USBD_GetDescriptor
                0x000000000800c6a8      0x1f4 Middlewares/ST/STM32_USB_Device_Library/Core/Src/usbd_ctlreq.o
 .text.USBD_SetAddress
                0x000000000800c89c       0x84 Middlewares/ST/STM32_USB_Device_Library/Core/Src/usbd_ctlreq.o
 .text.USBD_SetConfig
                0x000000000800c920      0x11c Middlewares/ST/STM32_USB_Device_Library/Core/Src/usbd_ctlreq.o
 .text.USBD_GetConfig
                0x000000000800ca3c       0x68 Middlewares/ST/STM32_USB_Device_Library/Core/Src/usbd_ctlreq.o
 .text.USBD_GetStatus
                0x000000000800caa4       0x66 Middlewares/ST/STM32_USB_Device_Library/Core/Src/usbd_ctlreq.o
 .text.USBD_SetFeature
                0x000000000800cb0a       0x28 Middlewares/ST/STM32_USB_Device_Library/Core/Src/usbd_ctlreq.o
 .text.USBD_ClrFeature
                0x000000000800cb32       0x42 Middlewares/ST/STM32_USB_Device_Library/Core/Src/usbd_ctlreq.o
 .text.USBD_ParseSetupRequest
                0x000000000800cb74       0x7a Middlewares/ST/STM32_USB_Device_Library/Core/Src/usbd_ctlreq.o
                0x000000000800cb74                USBD_ParseSetupRequest
 .text.USBD_CtlError
                0x000000000800cbee       0x22 Middlewares/ST/STM32_USB_Device_Library/Core/Src/usbd_ctlreq.o
                0x000000000800cbee                USBD_CtlError
 .text.USBD_GetString
                0x000000000800cc10       0x84 Middlewares/ST/STM32_USB_Device_Library/Core/Src/usbd_ctlreq.o
                0x000000000800cc10                USBD_GetString
 .text.USBD_GetLen
                0x000000000800cc94       0x30 Middlewares/ST/STM32_USB_Device_Library/Core/Src/usbd_ctlreq.o
 .text.USBD_CtlSendData
                0x000000000800ccc4       0x38 Middlewares/ST/STM32_USB_Device_Library/Core/Src/usbd_ioreq.o
                0x000000000800ccc4                USBD_CtlSendData
 .text.USBD_CtlContinueSendData
                0x000000000800ccfc       0x24 Middlewares/ST/STM32_USB_Device_Library/Core/Src/usbd_ioreq.o
                0x000000000800ccfc                USBD_CtlContinueSendData
 .text.USBD_CtlPrepareRx
                0x000000000800cd20       0x3c Middlewares/ST/STM32_USB_Device_Library/Core/Src/usbd_ioreq.o
                0x000000000800cd20                USBD_CtlPrepareRx
 .text.USBD_CtlContinueRx
                0x000000000800cd5c       0x24 Middlewares/ST/STM32_USB_Device_Library/Core/Src/usbd_ioreq.o
                0x000000000800cd5c                USBD_CtlContinueRx
 .text.USBD_CtlSendStatus
                0x000000000800cd80       0x26 Middlewares/ST/STM32_USB_Device_Library/Core/Src/usbd_ioreq.o
                0x000000000800cd80                USBD_CtlSendStatus
 .text.USBD_CtlReceiveStatus
                0x000000000800cda6       0x26 Middlewares/ST/STM32_USB_Device_Library/Core/Src/usbd_ioreq.o
                0x000000000800cda6                USBD_CtlReceiveStatus
 .text.makeFreeRtosPriority
                0x000000000800cdcc       0x30 Middlewares/Third_Party/FreeRTOS/Source/CMSIS_RTOS/cmsis_os.o
 .text.inHandlerMode
                0x000000000800cdfc       0x24 Middlewares/Third_Party/FreeRTOS/Source/CMSIS_RTOS/cmsis_os.o
 .text.osKernelStart
                0x000000000800ce20        0xe Middlewares/Third_Party/FreeRTOS/Source/CMSIS_RTOS/cmsis_os.o
                0x000000000800ce20                osKernelStart
 .text.osThreadCreate
                0x000000000800ce2e       0x98 Middlewares/Third_Party/FreeRTOS/Source/CMSIS_RTOS/cmsis_os.o
                0x000000000800ce2e                osThreadCreate
 .text.osDelay  0x000000000800cec6       0x28 Middlewares/Third_Party/FreeRTOS/Source/CMSIS_RTOS/cmsis_os.o
                0x000000000800cec6                osDelay
 .text.osMutexCreate
                0x000000000800ceee       0x30 Middlewares/Third_Party/FreeRTOS/Source/CMSIS_RTOS/cmsis_os.o
                0x000000000800ceee                osMutexCreate
 *fill*         0x000000000800cf1e        0x2 
 .text.osMutexWait
                0x000000000800cf20       0x9c Middlewares/Third_Party/FreeRTOS/Source/CMSIS_RTOS/cmsis_os.o
                0x000000000800cf20                osMutexWait
 .text.osMutexRelease
                0x000000000800cfbc       0x6c Middlewares/Third_Party/FreeRTOS/Source/CMSIS_RTOS/cmsis_os.o
                0x000000000800cfbc                osMutexRelease
 .text.osPoolCreate
                0x000000000800d028       0xba Middlewares/Third_Party/FreeRTOS/Source/CMSIS_RTOS/cmsis_os.o
                0x000000000800d028                osPoolCreate
 .text.osPoolAlloc
                0x000000000800d0e2       0xc4 Middlewares/Third_Party/FreeRTOS/Source/CMSIS_RTOS/cmsis_os.o
                0x000000000800d0e2                osPoolAlloc
 .text.osPoolFree
                0x000000000800d1a6       0x82 Middlewares/Third_Party/FreeRTOS/Source/CMSIS_RTOS/cmsis_os.o
                0x000000000800d1a6                osPoolFree
 .text.osMailCreate
                0x000000000800d228       0xb0 Middlewares/Third_Party/FreeRTOS/Source/CMSIS_RTOS/cmsis_os.o
                0x000000000800d228                osMailCreate
 .text.osMailAlloc
                0x000000000800d2d8       0x2a Middlewares/Third_Party/FreeRTOS/Source/CMSIS_RTOS/cmsis_os.o
                0x000000000800d2d8                osMailAlloc
 *fill*         0x000000000800d302        0x2 
 .text.osMailPut
                0x000000000800d304       0x7c Middlewares/Third_Party/FreeRTOS/Source/CMSIS_RTOS/cmsis_os.o
                0x000000000800d304                osMailPut
 .text.osMailGet
                0x000000000800d380       0xe8 Middlewares/Third_Party/FreeRTOS/Source/CMSIS_RTOS/cmsis_os.o
                0x000000000800d380                osMailGet
 .text.osMailFree
                0x000000000800d468       0x2a Middlewares/Third_Party/FreeRTOS/Source/CMSIS_RTOS/cmsis_os.o
                0x000000000800d468                osMailFree
 .text.vListInitialise
                0x000000000800d492       0x40 Middlewares/Third_Party/FreeRTOS/Source/list.o
                0x000000000800d492                vListInitialise
 .text.vListInitialiseItem
                0x000000000800d4d2       0x1a Middlewares/Third_Party/FreeRTOS/Source/list.o
                0x000000000800d4d2                vListInitialiseItem
 .text.vListInsertEnd
                0x000000000800d4ec       0x48 Middlewares/Third_Party/FreeRTOS/Source/list.o
                0x000000000800d4ec                vListInsertEnd
 .text.vListInsert
                0x000000000800d534       0x72 Middlewares/Third_Party/FreeRTOS/Source/list.o
                0x000000000800d534                vListInsert
 .text.uxListRemove
                0x000000000800d5a6       0x54 Middlewares/Third_Party/FreeRTOS/Source/list.o
                0x000000000800d5a6                uxListRemove
 *fill*         0x000000000800d5fa        0x2 
 .text.xQueueGenericReset
                0x000000000800d5fc       0xd0 Middlewares/Third_Party/FreeRTOS/Source/queue.o
                0x000000000800d5fc                xQueueGenericReset
 .text.xQueueGenericCreateStatic
                0x000000000800d6cc       0xe4 Middlewares/Third_Party/FreeRTOS/Source/queue.o
                0x000000000800d6cc                xQueueGenericCreateStatic
 .text.xQueueGenericCreate
                0x000000000800d7b0       0x7a Middlewares/Third_Party/FreeRTOS/Source/queue.o
                0x000000000800d7b0                xQueueGenericCreate
 .text.prvInitialiseNewQueue
                0x000000000800d82a       0x3e Middlewares/Third_Party/FreeRTOS/Source/queue.o
 .text.prvInitialiseMutex
                0x000000000800d868       0x34 Middlewares/Third_Party/FreeRTOS/Source/queue.o
 .text.xQueueCreateMutex
                0x000000000800d89c       0x30 Middlewares/Third_Party/FreeRTOS/Source/queue.o
                0x000000000800d89c                xQueueCreateMutex
 .text.xQueueCreateMutexStatic
                0x000000000800d8cc       0x36 Middlewares/Third_Party/FreeRTOS/Source/queue.o
                0x000000000800d8cc                xQueueCreateMutexStatic
 *fill*         0x000000000800d902        0x2 
 .text.xQueueGenericSend
                0x000000000800d904      0x1f4 Middlewares/Third_Party/FreeRTOS/Source/queue.o
                0x000000000800d904                xQueueGenericSend
 .text.xQueueGenericSendFromISR
                0x000000000800daf8      0x128 Middlewares/Third_Party/FreeRTOS/Source/queue.o
                0x000000000800daf8                xQueueGenericSendFromISR
 .text.xQueueGiveFromISR
                0x000000000800dc20      0x112 Middlewares/Third_Party/FreeRTOS/Source/queue.o
                0x000000000800dc20                xQueueGiveFromISR
 *fill*         0x000000000800dd32        0x2 
 .text.xQueueReceive
                0x000000000800dd34      0x1b8 Middlewares/Third_Party/FreeRTOS/Source/queue.o
                0x000000000800dd34                xQueueReceive
 .text.xQueueSemaphoreTake
                0x000000000800deec      0x210 Middlewares/Third_Party/FreeRTOS/Source/queue.o
                0x000000000800deec                xQueueSemaphoreTake
 .text.xQueueReceiveFromISR
                0x000000000800e0fc       0xfa Middlewares/Third_Party/FreeRTOS/Source/queue.o
                0x000000000800e0fc                xQueueReceiveFromISR
 .text.prvGetDisinheritPriorityAfterTimeout
                0x000000000800e1f6       0x30 Middlewares/Third_Party/FreeRTOS/Source/queue.o
 .text.prvCopyDataToQueue
                0x000000000800e226       0xd4 Middlewares/Third_Party/FreeRTOS/Source/queue.o
 .text.prvCopyDataFromQueue
                0x000000000800e2fa       0x4c Middlewares/Third_Party/FreeRTOS/Source/queue.o
 .text.prvUnlockQueue
                0x000000000800e346       0xa4 Middlewares/Third_Party/FreeRTOS/Source/queue.o
 .text.prvIsQueueEmpty
                0x000000000800e3ea       0x2c Middlewares/Third_Party/FreeRTOS/Source/queue.o
 .text.prvIsQueueFull
                0x000000000800e416       0x30 Middlewares/Third_Party/FreeRTOS/Source/queue.o
 .text.xTaskCreateStatic
                0x000000000800e446       0xb2 Middlewares/Third_Party/FreeRTOS/Source/tasks.o
                0x000000000800e446                xTaskCreateStatic
 .text.xTaskCreate
                0x000000000800e4f8       0x8a Middlewares/Third_Party/FreeRTOS/Source/tasks.o
                0x000000000800e4f8                xTaskCreate
 .text.prvInitialiseNewTask
                0x000000000800e582       0xfc Middlewares/Third_Party/FreeRTOS/Source/tasks.o
 *fill*         0x000000000800e67e        0x2 
 .text.prvAddNewTaskToReadyList
                0x000000000800e680       0xd4 Middlewares/Third_Party/FreeRTOS/Source/tasks.o
 .text.vTaskDelay
                0x000000000800e754       0x68 Middlewares/Third_Party/FreeRTOS/Source/tasks.o
                0x000000000800e754                vTaskDelay
 .text.vTaskStartScheduler
                0x000000000800e7bc       0xbc Middlewares/Third_Party/FreeRTOS/Source/tasks.o
                0x000000000800e7bc                vTaskStartScheduler
 .text.vTaskSuspendAll
                0x000000000800e878       0x1c Middlewares/Third_Party/FreeRTOS/Source/tasks.o
                0x000000000800e878                vTaskSuspendAll
 .text.xTaskResumeAll
                0x000000000800e894      0x138 Middlewares/Third_Party/FreeRTOS/Source/tasks.o
                0x000000000800e894                xTaskResumeAll
 .text.xTaskIncrementTick
                0x000000000800e9cc      0x178 Middlewares/Third_Party/FreeRTOS/Source/tasks.o
                0x000000000800e9cc                xTaskIncrementTick
 .text.vTaskSwitchContext
                0x000000000800eb44       0xb4 Middlewares/Third_Party/FreeRTOS/Source/tasks.o
                0x000000000800eb44                vTaskSwitchContext
 .text.vTaskPlaceOnEventList
                0x000000000800ebf8       0x48 Middlewares/Third_Party/FreeRTOS/Source/tasks.o
                0x000000000800ebf8                vTaskPlaceOnEventList
 .text.xTaskRemoveFromEventList
                0x000000000800ec40       0xc4 Middlewares/Third_Party/FreeRTOS/Source/tasks.o
                0x000000000800ec40                xTaskRemoveFromEventList
 .text.vTaskInternalSetTimeOutState
                0x000000000800ed04       0x2c Middlewares/Third_Party/FreeRTOS/Source/tasks.o
                0x000000000800ed04                vTaskInternalSetTimeOutState
 .text.xTaskCheckForTimeOut
                0x000000000800ed30       0xc0 Middlewares/Third_Party/FreeRTOS/Source/tasks.o
                0x000000000800ed30                xTaskCheckForTimeOut
 .text.vTaskMissedYield
                0x000000000800edf0       0x18 Middlewares/Third_Party/FreeRTOS/Source/tasks.o
                0x000000000800edf0                vTaskMissedYield
 .text.prvIdleTask
                0x000000000800ee08       0x30 Middlewares/Third_Party/FreeRTOS/Source/tasks.o
 .text.prvInitialiseTaskLists
                0x000000000800ee38       0x80 Middlewares/Third_Party/FreeRTOS/Source/tasks.o
 .text.prvCheckTasksWaitingTermination
                0x000000000800eeb8       0x58 Middlewares/Third_Party/FreeRTOS/Source/tasks.o
 .text.prvDeleteTCB
                0x000000000800ef10       0x5c Middlewares/Third_Party/FreeRTOS/Source/tasks.o
 .text.prvResetNextTaskUnblockTime
                0x000000000800ef6c       0x4c Middlewares/Third_Party/FreeRTOS/Source/tasks.o
 .text.xTaskGetSchedulerState
                0x000000000800efb8       0x3c Middlewares/Third_Party/FreeRTOS/Source/tasks.o
                0x000000000800efb8                xTaskGetSchedulerState
 .text.xTaskPriorityInherit
                0x000000000800eff4      0x10c Middlewares/Third_Party/FreeRTOS/Source/tasks.o
                0x000000000800eff4                xTaskPriorityInherit
 .text.xTaskPriorityDisinherit
                0x000000000800f100      0x108 Middlewares/Third_Party/FreeRTOS/Source/tasks.o
                0x000000000800f100                xTaskPriorityDisinherit
 .text.vTaskPriorityDisinheritAfterTimeout
                0x000000000800f208      0x13c Middlewares/Third_Party/FreeRTOS/Source/tasks.o
                0x000000000800f208                vTaskPriorityDisinheritAfterTimeout
 .text.pvTaskIncrementMutexHeldCount
                0x000000000800f344       0x28 Middlewares/Third_Party/FreeRTOS/Source/tasks.o
                0x000000000800f344                pvTaskIncrementMutexHeldCount
 .text.prvAddCurrentTaskToDelayedList
                0x000000000800f36c       0xcc Middlewares/Third_Party/FreeRTOS/Source/tasks.o
 .text.pxPortInitialiseStack
                0x000000000800f438       0x68 Middlewares/Third_Party/FreeRTOS/Source/portable/GCC/ARM_CM4F/port.o
                0x000000000800f438                pxPortInitialiseStack
 .text.prvTaskExitError
                0x000000000800f4a0       0x54 Middlewares/Third_Party/FreeRTOS/Source/portable/GCC/ARM_CM4F/port.o
 *fill*         0x000000000800f4f4        0xc 
 .text.SVC_Handler
                0x000000000800f500       0x28 Middlewares/Third_Party/FreeRTOS/Source/portable/GCC/ARM_CM4F/port.o
                0x000000000800f500                SVC_Handler
 .text.prvPortStartFirstTask
                0x000000000800f528       0x28 Middlewares/Third_Party/FreeRTOS/Source/portable/GCC/ARM_CM4F/port.o
 .text.xPortStartScheduler
                0x000000000800f550      0x13c Middlewares/Third_Party/FreeRTOS/Source/portable/GCC/ARM_CM4F/port.o
                0x000000000800f550                xPortStartScheduler
 .text.vPortEnterCritical
                0x000000000800f68c       0x5c Middlewares/Third_Party/FreeRTOS/Source/portable/GCC/ARM_CM4F/port.o
                0x000000000800f68c                vPortEnterCritical
 .text.vPortExitCritical
                0x000000000800f6e8       0x50 Middlewares/Third_Party/FreeRTOS/Source/portable/GCC/ARM_CM4F/port.o
                0x000000000800f6e8                vPortExitCritical
 *fill*         0x000000000800f738        0x8 
 .text.PendSV_Handler
                0x000000000800f740       0x68 Middlewares/Third_Party/FreeRTOS/Source/portable/GCC/ARM_CM4F/port.o
                0x000000000800f740                PendSV_Handler
 .text.SysTick_Handler
                0x000000000800f7a8       0x40 Middlewares/Third_Party/FreeRTOS/Source/portable/GCC/ARM_CM4F/port.o
                0x000000000800f7a8                SysTick_Handler
 .text.vPortSetupTimerInterrupt
                0x000000000800f7e8       0x48 Middlewares/Third_Party/FreeRTOS/Source/portable/GCC/ARM_CM4F/port.o
                0x000000000800f7e8                vPortSetupTimerInterrupt
 .text.vPortEnableVFP
                0x000000000800f830       0x14 Middlewares/Third_Party/FreeRTOS/Source/portable/GCC/ARM_CM4F/port.o
 .text.vPortValidateInterruptPriority
                0x000000000800f844       0x7c Middlewares/Third_Party/FreeRTOS/Source/portable/GCC/ARM_CM4F/port.o
                0x000000000800f844                vPortValidateInterruptPriority
 .text.pvPortMalloc
                0x000000000800f8c0      0x184 Middlewares/Third_Party/FreeRTOS/Source/portable/MemMang/heap_4.o
                0x000000000800f8c0                pvPortMalloc
 .text.vPortFree
                0x000000000800fa44       0xb0 Middlewares/Third_Party/FreeRTOS/Source/portable/MemMang/heap_4.o
                0x000000000800fa44                vPortFree
 .text.prvHeapInit
                0x000000000800faf4       0xc4 Middlewares/Third_Party/FreeRTOS/Source/portable/MemMang/heap_4.o
 .text.prvInsertBlockIntoFreeList
                0x000000000800fbb8       0xb4 Middlewares/Third_Party/FreeRTOS/Source/portable/MemMang/heap_4.o
 .text.MX_USB_DEVICE_Init
                0x000000000800fc6c       0x60 USB_DEVICE/App/usb_device.o
                0x000000000800fc6c                MX_USB_DEVICE_Init
 .text.CDC_Init_FS
                0x000000000800fccc       0x28 USB_DEVICE/App/usbd_cdc_if.o
 .text.CDC_DeInit_FS
                0x000000000800fcf4       0x10 USB_DEVICE/App/usbd_cdc_if.o
 .text.CDC_Control_FS
                0x000000000800fd04      0x144 USB_DEVICE/App/usbd_cdc_if.o
 .text.CDC_Receive_FS
                0x000000000800fe48       0x3c USB_DEVICE/App/usbd_cdc_if.o
 .text.CDC_Transmit_FS
                0x000000000800fe84       0x4c USB_DEVICE/App/usbd_cdc_if.o
                0x000000000800fe84                CDC_Transmit_FS
 .text.USBD_FS_DeviceDescriptor
                0x000000000800fed0       0x24 USB_DEVICE/App/usbd_desc.o
                0x000000000800fed0                USBD_FS_DeviceDescriptor
 .text.USBD_FS_LangIDStrDescriptor
                0x000000000800fef4       0x24 USB_DEVICE/App/usbd_desc.o
                0x000000000800fef4                USBD_FS_LangIDStrDescriptor
 .text.USBD_FS_ProductStrDescriptor
                0x000000000800ff18       0x3c USB_DEVICE/App/usbd_desc.o
                0x000000000800ff18                USBD_FS_ProductStrDescriptor
 .text.USBD_FS_ManufacturerStrDescriptor
                0x000000000800ff54       0x28 USB_DEVICE/App/usbd_desc.o
                0x000000000800ff54                USBD_FS_ManufacturerStrDescriptor
 .text.USBD_FS_SerialStrDescriptor
                0x000000000800ff7c       0x24 USB_DEVICE/App/usbd_desc.o
                0x000000000800ff7c                USBD_FS_SerialStrDescriptor
 .text.USBD_FS_ConfigStrDescriptor
                0x000000000800ffa0       0x3c USB_DEVICE/App/usbd_desc.o
                0x000000000800ffa0                USBD_FS_ConfigStrDescriptor
 .text.USBD_FS_InterfaceStrDescriptor
                0x000000000800ffdc       0x3c USB_DEVICE/App/usbd_desc.o
                0x000000000800ffdc                USBD_FS_InterfaceStrDescriptor
 .text.Get_SerialNum
                0x0000000008010018       0x58 USB_DEVICE/App/usbd_desc.o
 .text.IntToUnicode
                0x0000000008010070       0x7c USB_DEVICE/App/usbd_desc.o
 .text.HAL_PCD_MspInit
                0x00000000080100ec       0xa8 USB_DEVICE/Target/usbd_conf.o
                0x00000000080100ec                HAL_PCD_MspInit
 .text.HAL_PCD_SetupStageCallback
                0x0000000008010194       0x24 USB_DEVICE/Target/usbd_conf.o
                0x0000000008010194                HAL_PCD_SetupStageCallback
 .text.HAL_PCD_DataOutStageCallback
                0x00000000080101b8       0x36 USB_DEVICE/Target/usbd_conf.o
                0x00000000080101b8                HAL_PCD_DataOutStageCallback
 .text.HAL_PCD_DataInStageCallback
                0x00000000080101ee       0x34 USB_DEVICE/Target/usbd_conf.o
                0x00000000080101ee                HAL_PCD_DataInStageCallback
 .text.HAL_PCD_SOFCallback
                0x0000000008010222       0x1c USB_DEVICE/Target/usbd_conf.o
                0x0000000008010222                HAL_PCD_SOFCallback
 .text.HAL_PCD_ResetCallback
                0x000000000801023e       0x50 USB_DEVICE/Target/usbd_conf.o
                0x000000000801023e                HAL_PCD_ResetCallback
 *fill*         0x000000000801028e        0x2 
 .text.HAL_PCD_SuspendCallback
                0x0000000008010290       0x4c USB_DEVICE/Target/usbd_conf.o
                0x0000000008010290                HAL_PCD_SuspendCallback
 .text.HAL_PCD_ResumeCallback
                0x00000000080102dc       0x1c USB_DEVICE/Target/usbd_conf.o
                0x00000000080102dc                HAL_PCD_ResumeCallback
 .text.HAL_PCD_ISOOUTIncompleteCallback
                0x00000000080102f8       0x24 USB_DEVICE/Target/usbd_conf.o
                0x00000000080102f8                HAL_PCD_ISOOUTIncompleteCallback
 .text.HAL_PCD_ISOINIncompleteCallback
                0x000000000801031c       0x24 USB_DEVICE/Target/usbd_conf.o
                0x000000000801031c                HAL_PCD_ISOINIncompleteCallback
 .text.HAL_PCD_ConnectCallback
                0x0000000008010340       0x1c USB_DEVICE/Target/usbd_conf.o
                0x0000000008010340                HAL_PCD_ConnectCallback
 .text.HAL_PCD_DisconnectCallback
                0x000000000801035c       0x1c USB_DEVICE/Target/usbd_conf.o
                0x000000000801035c                HAL_PCD_DisconnectCallback
 .text.USBD_LL_Init
                0x0000000008010378       0x98 USB_DEVICE/Target/usbd_conf.o
                0x0000000008010378                USBD_LL_Init
 .text.USBD_LL_Start
                0x0000000008010410       0x36 USB_DEVICE/Target/usbd_conf.o
                0x0000000008010410                USBD_LL_Start
 .text.USBD_LL_OpenEP
                0x0000000008010446       0x4c USB_DEVICE/Target/usbd_conf.o
                0x0000000008010446                USBD_LL_OpenEP
 .text.USBD_LL_CloseEP
                0x0000000008010492       0x3e USB_DEVICE/Target/usbd_conf.o
                0x0000000008010492                USBD_LL_CloseEP
 .text.USBD_LL_StallEP
                0x00000000080104d0       0x3e USB_DEVICE/Target/usbd_conf.o
                0x00000000080104d0                USBD_LL_StallEP
 .text.USBD_LL_ClearStallEP
                0x000000000801050e       0x3e USB_DEVICE/Target/usbd_conf.o
                0x000000000801050e                USBD_LL_ClearStallEP
 .text.USBD_LL_IsStallEP
                0x000000000801054c       0x58 USB_DEVICE/Target/usbd_conf.o
                0x000000000801054c                USBD_LL_IsStallEP
 .text.USBD_LL_SetUSBAddress
                0x00000000080105a4       0x3e USB_DEVICE/Target/usbd_conf.o
                0x00000000080105a4                USBD_LL_SetUSBAddress
 .text.USBD_LL_Transmit
                0x00000000080105e2       0x46 USB_DEVICE/Target/usbd_conf.o
                0x00000000080105e2                USBD_LL_Transmit
 .text.USBD_LL_PrepareReceive
                0x0000000008010628       0x46 USB_DEVICE/Target/usbd_conf.o
                0x0000000008010628                USBD_LL_PrepareReceive
 .text.USBD_LL_GetRxDataSize
                0x000000000801066e       0x26 USB_DEVICE/Target/usbd_conf.o
                0x000000000801066e                USBD_LL_GetRxDataSize
 .text.USBD_Get_USB_Status
                0x0000000008010694       0x58 USB_DEVICE/Target/usbd_conf.o
                0x0000000008010694                USBD_Get_USB_Status
 .text.__errno  0x00000000080106ec        0xc c:/st/stm32cubeide_1.0.0/stm32cubeide/plugins/com.st.stm32cube.ide.mcu.externaltools.gnu-tools-for-stm32.7-2018-q2-update.win32_1.0.0.201904181610/tools/bin/../lib/gcc/arm-none-eabi/7.3.1/../../../../arm-none-eabi/lib/thumb/v7e-m/fpv4-sp/hard\libc_nano.a(lib_a-errno.o)
                0x00000000080106ec                __errno
 .text.__libc_init_array
                0x00000000080106f8       0x48 c:/st/stm32cubeide_1.0.0/stm32cubeide/plugins/com.st.stm32cube.ide.mcu.externaltools.gnu-tools-for-stm32.7-2018-q2-update.win32_1.0.0.201904181610/tools/bin/../lib/gcc/arm-none-eabi/7.3.1/../../../../arm-none-eabi/lib/thumb/v7e-m/fpv4-sp/hard\libc_nano.a(lib_a-init.o)
                0x00000000080106f8                __libc_init_array
 .text.malloc   0x0000000008010740       0x10 c:/st/stm32cubeide_1.0.0/stm32cubeide/plugins/com.st.stm32cube.ide.mcu.externaltools.gnu-tools-for-stm32.7-2018-q2-update.win32_1.0.0.201904181610/tools/bin/../lib/gcc/arm-none-eabi/7.3.1/../../../../arm-none-eabi/lib/thumb/v7e-m/fpv4-sp/hard\libc_nano.a(lib_a-malloc.o)
                0x0000000008010740                malloc
 .text.free     0x0000000008010750       0x10 c:/st/stm32cubeide_1.0.0/stm32cubeide/plugins/com.st.stm32cube.ide.mcu.externaltools.gnu-tools-for-stm32.7-2018-q2-update.win32_1.0.0.201904181610/tools/bin/../lib/gcc/arm-none-eabi/7.3.1/../../../../arm-none-eabi/lib/thumb/v7e-m/fpv4-sp/hard\libc_nano.a(lib_a-malloc.o)
                0x0000000008010750                free
 .text.memcpy   0x0000000008010760       0x16 c:/st/stm32cubeide_1.0.0/stm32cubeide/plugins/com.st.stm32cube.ide.mcu.externaltools.gnu-tools-for-stm32.7-2018-q2-update.win32_1.0.0.201904181610/tools/bin/../lib/gcc/arm-none-eabi/7.3.1/../../../../arm-none-eabi/lib/thumb/v7e-m/fpv4-sp/hard\libc_nano.a(lib_a-memcpy-stub.o)
                0x0000000008010760                memcpy
 .text.memmove  0x0000000008010776       0x32 c:/st/stm32cubeide_1.0.0/stm32cubeide/plugins/com.st.stm32cube.ide.mcu.externaltools.gnu-tools-for-stm32.7-2018-q2-update.win32_1.0.0.201904181610/tools/bin/../lib/gcc/arm-none-eabi/7.3.1/../../../../arm-none-eabi/lib/thumb/v7e-m/fpv4-sp/hard\libc_nano.a(lib_a-memmove.o)
                0x0000000008010776                memmove
 .text.memset   0x00000000080107a8       0x10 c:/st/stm32cubeide_1.0.0/stm32cubeide/plugins/com.st.stm32cube.ide.mcu.externaltools.gnu-tools-for-stm32.7-2018-q2-update.win32_1.0.0.201904181610/tools/bin/../lib/gcc/arm-none-eabi/7.3.1/../../../../arm-none-eabi/lib/thumb/v7e-m/fpv4-sp/hard\libc_nano.a(lib_a-memset.o)
                0x00000000080107a8                memset
 .text._free_r  0x00000000080107b8       0x9c c:/st/stm32cubeide_1.0.0/stm32cubeide/plugins/com.st.stm32cube.ide.mcu.externaltools.gnu-tools-for-stm32.7-2018-q2-update.win32_1.0.0.201904181610/tools/bin/../lib/gcc/arm-none-eabi/7.3.1/../../../../arm-none-eabi/lib/thumb/v7e-m/fpv4-sp/hard\libc_nano.a(lib_a-nano-freer.o)
                0x00000000080107b8                _free_r
 .text._malloc_r
                0x0000000008010854       0xb4 c:/st/stm32cubeide_1.0.0/stm32cubeide/plugins/com.st.stm32cube.ide.mcu.externaltools.gnu-tools-for-stm32.7-2018-q2-update.win32_1.0.0.201904181610/tools/bin/../lib/gcc/arm-none-eabi/7.3.1/../../../../arm-none-eabi/lib/thumb/v7e-m/fpv4-sp/hard\libc_nano.a(lib_a-nano-mallocr.o)
                0x0000000008010854                _malloc_r
 .text.__cvt    0x0000000008010908       0xc2 c:/st/stm32cubeide_1.0.0/stm32cubeide/plugins/com.st.stm32cube.ide.mcu.externaltools.gnu-tools-for-stm32.7-2018-q2-update.win32_1.0.0.201904181610/tools/bin/../lib/gcc/arm-none-eabi/7.3.1/../../../../arm-none-eabi/lib/thumb/v7e-m/fpv4-sp/hard\libc_nano.a(lib_a-nano-vfprintf_float.o)
                0x0000000008010908                __cvt
 .text.__exponent
                0x00000000080109ca       0x66 c:/st/stm32cubeide_1.0.0/stm32cubeide/plugins/com.st.stm32cube.ide.mcu.externaltools.gnu-tools-for-stm32.7-2018-q2-update.win32_1.0.0.201904181610/tools/bin/../lib/gcc/arm-none-eabi/7.3.1/../../../../arm-none-eabi/lib/thumb/v7e-m/fpv4-sp/hard\libc_nano.a(lib_a-nano-vfprintf_float.o)
                0x00000000080109ca                __exponent
 .text._printf_float
                0x0000000008010a30      0x480 c:/st/stm32cubeide_1.0.0/stm32cubeide/plugins/com.st.stm32cube.ide.mcu.externaltools.gnu-tools-for-stm32.7-2018-q2-update.win32_1.0.0.201904181610/tools/bin/../lib/gcc/arm-none-eabi/7.3.1/../../../../arm-none-eabi/lib/thumb/v7e-m/fpv4-sp/hard\libc_nano.a(lib_a-nano-vfprintf_float.o)
                0x0000000008010a30                _printf_float
 .text._printf_common
                0x0000000008010eb0       0xea c:/st/stm32cubeide_1.0.0/stm32cubeide/plugins/com.st.stm32cube.ide.mcu.externaltools.gnu-tools-for-stm32.7-2018-q2-update.win32_1.0.0.201904181610/tools/bin/../lib/gcc/arm-none-eabi/7.3.1/../../../../arm-none-eabi/lib/thumb/v7e-m/fpv4-sp/hard\libc_nano.a(lib_a-nano-vfprintf_i.o)
                0x0000000008010eb0                _printf_common
 *fill*         0x0000000008010f9a        0x2 
 .text._printf_i
                0x0000000008010f9c      0x224 c:/st/stm32cubeide_1.0.0/stm32cubeide/plugins/com.st.stm32cube.ide.mcu.externaltools.gnu-tools-for-stm32.7-2018-q2-update.win32_1.0.0.201904181610/tools/bin/../lib/gcc/arm-none-eabi/7.3.1/../../../../arm-none-eabi/lib/thumb/v7e-m/fpv4-sp/hard\libc_nano.a(lib_a-nano-vfprintf_i.o)
                0x0000000008010f9c                _printf_i
 .text._scanf_float
                0x00000000080111c0      0x3c4 c:/st/stm32cubeide_1.0.0/stm32cubeide/plugins/com.st.stm32cube.ide.mcu.externaltools.gnu-tools-for-stm32.7-2018-q2-update.win32_1.0.0.201904181610/tools/bin/../lib/gcc/arm-none-eabi/7.3.1/../../../../arm-none-eabi/lib/thumb/v7e-m/fpv4-sp/hard\libc_nano.a(lib_a-nano-vfscanf_float.o)
                0x00000000080111c0                _scanf_float
 .text._sbrk_r  0x0000000008011584       0x20 c:/st/stm32cubeide_1.0.0/stm32cubeide/plugins/com.st.stm32cube.ide.mcu.externaltools.gnu-tools-for-stm32.7-2018-q2-update.win32_1.0.0.201904181610/tools/bin/../lib/gcc/arm-none-eabi/7.3.1/../../../../arm-none-eabi/lib/thumb/v7e-m/fpv4-sp/hard\libc_nano.a(lib_a-sbrkr.o)
                0x0000000008011584                _sbrk_r
 .text.nanf     0x00000000080115a4        0xc c:/st/stm32cubeide_1.0.0/stm32cubeide/plugins/com.st.stm32cube.ide.mcu.externaltools.gnu-tools-for-stm32.7-2018-q2-update.win32_1.0.0.201904181610/tools/bin/../lib/gcc/arm-none-eabi/7.3.1/../../../../arm-none-eabi/lib/thumb/v7e-m/fpv4-sp/hard\libc_nano.a(lib_a-sf_nan.o)
                0x00000000080115a4                nanf
 .text.snprintf
                0x00000000080115b0       0x68 c:/st/stm32cubeide_1.0.0/stm32cubeide/plugins/com.st.stm32cube.ide.mcu.externaltools.gnu-tools-for-stm32.7-2018-q2-update.win32_1.0.0.201904181610/tools/bin/../lib/gcc/arm-none-eabi/7.3.1/../../../../arm-none-eabi/lib/thumb/v7e-m/fpv4-sp/hard\libc_nano.a(lib_a-snprintf.o)
                0x00000000080115b0                sniprintf
                0x00000000080115b0                snprintf
 .text.sprintf  0x0000000008011618       0x40 c:/st/stm32cubeide_1.0.0/stm32cubeide/plugins/com.st.stm32cube.ide.mcu.externaltools.gnu-tools-for-stm32.7-2018-q2-update.win32_1.0.0.201904181610/tools/bin/../lib/gcc/arm-none-eabi/7.3.1/../../../../arm-none-eabi/lib/thumb/v7e-m/fpv4-sp/hard\libc_nano.a(lib_a-sprintf.o)
                0x0000000008011618                siprintf
                0x0000000008011618                sprintf
 .text.sscanf   0x0000000008011658       0x54 c:/st/stm32cubeide_1.0.0/stm32cubeide/plugins/com.st.stm32cube.ide.mcu.externaltools.gnu-tools-for-stm32.7-2018-q2-update.win32_1.0.0.201904181610/tools/bin/../lib/gcc/arm-none-eabi/7.3.1/../../../../arm-none-eabi/lib/thumb/v7e-m/fpv4-sp/hard\libc_nano.a(lib_a-sscanf.o)
                0x0000000008011658                siscanf
                0x0000000008011658                sscanf
 .text.__seofread
                0x00000000080116ac        0x4 c:/st/stm32cubeide_1.0.0/stm32cubeide/plugins/com.st.stm32cube.ide.mcu.externaltools.gnu-tools-for-stm32.7-2018-q2-update.win32_1.0.0.201904181610/tools/bin/../lib/gcc/arm-none-eabi/7.3.1/../../../../arm-none-eabi/lib/thumb/v7e-m/fpv4-sp/hard\libc_nano.a(lib_a-stdio.o)
                0x00000000080116ac                __seofread
 .text.strcat   0x00000000080116b0       0x1e c:/st/stm32cubeide_1.0.0/stm32cubeide/plugins/com.st.stm32cube.ide.mcu.externaltools.gnu-tools-for-stm32.7-2018-q2-update.win32_1.0.0.201904181610/tools/bin/../lib/gcc/arm-none-eabi/7.3.1/../../../../arm-none-eabi/lib/thumb/v7e-m/fpv4-sp/hard\libc_nano.a(lib_a-strcat.o)
                0x00000000080116b0                strcat
 .text.unlikely.sulp
                0x00000000080116ce       0x38 c:/st/stm32cubeide_1.0.0/stm32cubeide/plugins/com.st.stm32cube.ide.mcu.externaltools.gnu-tools-for-stm32.7-2018-q2-update.win32_1.0.0.201904181610/tools/bin/../lib/gcc/arm-none-eabi/7.3.1/../../../../arm-none-eabi/lib/thumb/v7e-m/fpv4-sp/hard\libc_nano.a(lib_a-strtod.o)
 *fill*         0x0000000008011706        0x2 
 .text._strtod_l
                0x0000000008011708      0xbe8 c:/st/stm32cubeide_1.0.0/stm32cubeide/plugins/com.st.stm32cube.ide.mcu.externaltools.gnu-tools-for-stm32.7-2018-q2-update.win32_1.0.0.201904181610/tools/bin/../lib/gcc/arm-none-eabi/7.3.1/../../../../arm-none-eabi/lib/thumb/v7e-m/fpv4-sp/hard\libc_nano.a(lib_a-strtod.o)
                0x0000000008011708                _strtod_l
 .text._strtod_r
                0x00000000080122f0       0x20 c:/st/stm32cubeide_1.0.0/stm32cubeide/plugins/com.st.stm32cube.ide.mcu.externaltools.gnu-tools-for-stm32.7-2018-q2-update.win32_1.0.0.201904181610/tools/bin/../lib/gcc/arm-none-eabi/7.3.1/../../../../arm-none-eabi/lib/thumb/v7e-m/fpv4-sp/hard\libc_nano.a(lib_a-strtod.o)
                0x00000000080122f0                _strtod_r
 .text._strtol_l.isra.0
                0x0000000008012310       0xf6 c:/st/stm32cubeide_1.0.0/stm32cubeide/plugins/com.st.stm32cube.ide.mcu.externaltools.gnu-tools-for-stm32.7-2018-q2-update.win32_1.0.0.201904181610/tools/bin/../lib/gcc/arm-none-eabi/7.3.1/../../../../arm-none-eabi/lib/thumb/v7e-m/fpv4-sp/hard\libc_nano.a(lib_a-strtol.o)
 *fill*         0x0000000008012406        0x2 
 .text._strtol_r
                0x0000000008012408       0x24 c:/st/stm32cubeide_1.0.0/stm32cubeide/plugins/com.st.stm32cube.ide.mcu.externaltools.gnu-tools-for-stm32.7-2018-q2-update.win32_1.0.0.201904181610/tools/bin/../lib/gcc/arm-none-eabi/7.3.1/../../../../arm-none-eabi/lib/thumb/v7e-m/fpv4-sp/hard\libc_nano.a(lib_a-strtol.o)
                0x0000000008012408                _strtol_r
 .text.quorem   0x000000000801242c      0x118 c:/st/stm32cubeide_1.0.0/stm32cubeide/plugins/com.st.stm32cube.ide.mcu.externaltools.gnu-tools-for-stm32.7-2018-q2-update.win32_1.0.0.201904181610/tools/bin/../lib/gcc/arm-none-eabi/7.3.1/../../../../arm-none-eabi/lib/thumb/v7e-m/fpv4-sp/hard\libc_nano.a(lib_a-dtoa.o)
 *fill*         0x0000000008012544        0x4 
 .text._dtoa_r  0x0000000008012548      0xb70 c:/st/stm32cubeide_1.0.0/stm32cubeide/plugins/com.st.stm32cube.ide.mcu.externaltools.gnu-tools-for-stm32.7-2018-q2-update.win32_1.0.0.201904181610/tools/bin/../lib/gcc/arm-none-eabi/7.3.1/../../../../arm-none-eabi/lib/thumb/v7e-m/fpv4-sp/hard\libc_nano.a(lib_a-dtoa.o)
                0x0000000008012548                _dtoa_r
 .text.rshift   0x00000000080130b8       0x74 c:/st/stm32cubeide_1.0.0/stm32cubeide/plugins/com.st.stm32cube.ide.mcu.externaltools.gnu-tools-for-stm32.7-2018-q2-update.win32_1.0.0.201904181610/tools/bin/../lib/gcc/arm-none-eabi/7.3.1/../../../../arm-none-eabi/lib/thumb/v7e-m/fpv4-sp/hard\libc_nano.a(lib_a-gdtoa-gethex.o)
 .text.__hexdig_fun
                0x000000000801312c       0x2a c:/st/stm32cubeide_1.0.0/stm32cubeide/plugins/com.st.stm32cube.ide.mcu.externaltools.gnu-tools-for-stm32.7-2018-q2-update.win32_1.0.0.201904181610/tools/bin/../lib/gcc/arm-none-eabi/7.3.1/../../../../arm-none-eabi/lib/thumb/v7e-m/fpv4-sp/hard\libc_nano.a(lib_a-gdtoa-gethex.o)
                0x000000000801312c                __hexdig_fun
 .text.__gethex
                0x0000000008013156      0x442 c:/st/stm32cubeide_1.0.0/stm32cubeide/plugins/com.st.stm32cube.ide.mcu.externaltools.gnu-tools-for-stm32.7-2018-q2-update.win32_1.0.0.201904181610/tools/bin/../lib/gcc/arm-none-eabi/7.3.1/../../../../arm-none-eabi/lib/thumb/v7e-m/fpv4-sp/hard\libc_nano.a(lib_a-gdtoa-gethex.o)
                0x0000000008013156                __gethex
 .text.L_shift  0x0000000008013598       0x24 c:/st/stm32cubeide_1.0.0/stm32cubeide/plugins/com.st.stm32cube.ide.mcu.externaltools.gnu-tools-for-stm32.7-2018-q2-update.win32_1.0.0.201904181610/tools/bin/../lib/gcc/arm-none-eabi/7.3.1/../../../../arm-none-eabi/lib/thumb/v7e-m/fpv4-sp/hard\libc_nano.a(lib_a-gdtoa-hexnan.o)
 .text.__match  0x00000000080135bc       0x28 c:/st/stm32cubeide_1.0.0/stm32cubeide/plugins/com.st.stm32cube.ide.mcu.externaltools.gnu-tools-for-stm32.7-2018-q2-update.win32_1.0.0.201904181610/tools/bin/../lib/gcc/arm-none-eabi/7.3.1/../../../../arm-none-eabi/lib/thumb/v7e-m/fpv4-sp/hard\libc_nano.a(lib_a-gdtoa-hexnan.o)
                0x00000000080135bc                __match
 .text.__hexnan
                0x00000000080135e4      0x120 c:/st/stm32cubeide_1.0.0/stm32cubeide/plugins/com.st.stm32cube.ide.mcu.externaltools.gnu-tools-for-stm32.7-2018-q2-update.win32_1.0.0.201904181610/tools/bin/../lib/gcc/arm-none-eabi/7.3.1/../../../../arm-none-eabi/lib/thumb/v7e-m/fpv4-sp/hard\libc_nano.a(lib_a-gdtoa-hexnan.o)
                0x00000000080135e4                __hexnan
 .text.__locale_ctype_ptr_l
                0x0000000008013704        0x6 c:/st/stm32cubeide_1.0.0/stm32cubeide/plugins/com.st.stm32cube.ide.mcu.externaltools.gnu-tools-for-stm32.7-2018-q2-update.win32_1.0.0.201904181610/tools/bin/../lib/gcc/arm-none-eabi/7.3.1/../../../../arm-none-eabi/lib/thumb/v7e-m/fpv4-sp/hard\libc_nano.a(lib_a-locale.o)
                0x0000000008013704                __locale_ctype_ptr_l
 *fill*         0x000000000801370a        0x2 
 .text.__locale_ctype_ptr
                0x000000000801370c       0x1c c:/st/stm32cubeide_1.0.0/stm32cubeide/plugins/com.st.stm32cube.ide.mcu.externaltools.gnu-tools-for-stm32.7-2018-q2-update.win32_1.0.0.201904181610/tools/bin/../lib/gcc/arm-none-eabi/7.3.1/../../../../arm-none-eabi/lib/thumb/v7e-m/fpv4-sp/hard\libc_nano.a(lib_a-locale.o)
                0x000000000801370c                __locale_ctype_ptr
 .text.__localeconv_l
                0x0000000008013728        0x4 c:/st/stm32cubeide_1.0.0/stm32cubeide/plugins/com.st.stm32cube.ide.mcu.externaltools.gnu-tools-for-stm32.7-2018-q2-update.win32_1.0.0.201904181610/tools/bin/../lib/gcc/arm-none-eabi/7.3.1/../../../../arm-none-eabi/lib/thumb/v7e-m/fpv4-sp/hard\libc_nano.a(lib_a-localeconv.o)
                0x0000000008013728                __localeconv_l
 .text._localeconv_r