Archive member included to satisfy reference by file (symbol)

c:/st/stm32cubeide_1.0.0/stm32cubeide/plugins/com.st.stm32cube.ide.mcu.externaltools.gnu-tools-for-stm32.7-2018-q2-update.win32_1.0.0.201904181610/tools/bin/../lib/gcc/arm-none-eabi/7.3.1/../../../../arm-none-eabi/lib/thumb/v7e-m/fpv4-sp/hard\libc_nano.a(lib_a-errno.o)
                              Core/Src/syscalls.o (__errno)
c:/st/stm32cubeide_1.0.0/stm32cubeide/plugins/com.st.stm32cube.ide.mcu.externaltools.gnu-tools-for-stm32.7-2018-q2-update.win32_1.0.0.201904181610/tools/bin/../lib/gcc/arm-none-eabi/7.3.1/../../../../arm-none-eabi/lib/thumb/v7e-m/fpv4-sp/hard\libc_nano.a(lib_a-exit.o)
                              c:/st/stm32cubeide_1.0.0/stm32cubeide/plugins/com.st.stm32cube.ide.mcu.externaltools.gnu-tools-for-stm32.7-2018-q2-update.win32_1.0.0.201904181610/tools/bin/../lib/gcc/arm-none-eabi/7.3.1/../../../../arm-none-eabi/lib/thumb/v7e-m/fpv4-sp/hard/crt0.o (exit)
c:/st/stm32cubeide_1.0.0/stm32cubeide/plugins/com.st.stm32cube.ide.mcu.externaltools.gnu-tools-for-stm32.7-2018-q2-update.win32_1.0.0.201904181610/tools/bin/../lib/gcc/arm-none-eabi/7.3.1/../../../../arm-none-eabi/lib/thumb/v7e-m/fpv4-sp/hard\libc_nano.a(lib_a-impure.o)
                              c:/st/stm32cubeide_1.0.0/stm32cubeide/plugins/com.st.stm32cube.ide.mcu.externaltools.gnu-tools-for-stm32.7-2018-q2-update.win32_1.0.0.201904181610/tools/bin/../lib/gcc/arm-none-eabi/7.3.1/../../../../arm-none-eabi/lib/thumb/v7e-m/fpv4-sp/hard\libc_nano.a(lib_a-exit.o) (_global_impure_ptr)
c:/st/stm32cubeide_1.0.0/stm32cubeide/plugins/com.st.stm32cube.ide.mcu.externaltools.gnu-tools-for-stm32.7-2018-q2-update.win32_1.0.0.201904181610/tools/bin/../lib/gcc/arm-none-eabi/7.3.1/../../../../arm-none-eabi/lib/thumb/v7e-m/fpv4-sp/hard\libc_nano.a(lib_a-init.o)
                              c:/st/stm32cubeide_1.0.0/stm32cubeide/plugins/com.st.stm32cube.ide.mcu.externaltools.gnu-tools-for-stm32.7-2018-q2-update.win32_1.0.0.201904181610/tools/bin/../lib/gcc/arm-none-eabi/7.3.1/../../../../arm-none-eabi/lib/thumb/v7e-m/fpv4-sp/hard/crt0.o (__libc_init_array)
c:/st/stm32cubeide_1.0.0/stm32cubeide/plugins/com.st.stm32cube.ide.mcu.externaltools.gnu-tools-for-stm32.7-2018-q2-update.win32_1.0.0.201904181610/tools/bin/../lib/gcc/arm-none-eabi/7.3.1/../../../../arm-none-eabi/lib/thumb/v7e-m/fpv4-sp/hard\libc_nano.a(lib_a-malloc.o)
                              Middlewares/ST/STM32_USB_Device_Library/Class/CDC/Src/usbd_cdc.o (malloc)
c:/st/stm32cubeide_1.0.0/stm32cubeide/plugins/com.st.stm32cube.ide.mcu.externaltools.gnu-tools-for-stm32.7-2018-q2-update.win32_1.0.0.201904181610/tools/bin/../lib/gcc/arm-none-eabi/7.3.1/../../../../arm-none-eabi/lib/thumb/v7e-m/fpv4-sp/hard\libc_nano.a(lib_a-memcpy-stub.o)
                              Core/Src/command_respond.o (memcpy)
c:/st/stm32cubeide_1.0.0/stm32cubeide/plugins/com.st.stm32cube.ide.mcu.externaltools.gnu-tools-for-stm32.7-2018-q2-update.win32_1.0.0.201904181610/tools/bin/../lib/gcc/arm-none-eabi/7.3.1/../../../../arm-none-eabi/lib/thumb/v7e-m/fpv4-sp/hard\libc_nano.a(lib_a-memmove.o)
                              Core/Src/communicate_payload.o (memmove)
c:/st/stm32cubeide_1.0.0/stm32cubeide/plugins/com.st.stm32cube.ide.mcu.externaltools.gnu-tools-for-stm32.7-2018-q2-update.win32_1.0.0.201904181610/tools/bin/../lib/gcc/arm-none-eabi/7.3.1/../../../../arm-none-eabi/lib/thumb/v7e-m/fpv4-sp/hard\libc_nano.a(lib_a-memset.o)
                              c:/st/stm32cubeide_1.0.0/stm32cubeide/plugins/com.st.stm32cube.ide.mcu.externaltools.gnu-tools-for-stm32.7-2018-q2-update.win32_1.0.0.201904181610/tools/bin/../lib/gcc/arm-none-eabi/7.3.1/../../../../arm-none-eabi/lib/thumb/v7e-m/fpv4-sp/hard/crt0.o (memset)
c:/st/stm32cubeide_1.0.0/stm32cubeide/plugins/com.st.stm32cube.ide.mcu.externaltools.gnu-tools-for-stm32.7-2018-q2-update.win32_1.0.0.201904181610/tools/bin/../lib/gcc/arm-none-eabi/7.3.1/../../../../arm-none-eabi/lib/thumb/v7e-m/fpv4-sp/hard\libc_nano.a(lib_a-nano-freer.o)
                              c:/st/stm32cubeide_1.0.0/stm32cubeide/plugins/com.st.stm32cube.ide.mcu.externaltools.gnu-tools-for-stm32.7-2018-q2-update.win32_1.0.0.201904181610/tools/bin/../lib/gcc/arm-none-eabi/7.3.1/../../../../arm-none-eabi/lib/thumb/v7e-m/fpv4-sp/hard\libc_nano.a(lib_a-malloc.o) (_free_r)
c:/st/stm32cubeide_1.0.0/stm32cubeide/plugins/com.st.stm32cube.ide.mcu.externaltools.gnu-tools-for-stm32.7-2018-q2-update.win32_1.0.0.201904181610/tools/bin/../lib/gcc/arm-none-eabi/7.3.1/../../../../arm-none-eabi/lib/thumb/v7e-m/fpv4-sp/hard\libc_nano.a(lib_a-nano-mallocr.o)
                              c:/st/stm32cubeide_1.0.0/stm32cubeide/plugins/com.st.stm32cube.ide.mcu.externaltools.gnu-tools-for-stm32.7-2018-q2-update.win32_1.0.0.201904181610/tools/bin/../lib/gcc/arm-none-eabi/7.3.1/../../../../arm-none-eabi/lib/thumb/v7e-m/fpv4-sp/hard\libc_nano.a(lib_a-malloc.o) (_malloc_r)
[...]
Memory Configuration

Name             Origin             Length             Attributes
CCMRAM           0x0000000010000000 0x0000000000010000 xrw
RAM              0x0000000020000000 0x0000000000020000 xrw
FLASH            0x0000000008000000 0x0000000000100000 xr
*default*        0x0000000000000000 0xffffffffffffffff

Linker script and memory map

LOAD c:/st/stm32cubeide_1.0.0/stm32cubeide/plugins/com.st.stm32cube.ide.mcu.externaltools.gnu-tools-for-stm32.7-2018-q2-update.win32_1.0.0.201904181610/tools/bin/../lib/gcc/arm-none-eabi/7.3.1/thumb/v7e-m/fpv4-sp/hard/crti.o
LOAD c:/st/stm32cubeide_1.0.0/stm32cubeide/plugins/com.st.stm32cube.ide.mcu.externaltools.gnu-tools-for-stm32.7-2018-q2-update.win32_1.0.0.201904181610/tools/bin/../lib/gcc/arm-none-eabi/7.3.1/thumb/v7e-m/fpv4-sp/hard/crtbegin.o
LOAD c:/st/stm32cubeide_1.0.0/stm32cubeide/plugins/com.st.stm32cube.ide.mcu.externaltools.gnu-tools-for-stm32.7-2018-q2-update.win32_1.0.0.201904181610/tools/bin/../lib/gcc/arm-none-eabi/7.3.1/../../../../arm-none-eabi/lib/thumb/v7e-m/fpv4-sp/hard/crt0.o
LOAD Core/Src/command_respond.o
LOAD Core/Src/common_def.o
LOAD Core/Src/communicate_payload.o
LOAD Core/Src/dma.o
LOAD Core/Src/freertos.o
LOAD Core/Src/gpio.o
LOAD Core/Src/kinematic.o
LOAD Core/Src/main.o
LOAD Core/Src/ringbuffer.o
LOAD Core/Src/robot_scara.o
LOAD Core/Src/stm32f4xx_hal_msp.o
LOAD Core/Src/stm32f4xx_hal_timebase_tim.o
LOAD Core/Src/stm32f4xx_it.o
LOAD Core/Src/sys.o
LOAD Core/Src/syscalls.o
LOAD Core/Src/sysmem.o
LOAD Core/Src/system_stm32f4xx.o
LOAD Core/Src/usart.o
LOAD Core/Startup/startup_stm32f407vgtx.o
LOAD Drivers/STM32F4xx_HAL_Driver/Src/stm32f4xx_hal.o
LOAD Drivers/STM32F4xx_HAL_Driver/Src/stm32f4xx_hal_cortex.o
LOAD Drivers/STM32F4xx_HAL_Driver/Src/stm32f4xx_hal_dma.o
LOAD Drivers/STM32F4xx_HAL_Driver/Src/stm32f4xx_hal_dma_ex.o
LOAD Drivers/STM32F4xx_HAL_Driver/Src/stm32f4xx_hal_exti.o
LOAD Drivers/STM32F4xx_HAL_Driver/Src/stm32f4xx_hal_flash.o
LOAD Drivers/STM32F4xx_HAL_Driver/Src/stm32f4xx_hal_flash_ex.o
LOAD Drivers/STM32F4xx_HAL_Driver/Src/stm32f4xx_hal_flash_ramfunc.o
LOAD Drivers/STM32F4xx_HAL_Driver/Src/stm32f4xx_hal_gpio.o
LOAD Drivers/STM32F4xx_HAL_Driver/Src/stm32f4xx_hal_pcd.o
LOAD Drivers/STM32F4xx_HAL_Driver/Src/stm32f4xx_hal_pcd_ex.o
LOAD Drivers/STM32F4xx_HAL_Driver/Src/stm32f4xx_hal_pwr.o
LOAD Drivers/STM32F4xx_HAL_Driver/Src/stm32f4xx_hal_pwr_ex.o
LOAD Drivers/STM32F4xx_HAL_Driver/Src/stm32f4xx_hal_rcc.o
LOAD Drivers/STM32F4xx_HAL_Driver/Src/stm32f4xx_hal_rcc_ex.o
LOAD Drivers/STM32F4xx_HAL_Driver/Src/stm32f4xx_hal_tim.o
LOAD Drivers/STM32F4xx_HAL_Driver/Src/stm32f4xx_hal_tim_ex.o
LOAD Drivers/STM32F4xx_HAL_Driver/Src/stm32f4xx_hal_uart.o
LOAD Drivers/STM32F4xx_HAL_Driver/Src/stm32f4xx_ll_usb.o
LOAD Middlewares/ST/STM32_USB_Device_Library/Class/CDC/Src/usbd_cdc.o
LOAD Middlewares/ST/STM32_USB_Device_Library/Core/Src/usbd_core.o
LOAD Middlewares/ST/STM32_USB_Device_Library/Core/Src/usbd_ctlreq.o
LOAD Middlewares/ST/STM32_USB_Device_Library/Core/Src/usbd_ioreq.o
LOAD Middlewares/Third_Party/FreeRTOS/Source/CMSIS_RTOS/cmsis_os.o
LOAD Middlewares/Third_Party/FreeRTOS/Source/croutine.o
LOAD Middlewares/Third_Party/FreeRTOS/Source/event_groups.o
LOAD Middlewares/Third_Party/FreeRTOS/Source/list.o
LOAD Middlewares/Third_Party/FreeRTOS/Source/queue.o
LOAD Middlewares/Third_Party/FreeRTOS/Source/stream_buffer.o
LOAD Middlewares/Third_Party/FreeRTOS/Source/tasks.o
LOAD Middlewares/Third_Party/FreeRTOS/Source/timers.o
LOAD Middlewares/Third_Party/FreeRTOS/Source/portable/GCC/ARM_CM4F/port.o
LOAD Middlewares/Third_Party/FreeRTOS/Source/portable/MemMang/heap_4.o
LOAD USB_DEVICE/App/usb_device.o
LOAD USB_DEVICE/App/usbd_cdc_if.o
LOAD USB_DEVICE/App/usbd_desc.o
LOAD USB_DEVICE/Target/usbd_conf.o
START GROUP
LOAD c:/st/stm32cubeide_1.0.0/stm32cubeide/plugins/com.st.stm32cube.ide.mcu.externaltools.gnu-tools-for-stm32.7-2018-q2-update.win32_1.0.0.201904181610/tools/bin/../lib/gcc/arm-none-eabi/7.3.1/../../../../arm-none-eabi/lib/thumb/v7e-m/fpv4-sp/hard\libc_nano.a
LOAD c:/st/stm32cubeide_1.0.0/stm32cubeide/plugins/com.st.stm32cube.ide.mcu.externaltools.gnu-tools-for-stm32.7-2018-q2-update.win32_1.0.0.201904181610/tools/bin/../lib/gcc/arm-none-eabi/7.3.1/../../../../arm-none-eabi/lib/thumb/v7e-m/fpv4-sp/hard\libm.a
END GROUP
START GROUP
LOAD c:/st/stm32cubeide_1.0.0/stm32cubeide/plugins/com.st.stm32cube.ide.mcu.externaltools.gnu-tools-for-stm32.7-2018-q2-update.win32_1.0.0.201904181610/tools/bin/../lib/gcc/arm-none-eabi/7.3.1/thumb/v7e-m/fpv4-sp/hard\libgcc.a
LOAD c:/st/stm32cubeide_1.0.0/stm32cubeide/plugins/com.st.stm32cube.ide.mcu.externaltools.gnu-tools-for-stm32.7-2018-q2-update.win32_1.0.0.201904181610/tools/bin/../lib/gcc/arm-none-eabi/7.3.1/../../../../arm-none-eabi/lib/thumb/v7e-m/fpv4-sp/hard\libc_nano.a
END GROUP
START GROUP
LOAD c:/st/stm32cubeide_1.0.0/stm32cubeide/plugins/com.st.stm32cube.ide.mcu.externaltools.gnu-tools-for-stm32.7-2018-q2-update.win32_1.0.0.201904181610/tools/bin/../lib/gcc/arm-none-eabi/7.3.1/thumb/v7e-m/fpv4-sp/hard\libgcc.a
LOAD c:/st/stm32cubeide_1.0.0/stm32cubeide/plugins/com.st.stm32cube.ide.mcu.externaltools.gnu-tools-for-stm32.7-2018-q2-update.win32_1.0.0.201904181610/tools/bin/../lib/gcc/arm-none-eabi/7.3.1/../../../../arm-none-eabi/lib/thumb/v7e-m/fpv4-sp/hard\libc_nano.a
LOAD c:/st/stm32cubeide_1.0.0/stm32cubeide/plugins/com.st.stm32cube.ide.mcu.externaltools.gnu-tools-for-stm32.7-2018-q2-update.win32_1.0.0.201904181610/tools/bin/../lib/gcc/arm-none-eabi/7.3.1/../../../../arm-none-eabi/lib/thumb/v7e-m/fpv4-sp/hard\libnosys.a
END GROUP
START GROUP
LOAD c:/st/stm32cubeide_1.0.0/stm32cubeide/plugins/com.st.stm32cube.ide.mcu.externaltools.gnu-tools-for-stm32.7-2018-q2-update.win32_1.0.0.201904181610/tools/bin/../lib/gcc/arm-none-eabi/7.3.1/thumb/v7e-m/fpv4-sp/hard\libgcc.a
LOAD c:/st/stm32cubeide_1.0.0/stm32cubeide/plugins/com.st.stm32cube.ide.mcu.externaltools.gnu-tools-for-stm32.7-2018-q2-update.win32_1.0.0.201904181610/tools/bin/../lib/gcc/arm-none-eabi/7.3.1/../../../../arm-none-eabi/lib/thumb/v7e-m/fpv4-sp/hard\libc_nano.a
LOAD c:/st/stm32cubeide_1.0.0/stm32cubeide/plugins/com.st.stm32cube.ide.mcu.externaltools.gnu-tools-for-stm32.7-2018-q2-update.win32_1.0.0.201904181610/tools/bin/../lib/gcc/arm-none-eabi/7.3.1/../../../../arm-none-eabi/lib/thumb/v7e-m/fpv4-sp/hard\libnosys.a
END GROUP
LOAD c:/st/stm32cubeide_1.0.0/stm32cubeide/plugins/com.st.stm32cube.ide.mcu.externaltools.gnu-tools-for-stm32.7-2018-q2-update.win32_1.0.0.201904181610/tools/bin/../lib/gcc/arm-none-eabi/7.3.1/thumb/v7e-m/fpv4-sp/hard/crtend.o
LOAD c:/st/stm32cubeide_1.0.0/stm32cubeide/plugins/com.st.stm32cube.ide.mcu.externaltools.gnu-tools-for-stm32.7-2018-q2-update.win32_1.0.0.201904181610/tools/bin/../lib/gcc/arm-none-eabi/7.3.1/thumb/v7e-m/fpv4-sp/hard/crtn.o
                0x0000000020020000                _estack = (ORIGIN (RAM) + LENGTH (RAM))
                0x0000000000000200                _Min_Heap_Size = 0x200
                0x0000000000000400                _Min_Stack_Size = 0x400

.isr_vector     0x0000000008000000      0x188
                0x0000000008000000                . = ALIGN (0x4)
 *(.isr_vector)
 .isr_vector    0x0000000008000000      0x188 Core/Startup/startup_stm32f407vgtx.o
                0x0000000008000000                g_pfnVectors
                0x0000000008000188                . = ALIGN (0x4)

.text           0x0000000008000190    0x1773c
                0x0000000008000190                . = ALIGN (0x4)
 *(.text)
 .text          0x0000000008000190       0x40 c:/st/stm32cubeide_1.0.0/stm32cubeide/plugins/com.st.stm32cube.ide.mcu.externaltools.gnu-tools-for-stm32.7-2018-q2-update.win32_1.0.0.201904181610/tools/bin/../lib/gcc/arm-none-eabi/7.3.1/thumb/v7e-m/fpv4-sp/hard/crtbegin.o
 .text          0x00000000080001d0       0x14 c:/st/stm32cubeide_1.0.0/stm32cubeide/plugins/com.st.stm32cube.ide.mcu.externaltools.gnu-tools-for-stm32.7-2018-q2-update.win32_1.0.0.201904181610/tools/bin/../lib/gcc/arm-none-eabi/7.3.1/../../../../arm-none-eabi/lib/thumb/v7e-m/fpv4-sp/hard\libc_nano.a(lib_a-strcmp.o)
                0x00000000080001d0                strcmp
 .text          0x00000000080001e4       0x10 c:/st/stm32cubeide_1.0.0/stm32cubeide/plugins/com.st.stm32cube.ide.mcu.externaltools.gnu-tools-for-stm32.7-2018-q2-update.win32_1.0.0.201904181610/tools/bin/../lib/gcc/arm-none-eabi/7.3.1/../../../../arm-none-eabi/lib/thumb/v7e-m/fpv4-sp/hard\libc_nano.a(lib_a-strlen.o)
                0x00000000080001e4                strlen
 *fill*         0x00000000080001f4        0xc 
 .text          0x0000000008000200       0xa0 c:/st/stm32cubeide_1.0.0/stm32cubeide/plugins/com.st.stm32cube.ide.mcu.externaltools.gnu-tools-for-stm32.7-2018-q2-update.win32_1.0.0.201904181610/tools/bin/../lib/gcc/arm-none-eabi/7.3.1/../../../../arm-none-eabi/lib/thumb/v7e-m/fpv4-sp/hard\libc_nano.a(lib_a-memchr.o)
                0x0000000008000200                memchr
 .text          0x00000000080002a0      0x378 c:/st/stm32cubeide_1.0.0/stm32cubeide/plugins/com.st.stm32cube.ide.mcu.externaltools.gnu-tools-for-stm32.7-2018-q2-update.win32_1.0.0.201904181610/tools/bin/../lib/gcc/arm-none-eabi/7.3.1/thumb/v7e-m/fpv4-sp/hard\libgcc.a(_arm_addsubdf3.o)
                0x00000000080002a0                __aeabi_drsub
                0x00000000080002a8                __aeabi_dsub
                0x00000000080002a8                __subdf3
                0x00000000080002ac                __aeabi_dadd
                0x00000000080002ac                __adddf3
                0x0000000008000524                __floatunsidf
                0x0000000008000524                __aeabi_ui2d
                0x0000000008000544                __floatsidf
                0x0000000008000544                __aeabi_i2d
                0x0000000008000568                __aeabi_f2d
                0x0000000008000568                __extendsfdf2
                0x00000000080005ac                __floatundidf
                0x00000000080005ac                __aeabi_ul2d
                0x00000000080005bc                __floatdidf
                0x00000000080005bc                __aeabi_l2d
 .text          0x0000000008000618      0x424 c:/st/stm32cubeide_1.0.0/stm32cubeide/plugins/com.st.stm32cube.ide.mcu.externaltools.gnu-tools-for-stm32.7-2018-q2-update.win32_1.0.0.201904181610/tools/bin/../lib/gcc/arm-none-eabi/7.3.1/thumb/v7e-m/fpv4-sp/hard\libgcc.a(_arm_muldivdf3.o)
                0x0000000008000618                __aeabi_dmul
                0x0000000008000618                __muldf3
                0x000000000800086c                __divdf3
                0x000000000800086c                __aeabi_ddiv
 .text          0x0000000008000a3c      0x110 c:/st/stm32cubeide_1.0.0/stm32cubeide/plugins/com.st.stm32cube.ide.mcu.externaltools.gnu-tools-for-stm32.7-2018-q2-update.win32_1.0.0.201904181610/tools/bin/../lib/gcc/arm-none-eabi/7.3.1/thumb/v7e-m/fpv4-sp/hard\libgcc.a(_arm_cmpdf2.o)
                0x0000000008000a3c                __gtdf2
                0x0000000008000a3c                __gedf2
                0x0000000008000a44                __ltdf2
                0x0000000008000a44                __ledf2
                0x0000000008000a4c                __nedf2
                0x0000000008000a4c                __eqdf2
                0x0000000008000a4c                __cmpdf2
                0x0000000008000ac8                __aeabi_cdrcmple
                0x0000000008000ad8                __aeabi_cdcmpeq
                0x0000000008000ad8                __aeabi_cdcmple
                0x0000000008000ae8                __aeabi_dcmpeq
                0x0000000008000afc                __aeabi_dcmplt
                0x0000000008000b10                __aeabi_dcmple
                0x0000000008000b24                __aeabi_dcmpge
                0x0000000008000b38                __aeabi_dcmpgt
 .text          0x0000000008000b4c       0x2c c:/st/stm32cubeide_1.0.0/stm32cubeide/plugins/com.st.stm32cube.ide.mcu.externaltools.gnu-tools-for-stm32.7-2018-q2-update.win32_1.0.0.201904181610/tools/bin/../lib/gcc/arm-none-eabi/7.3.1/thumb/v7e-m/fpv4-sp/hard\libgcc.a(_arm_unorddf2.o)
                0x0000000008000b4c                __unorddf2
                0x0000000008000b4c                __aeabi_dcmpun
 .text          0x0000000008000b78       0x50 c:/st/stm32cubeide_1.0.0/stm32cubeide/plugins/com.st.stm32cube.ide.mcu.externaltools.gnu-tools-for-stm32.7-2018-q2-update.win32_1.0.0.201904181610/tools/bin/../lib/gcc/arm-none-eabi/7.3.1/thumb/v7e-m/fpv4-sp/hard\libgcc.a(_arm_fixdfsi.o)
                0x0000000008000b78                __aeabi_d2iz
                0x0000000008000b78                __fixdfsi
 .text          0x0000000008000bc8       0x40 c:/st/stm32cubeide_1.0.0/stm32cubeide/plugins/com.st.stm32cube.ide.mcu.externaltools.gnu-tools-for-stm32.7-2018-q2-update.win32_1.0.0.201904181610/tools/bin/../lib/gcc/arm-none-eabi/7.3.1/thumb/v7e-m/fpv4-sp/hard\libgcc.a(_arm_fixunsdfsi.o)
                0x0000000008000bc8                __aeabi_d2uiz
                0x0000000008000bc8                __fixunsdfsi
 .text          0x0000000008000c08       0xa0 c:/st/stm32cubeide_1.0.0/stm32cubeide/plugins/com.st.stm32cube.ide.mcu.externaltools.gnu-tools-for-stm32.7-2018-q2-update.win32_1.0.0.201904181610/tools/bin/../lib/gcc/arm-none-eabi/7.3.1/thumb/v7e-m/fpv4-sp/hard\libgcc.a(_arm_truncdfsf2.o)
                0x0000000008000c08                __truncdfsf2
                0x0000000008000c08                __aeabi_d2f
 .text          0x0000000008000ca8       0x30 c:/st/stm32cubeide_1.0.0/stm32cubeide/plugins/com.st.stm32cube.ide.mcu.externaltools.gnu-tools-for-stm32.7-2018-q2-update.win32_1.0.0.201904181610/tools/bin/../lib/gcc/arm-none-eabi/7.3.1/thumb/v7e-m/fpv4-sp/hard\libgcc.a(_aeabi_uldivmod.o)
                0x0000000008000ca8                __aeabi_uldivmod
 .text          0x0000000008000cd8      0x2cc c:/st/stm32cubeide_1.0.0/stm32cubeide/plugins/com.st.stm32cube.ide.mcu.externaltools.gnu-tools-for-stm32.7-2018-q2-update.win32_1.0.0.201904181610/tools/bin/../lib/gcc/arm-none-eabi/7.3.1/thumb/v7e-m/fpv4-sp/hard\libgcc.a(_udivmoddi4.o)
                0x0000000008000cd8                __udivmoddi4
 .text          0x0000000008000fa4        0x4 c:/st/stm32cubeide_1.0.0/stm32cubeide/plugins/com.st.stm32cube.ide.mcu.externaltools.gnu-tools-for-stm32.7-2018-q2-update.win32_1.0.0.201904181610/tools/bin/../lib/gcc/arm-none-eabi/7.3.1/thumb/v7e-m/fpv4-sp/hard\libgcc.a(_dvmd_tls.o)
                0x0000000008000fa4                __aeabi_idiv0
                0x0000000008000fa4                __aeabi_ldiv0
 *(.text*)
 .text.commandRead
                0x0000000008000fa8      0x4f4 Core/Src/command_respond.o
                0x0000000008000fa8                commandRead
 .text.commandReply
                0x000000000800149c      0x258 Core/Src/command_respond.o
                0x000000000800149c                commandReply
 .text.commandRespond
                0x00000000080016f4       0xa0 Core/Src/command_respond.o
                0x00000000080016f4                commandRespond
 .text.LOG_REPORT
                0x0000000008001794       0x8c Core/Src/common_def.o
                0x0000000008001794                LOG_REPORT
 .text.double2string
                0x0000000008001820      0x558 Core/Src/common_def.o
                0x0000000008001820                double2string
 .text.packPayload
                0x0000000008001d78       0xd4 Core/Src/communicate_payload.o
                0x0000000008001d78                packPayload
 .text.unPackPayload
                0x0000000008001e4c       0xec Core/Src/communicate_payload.o
                0x0000000008001e4c                unPackPayload
 .text.MX_DMA_Init
                0x0000000008001f38       0x40 Core/Src/dma.o
                0x0000000008001f38                MX_DMA_Init
 .text.vApplicationGetIdleTaskMemory
                0x0000000008001f78       0x34 Core/Src/freertos.o
                0x0000000008001f78                vApplicationGetIdleTaskMemory
 .text.MX_FREERTOS_Init
                0x0000000008001fac       0xa8 Core/Src/freertos.o
                0x0000000008001fac                MX_FREERTOS_Init
 *fill*         0x0000000008002054        0x4 
 .text.StartDefaultTask
                0x0000000008002058      0x670 Core/Src/freertos.o
                0x0000000008002058                StartDefaultTask
 .text.Start_USB_RX_Task
                0x00000000080026c8      0x250 Core/Src/freertos.o
                0x00000000080026c8                Start_USB_RX_Task
 .text.MX_GPIO_Init
                0x0000000008002918       0x50 Core/Src/gpio.o
                0x0000000008002918                MX_GPIO_Init
 .text.kinematicForward
                0x0000000008002968      0x26c Core/Src/kinematic.o
                0x0000000008002968                kinematicForward
 *fill*         0x0000000008002bd4        0x4 
 .text.kinematicInverse
                0x0000000008002bd8      0x3f4 Core/Src/kinematic.o
                0x0000000008002bd8                kinematicInverse
 .text.main     0x0000000008002fcc       0x22 Core/Src/main.o
                0x0000000008002fcc                main
 *fill*         0x0000000008002fee        0x2 
 .text.SystemClock_Config
                0x0000000008002ff0       0xd4 Core/Src/main.o
                0x0000000008002ff0                SystemClock_Config
 .text.HAL_TIM_PeriodElapsedCallback
                0x00000000080030c4       0x24 Core/Src/main.o
                0x00000000080030c4                HAL_TIM_PeriodElapsedCallback
 .text.Error_Handler
                0x00000000080030e8        0xe Core/Src/main.o
                0x00000000080030e8                Error_Handler
 .text.ringBuff_PushChar
                0x00000000080030f6       0x70 Core/Src/ringbuffer.o
                0x00000000080030f6                ringBuff_PushChar
 .text.ringBuff_PopChar
                0x0000000008003166       0x70 Core/Src/ringbuffer.o
                0x0000000008003166                ringBuff_PopChar
 .text.ringBuff_PushArray
                0x00000000080031d6       0x50 Core/Src/ringbuffer.o
                0x00000000080031d6                ringBuff_PushArray
 .text.ringBuff_PopArray
                0x0000000008003226       0x42 Core/Src/ringbuffer.o
                0x0000000008003226                ringBuff_PopArray
 .text.ringBuff_DistanceOf
                0x0000000008003268       0xb6 Core/Src/ringbuffer.o
                0x0000000008003268                ringBuff_DistanceOf
 *fill*         0x000000000800331e        0x2 
 .text.scaraInitDuty
                0x0000000008003320     0x1344 Core/Src/robot_scara.o
                0x0000000008003320                scaraInitDuty
 .text.scaraInitLine
                0x0000000008004664      0x186 Core/Src/robot_scara.o
                0x0000000008004664                scaraInitLine
 *fill*         0x00000000080047ea        0x6 
 .text.scaraInitCircle
                0x00000000080047f0      0x2ec Core/Src/robot_scara.o
                0x00000000080047f0                scaraInitCircle
 *fill*         0x0000000008004adc        0x4 
 .text.scaraInitLSPB
                0x0000000008004ae0      0x71c Core/Src/robot_scara.o
                0x0000000008004ae0                scaraInitLSPB
 *fill*         0x00000000080051fc        0x4 
 .text.scaraInitScurve
                0x0000000008005200      0x684 Core/Src/robot_scara.o
                0x0000000008005200                scaraInitScurve
 .text.scaraFlowDuty
                0x0000000008005884      0x508 Core/Src/robot_scara.o
                0x0000000008005884                scaraFlowDuty
 *fill*         0x0000000008005d8c        0x4 
 .text.scaraFlowLine
                0x0000000008005d90      0x110 Core/Src/robot_scara.o
                0x0000000008005d90                scaraFlowLine
 .text.scaraFlowCircle
                0x0000000008005ea0      0x110 Core/Src/robot_scara.o
                0x0000000008005ea0                scaraFlowCircle
 .text.scaraFlowLSPB
                0x0000000008005fb0      0x358 Core/Src/robot_scara.o
                0x0000000008005fb0                scaraFlowLSPB
 .text.scaraFLowScurve
                0x0000000008006308      0xdc8 Core/Src/robot_scara.o
                0x0000000008006308                scaraFLowScurve
 .text.scaraCheckWorkSpace4
                0x00000000080070d0      0x10c Core/Src/robot_scara.o
                0x00000000080070d0                scaraCheckWorkSpace4
 *fill*         0x00000000080071dc        0x4 
 .text.scaraCheckWorkSpace1
                0x00000000080071e0      0x12c Core/Src/robot_scara.o
                0x00000000080071e0                scaraCheckWorkSpace1
 .text.scaraSetOutput
                0x000000000800730c       0x20 Core/Src/robot_scara.o
                0x000000000800730c                scaraSetOutput
 .text.scaraSetDutyState
                0x000000000800732c       0x20 Core/Src/robot_scara.o
                0x000000000800732c                scaraSetDutyState
 .text.scaraGetPosition
                0x000000000800734c       0x20 Core/Src/robot_scara.o
                0x000000000800734c                scaraGetPosition
 .text.scaraSetMode
                0x000000000800736c       0x20 Core/Src/robot_scara.o
                0x000000000800736c                scaraSetMode
 .text.scaraGetMode
                0x000000000800738c       0x18 Core/Src/robot_scara.o
                0x000000000800738c                scaraGetMode
 .text.scaraGetDutyState
                0x00000000080073a4       0x18 Core/Src/robot_scara.o
                0x00000000080073a4                scaraGetDutyState
 .text.scaraIsScanLimit
                0x00000000080073bc       0x18 Core/Src/robot_scara.o
                0x00000000080073bc                scaraIsScanLimit
 *fill*         0x00000000080073d4        0x4 
 .text.scaraIsFinish
                0x00000000080073d8       0x54 Core/Src/robot_scara.o
                0x00000000080073d8                scaraIsFinish
 *fill*         0x000000000800742c        0x4 
 .text.scaraPosition2String
                0x0000000008007430      0x220 Core/Src/robot_scara.o
                0x0000000008007430                scaraPosition2String
 .text.HAL_MspInit
                0x0000000008007650       0x58 Core/Src/stm32f4xx_hal_msp.o
                0x0000000008007650                HAL_MspInit
 .text.HAL_InitTick
                0x00000000080076a8       0xb4 Core/Src/stm32f4xx_hal_timebase_tim.o
                0x00000000080076a8                HAL_InitTick
 .text.NMI_Handler
                0x000000000800775c        0xe Core/Src/stm32f4xx_it.o
                0x000000000800775c                NMI_Handler
 *fill*         0x000000000800776a        0x2 
 .text.HardFault_Handler
                0x000000000800776c       0x14 Core/Src/stm32f4xx_it.o
                0x000000000800776c                HardFault_Handler
 .text.MemManage_Handler
                0x0000000008007780       0x14 Core/Src/stm32f4xx_it.o
                0x0000000008007780                MemManage_Handler
 .text.BusFault_Handler
                0x0000000008007794       0x14 Core/Src/stm32f4xx_it.o
                0x0000000008007794                BusFault_Handler
 .text.UsageFault_Handler
                0x00000000080077a8        0x6 Core/Src/stm32f4xx_it.o
                0x00000000080077a8                UsageFault_Handler
 .text.DebugMon_Handler
                0x00000000080077ae        0xe Core/Src/stm32f4xx_it.o
                0x00000000080077ae                DebugMon_Handler
 .text.DMA1_Stream4_IRQHandler
                0x00000000080077bc       0x14 Core/Src/stm32f4xx_it.o
                0x00000000080077bc                DMA1_Stream4_IRQHandler
 .text.UART4_IRQHandler
                0x00000000080077d0       0x14 Core/Src/stm32f4xx_it.o
                0x00000000080077d0                UART4_IRQHandler
 .text.TIM6_DAC_IRQHandler
                0x00000000080077e4       0x14 Core/Src/stm32f4xx_it.o
                0x00000000080077e4                TIM6_DAC_IRQHandler
 .text.OTG_FS_IRQHandler
                0x00000000080077f8       0x14 Core/Src/stm32f4xx_it.o
                0x00000000080077f8                OTG_FS_IRQHandler
 .text._sbrk    0x000000000800780c       0x58 Core/Src/sysmem.o
                0x000000000800780c                _sbrk
 .text.SystemInit
                0x0000000008007864       0x2c Core/Src/system_stm32f4xx.o
                0x0000000008007864                SystemInit
 .text.MX_UART4_Init
                0x0000000008007890       0x54 Core/Src/usart.o
                0x0000000008007890                MX_UART4_Init
 .text.HAL_UART_MspInit
                0x00000000080078e4      0x104 Core/Src/usart.o
                0x00000000080078e4                HAL_UART_MspInit
 .text.HAL_UART_TxCpltCallback
                0x00000000080079e8       0x50 Core/Src/usart.o
                0x00000000080079e8                HAL_UART_TxCpltCallback
 .text.Reset_Handler
                0x0000000008007a38       0x50 Core/Startup/startup_stm32f407vgtx.o
                0x0000000008007a38                Reset_Handler
 .text.Default_Handler
                0x0000000008007a88        0x2 Core/Startup/startup_stm32f407vgtx.o
                0x0000000008007a88                RTC_Alarm_IRQHandler
                0x0000000008007a88                HASH_RNG_IRQHandler
                0x0000000008007a88                EXTI2_IRQHandler
                0x0000000008007a88                TIM8_CC_IRQHandler
                0x0000000008007a88                TIM1_CC_IRQHandler
                0x0000000008007a88                DMA2_Stream5_IRQHandler
                0x0000000008007a88                DMA1_Stream5_IRQHandler
                0x0000000008007a88                PVD_IRQHandler
                0x0000000008007a88                SDIO_IRQHandler
                0x0000000008007a88                TAMP_STAMP_IRQHandler
                0x0000000008007a88                CAN2_RX1_IRQHandler
                0x0000000008007a88                EXTI3_IRQHandler
                0x0000000008007a88                TIM8_TRG_COM_TIM14_IRQHandler
                0x0000000008007a88                TIM1_UP_TIM10_IRQHandler
                0x0000000008007a88                TIM8_UP_TIM13_IRQHandler
                0x0000000008007a88                I2C3_ER_IRQHandler
                0x0000000008007a88                EXTI0_IRQHandler
                0x0000000008007a88                I2C2_EV_IRQHandler
                0x0000000008007a88                DMA1_Stream2_IRQHandler
                0x0000000008007a88                CAN1_RX0_IRQHandler
                0x0000000008007a88                FPU_IRQHandler
                0x0000000008007a88                OTG_HS_WKUP_IRQHandler
                0x0000000008007a88                CAN2_SCE_IRQHandler
                0x0000000008007a88                DMA2_Stream2_IRQHandler
                0x0000000008007a88                SPI1_IRQHandler
                0x0000000008007a88                TIM1_BRK_TIM9_IRQHandler
                0x0000000008007a88                DCMI_IRQHandler
                0x0000000008007a88                CAN2_RX0_IRQHandler
                0x0000000008007a88                DMA2_Stream3_IRQHandler
                0x0000000008007a88                USART6_IRQHandler
                0x0000000008007a88                USART3_IRQHandler
                0x0000000008007a88                CAN1_RX1_IRQHandler
                0x0000000008007a88                UART5_IRQHandler
                0x0000000008007a88                DMA2_Stream0_IRQHandler
                0x0000000008007a88                TIM4_IRQHandler
                0x0000000008007a88                I2C1_EV_IRQHandler
                0x0000000008007a88                DMA1_Stream6_IRQHandler
                0x0000000008007a88                DMA1_Stream1_IRQHandler
                0x0000000008007a88                TIM3_IRQHandler
                0x0000000008007a88                RCC_IRQHandler
                0x0000000008007a88                TIM8_BRK_TIM12_IRQHandler
                0x0000000008007a88                Default_Handler
                0x0000000008007a88                EXTI15_10_IRQHandler
                0x0000000008007a88                ADC_IRQHandler
                0x0000000008007a88                DMA1_Stream7_IRQHandler
                0x0000000008007a88                TIM7_IRQHandler
                0x0000000008007a88                CAN2_TX_IRQHandler
                0x0000000008007a88                TIM5_IRQHandler
                0x0000000008007a88                DMA2_Stream7_IRQHandler
                0x0000000008007a88                I2C3_EV_IRQHandler
                0x0000000008007a88                EXTI9_5_IRQHandler
                0x0000000008007a88                RTC_WKUP_IRQHandler
                0x0000000008007a88                ETH_WKUP_IRQHandler
                0x0000000008007a88                SPI2_IRQHandler
                0x0000000008007a88                OTG_HS_EP1_IN_IRQHandler
                0x0000000008007a88                DMA1_Stream0_IRQHandler
                0x0000000008007a88                CAN1_TX_IRQHandler
                0x0000000008007a88                EXTI4_IRQHandler
                0x0000000008007a88                FSMC_IRQHandler
                0x0000000008007a88                ETH_IRQHandler
                0x0000000008007a88                OTG_HS_EP1_OUT_IRQHandler
                0x0000000008007a88                WWDG_IRQHandler
                0x0000000008007a88                TIM2_IRQHandler
                0x0000000008007a88                OTG_FS_WKUP_IRQHandler
                0x0000000008007a88                TIM1_TRG_COM_TIM11_IRQHandler
                0x0000000008007a88                OTG_HS_IRQHandler
                0x0000000008007a88                EXTI1_IRQHandler
                0x0000000008007a88                USART2_IRQHandler
                0x0000000008007a88                I2C2_ER_IRQHandler
                0x0000000008007a88                DMA2_Stream1_IRQHandler
                0x0000000008007a88                CAN1_SCE_IRQHandler
                0x0000000008007a88                FLASH_IRQHandler
                0x0000000008007a88                DMA2_Stream4_IRQHandler
                0x0000000008007a88                USART1_IRQHandler
                0x0000000008007a88                SPI3_IRQHandler
                0x0000000008007a88                I2C1_ER_IRQHandler
                0x0000000008007a88                DMA2_Stream6_IRQHandler
                0x0000000008007a88                DMA1_Stream3_IRQHandler
 *fill*         0x0000000008007a8a        0x2 
 .text.HAL_Init
                0x0000000008007a8c       0x44 Drivers/STM32F4xx_HAL_Driver/Src/stm32f4xx_hal.o
                0x0000000008007a8c                HAL_Init
 .text.HAL_IncTick
                0x0000000008007ad0       0x28 Drivers/STM32F4xx_HAL_Driver/Src/stm32f4xx_hal.o
                0x0000000008007ad0                HAL_IncTick
 .text.HAL_GetTick
                0x0000000008007af8       0x18 Drivers/STM32F4xx_HAL_Driver/Src/stm32f4xx_hal.o
                0x0000000008007af8                HAL_GetTick
 .text.HAL_Delay
                0x0000000008007b10       0x44 Drivers/STM32F4xx_HAL_Driver/Src/stm32f4xx_hal.o
                0x0000000008007b10                HAL_Delay
 .text.__NVIC_SetPriorityGrouping
                0x0000000008007b54       0x48 Drivers/STM32F4xx_HAL_Driver/Src/stm32f4xx_hal_cortex.o
 .text.__NVIC_GetPriorityGrouping
                0x0000000008007b9c       0x1c Drivers/STM32F4xx_HAL_Driver/Src/stm32f4xx_hal_cortex.o
 .text.__NVIC_EnableIRQ
                0x0000000008007bb8       0x3c Drivers/STM32F4xx_HAL_Driver/Src/stm32f4xx_hal_cortex.o
 .text.__NVIC_SetPriority
                0x0000000008007bf4       0x54 Drivers/STM32F4xx_HAL_Driver/Src/stm32f4xx_hal_cortex.o
 .text.NVIC_EncodePriority
                0x0000000008007c48       0x66 Drivers/STM32F4xx_HAL_Driver/Src/stm32f4xx_hal_cortex.o
 .text.HAL_NVIC_SetPriorityGrouping
                0x0000000008007cae       0x16 Drivers/STM32F4xx_HAL_Driver/Src/stm32f4xx_hal_cortex.o
                0x0000000008007cae                HAL_NVIC_SetPriorityGrouping
 .text.HAL_NVIC_SetPriority
                0x0000000008007cc4       0x38 Drivers/STM32F4xx_HAL_Driver/Src/stm32f4xx_hal_cortex.o
                0x0000000008007cc4                HAL_NVIC_SetPriority
 .text.HAL_NVIC_EnableIRQ
                0x0000000008007cfc       0x1c Drivers/STM32F4xx_HAL_Driver/Src/stm32f4xx_hal_cortex.o
                0x0000000008007cfc                HAL_NVIC_EnableIRQ
 .text.HAL_DMA_Init
                0x0000000008007d18      0x15c Drivers/STM32F4xx_HAL_Driver/Src/stm32f4xx_hal_dma.o
                0x0000000008007d18                HAL_DMA_Init
 .text.HAL_DMA_Start_IT
                0x0000000008007e74       0xb0 Drivers/STM32F4xx_HAL_Driver/Src/stm32f4xx_hal_dma.o
                0x0000000008007e74                HAL_DMA_Start_IT
 .text.HAL_DMA_Abort_IT
                0x0000000008007f24       0x44 Drivers/STM32F4xx_HAL_Driver/Src/stm32f4xx_hal_dma.o
                0x0000000008007f24                HAL_DMA_Abort_IT
 .text.HAL_DMA_IRQHandler
                0x0000000008007f68      0x314 Drivers/STM32F4xx_HAL_Driver/Src/stm32f4xx_hal_dma.o
                0x0000000008007f68                HAL_DMA_IRQHandler
 .text.HAL_DMA_GetState
                0x000000000800827c       0x1c Drivers/STM32F4xx_HAL_Driver/Src/stm32f4xx_hal_dma.o
                0x000000000800827c                HAL_DMA_GetState
 .text.DMA_SetConfig
                0x0000000008008298       0x5c Drivers/STM32F4xx_HAL_Driver/Src/stm32f4xx_hal_dma.o
 .text.DMA_CalcBaseAndBitshift
                0x00000000080082f4       0x6c Drivers/STM32F4xx_HAL_Driver/Src/stm32f4xx_hal_dma.o
 .text.DMA_CheckFifoParam
                0x0000000008008360       0xf4 Drivers/STM32F4xx_HAL_Driver/Src/stm32f4xx_hal_dma.o
 .text.HAL_GPIO_Init
                0x0000000008008454      0x334 Drivers/STM32F4xx_HAL_Driver/Src/stm32f4xx_hal_gpio.o
                0x0000000008008454                HAL_GPIO_Init
 .text.HAL_PCD_Init
                0x0000000008008788      0x23a Drivers/STM32F4xx_HAL_Driver/Src/stm32f4xx_hal_pcd.o
                0x0000000008008788                HAL_PCD_Init
 .text.HAL_PCD_Start
                0x00000000080089c2       0x66 Drivers/STM32F4xx_HAL_Driver/Src/stm32f4xx_hal_pcd.o
                0x00000000080089c2                HAL_PCD_Start
 .text.HAL_PCD_IRQHandler
                0x0000000008008a28      0x746 Drivers/STM32F4xx_HAL_Driver/Src/stm32f4xx_hal_pcd.o
                0x0000000008008a28                HAL_PCD_IRQHandler
 .text.HAL_PCD_SetAddress
                0x000000000800916e       0x4a Drivers/STM32F4xx_HAL_Driver/Src/stm32f4xx_hal_pcd.o
                0x000000000800916e                HAL_PCD_SetAddress
 .text.HAL_PCD_EP_Open
                0x00000000080091b8       0xd0 Drivers/STM32F4xx_HAL_Driver/Src/stm32f4xx_hal_pcd.o
                0x00000000080091b8                HAL_PCD_EP_Open
 .text.HAL_PCD_EP_Close
                0x0000000008009288       0x94 Drivers/STM32F4xx_HAL_Driver/Src/stm32f4xx_hal_pcd.o
                0x0000000008009288                HAL_PCD_EP_Close
 .text.HAL_PCD_EP_Receive
                0x000000000800931c       0x96 Drivers/STM32F4xx_HAL_Driver/Src/stm32f4xx_hal_pcd.o
                0x000000000800931c                HAL_PCD_EP_Receive
 .text.HAL_PCD_EP_GetRxCount
                0x00000000080093b2       0x30 Drivers/STM32F4xx_HAL_Driver/Src/stm32f4xx_hal_pcd.o
                0x00000000080093b2                HAL_PCD_EP_GetRxCount
 .text.HAL_PCD_EP_Transmit
                0x00000000080093e2       0x94 Drivers/STM32F4xx_HAL_Driver/Src/stm32f4xx_hal_pcd.o
                0x00000000080093e2                HAL_PCD_EP_Transmit
 .text.HAL_PCD_EP_SetStall
                0x0000000008009476       0xc8 Drivers/STM32F4xx_HAL_Driver/Src/stm32f4xx_hal_pcd.o
                0x0000000008009476                HAL_PCD_EP_SetStall
 .text.HAL_PCD_EP_ClrStall
                0x000000000800953e       0xac Drivers/STM32F4xx_HAL_Driver/Src/stm32f4xx_hal_pcd.o
                0x000000000800953e                HAL_PCD_EP_ClrStall
 .text.PCD_WriteEmptyTxFifo
                0x00000000080095ea      0x11a Drivers/STM32F4xx_HAL_Driver/Src/stm32f4xx_hal_pcd.o
 .text.PCD_EP_OutXfrComplete_int
                0x0000000008009704      0x210 Drivers/STM32F4xx_HAL_Driver/Src/stm32f4xx_hal_pcd.o
 .text.PCD_EP_OutSetupPacket_int
                0x0000000008009914       0xc0 Drivers/STM32F4xx_HAL_Driver/Src/stm32f4xx_hal_pcd.o
 .text.HAL_PCDEx_SetTxFiFo
                0x00000000080099d4       0x8e Drivers/STM32F4xx_HAL_Driver/Src/stm32f4xx_hal_pcd_ex.o
                0x00000000080099d4                HAL_PCDEx_SetTxFiFo
 .text.HAL_PCDEx_SetRxFiFo
                0x0000000008009a62       0x22 Drivers/STM32F4xx_HAL_Driver/Src/stm32f4xx_hal_pcd_ex.o
                0x0000000008009a62                HAL_PCDEx_SetRxFiFo
 .text.HAL_PCDEx_LPM_Callback
                0x0000000008009a84       0x18 Drivers/STM32F4xx_HAL_Driver/Src/stm32f4xx_hal_pcd_ex.o
                0x0000000008009a84                HAL_PCDEx_LPM_Callback
 .text.HAL_RCC_OscConfig
                0x0000000008009a9c      0x4e0 Drivers/STM32F4xx_HAL_Driver/Src/stm32f4xx_hal_rcc.o
                0x0000000008009a9c                HAL_RCC_OscConfig
 .text.HAL_RCC_ClockConfig
                0x0000000008009f7c      0x1cc Drivers/STM32F4xx_HAL_Driver/Src/stm32f4xx_hal_rcc.o
                0x0000000008009f7c                HAL_RCC_ClockConfig
 .text.HAL_RCC_GetSysClockFreq
                0x000000000800a148      0x1b0 Drivers/STM32F4xx_HAL_Driver/Src/stm32f4xx_hal_rcc.o
                0x000000000800a148                HAL_RCC_GetSysClockFreq
 .text.HAL_RCC_GetHCLKFreq
                0x000000000800a2f8       0x18 Drivers/STM32F4xx_HAL_Driver/Src/stm32f4xx_hal_rcc.o
                0x000000000800a2f8                HAL_RCC_GetHCLKFreq
 .text.HAL_RCC_GetPCLK1Freq
                0x000000000800a310       0x28 Drivers/STM32F4xx_HAL_Driver/Src/stm32f4xx_hal_rcc.o
                0x000000000800a310                HAL_RCC_GetPCLK1Freq
 .text.HAL_RCC_GetPCLK2Freq
                0x000000000800a338       0x28 Drivers/STM32F4xx_HAL_Driver/Src/stm32f4xx_hal_rcc.o
                0x000000000800a338                HAL_RCC_GetPCLK2Freq
 .text.HAL_RCC_GetClockConfig
                0x000000000800a360       0x64 Drivers/STM32F4xx_HAL_Driver/Src/stm32f4xx_hal_rcc.o
                0x000000000800a360                HAL_RCC_GetClockConfig
 .text.HAL_TIM_Base_Init
                0x000000000800a3c4       0x56 Drivers/STM32F4xx_HAL_Driver/Src/stm32f4xx_hal_tim.o
                0x000000000800a3c4                HAL_TIM_Base_Init
 .text.HAL_TIM_Base_MspInit
                0x000000000800a41a       0x14 Drivers/STM32F4xx_HAL_Driver/Src/stm32f4xx_hal_tim.o
                0x000000000800a41a                HAL_TIM_Base_MspInit
 .text.HAL_TIM_Base_Start_IT
                0x000000000800a42e       0x48 Drivers/STM32F4xx_HAL_Driver/Src/stm32f4xx_hal_tim.o
                0x000000000800a42e                HAL_TIM_Base_Start_IT
 .text.HAL_TIM_IRQHandler
                0x000000000800a476      0x210 Drivers/STM32F4xx_HAL_Driver/Src/stm32f4xx_hal_tim.o
                0x000000000800a476                HAL_TIM_IRQHandler
 .text.HAL_TIM_OC_DelayElapsedCallback
                0x000000000800a686       0x14 Drivers/STM32F4xx_HAL_Driver/Src/stm32f4xx_hal_tim.o
                0x000000000800a686                HAL_TIM_OC_DelayElapsedCallback
 .text.HAL_TIM_IC_CaptureCallback
                0x000000000800a69a       0x14 Drivers/STM32F4xx_HAL_Driver/Src/stm32f4xx_hal_tim.o
                0x000000000800a69a                HAL_TIM_IC_CaptureCallback
 .text.HAL_TIM_PWM_PulseFinishedCallback
                0x000000000800a6ae       0x14 Drivers/STM32F4xx_HAL_Driver/Src/stm32f4xx_hal_tim.o
                0x000000000800a6ae                HAL_TIM_PWM_PulseFinishedCallback
 .text.HAL_TIM_TriggerCallback
                0x000000000800a6c2       0x14 Drivers/STM32F4xx_HAL_Driver/Src/stm32f4xx_hal_tim.o
                0x000000000800a6c2                HAL_TIM_TriggerCallback
 *fill*         0x000000000800a6d6        0x2 
 .text.TIM_Base_SetConfig
                0x000000000800a6d8      0x140 Drivers/STM32F4xx_HAL_Driver/Src/stm32f4xx_hal_tim.o
                0x000000000800a6d8                TIM_Base_SetConfig
 .text.HAL_TIMEx_CommutCallback
                0x000000000800a818       0x14 Drivers/STM32F4xx_HAL_Driver/Src/stm32f4xx_hal_tim_ex.o
                0x000000000800a818                HAL_TIMEx_CommutCallback
 .text.HAL_TIMEx_BreakCallback
                0x000000000800a82c       0x14 Drivers/STM32F4xx_HAL_Driver/Src/stm32f4xx_hal_tim_ex.o
                0x000000000800a82c                HAL_TIMEx_BreakCallback
 .text.HAL_UART_Init
                0x000000000800a840       0x9a Drivers/STM32F4xx_HAL_Driver/Src/stm32f4xx_hal_uart.o
                0x000000000800a840                HAL_UART_Init
 *fill*         0x000000000800a8da        0x2 
 .text.HAL_UART_Transmit_DMA
                0x000000000800a8dc       0xd8 Drivers/STM32F4xx_HAL_Driver/Src/stm32f4xx_hal_uart.o
                0x000000000800a8dc                HAL_UART_Transmit_DMA
 .text.HAL_UART_IRQHandler
                0x000000000800a9b4      0x200 Drivers/STM32F4xx_HAL_Driver/Src/stm32f4xx_hal_uart.o
                0x000000000800a9b4                HAL_UART_IRQHandler
 .text.HAL_UART_TxHalfCpltCallback
                0x000000000800abb4       0x14 Drivers/STM32F4xx_HAL_Driver/Src/stm32f4xx_hal_uart.o
                0x000000000800abb4                HAL_UART_TxHalfCpltCallback
 .text.HAL_UART_RxCpltCallback
                0x000000000800abc8       0x14 Drivers/STM32F4xx_HAL_Driver/Src/stm32f4xx_hal_uart.o
                0x000000000800abc8                HAL_UART_RxCpltCallback
 .text.HAL_UART_ErrorCallback
                0x000000000800abdc       0x14 Drivers/STM32F4xx_HAL_Driver/Src/stm32f4xx_hal_uart.o
                0x000000000800abdc                HAL_UART_ErrorCallback
 .text.UART_DMATransmitCplt
                0x000000000800abf0       0x52 Drivers/STM32F4xx_HAL_Driver/Src/stm32f4xx_hal_uart.o
 .text.UART_DMATxHalfCplt
                0x000000000800ac42       0x1c Drivers/STM32F4xx_HAL_Driver/Src/stm32f4xx_hal_uart.o
 .text.UART_DMAError
                0x000000000800ac5e       0x94 Drivers/STM32F4xx_HAL_Driver/Src/stm32f4xx_hal_uart.o
 .text.UART_EndTxTransfer
                0x000000000800acf2       0x2c Drivers/STM32F4xx_HAL_Driver/Src/stm32f4xx_hal_uart.o
 .text.UART_EndRxTransfer
                0x000000000800ad1e       0x3c Drivers/STM32F4xx_HAL_Driver/Src/stm32f4xx_hal_uart.o
 .text.UART_DMAAbortOnError
                0x000000000800ad5a       0x28 Drivers/STM32F4xx_HAL_Driver/Src/stm32f4xx_hal_uart.o
 .text.UART_Transmit_IT
                0x000000000800ad82       0xac Drivers/STM32F4xx_HAL_Driver/Src/stm32f4xx_hal_uart.o
 .text.UART_EndTransmit_IT
                0x000000000800ae2e       0x30 Drivers/STM32F4xx_HAL_Driver/Src/stm32f4xx_hal_uart.o
 .text.UART_Receive_IT
                0x000000000800ae5e      0x102 Drivers/STM32F4xx_HAL_Driver/Src/stm32f4xx_hal_uart.o
 .text.UART_SetConfig
                0x000000000800af60      0x6f8 Drivers/STM32F4xx_HAL_Driver/Src/stm32f4xx_hal_uart.o
 .text.USB_CoreInit
                0x000000000800b658       0xc2 Drivers/STM32F4xx_HAL_Driver/Src/stm32f4xx_ll_usb.o
                0x000000000800b658                USB_CoreInit
 *fill*         0x000000000800b71a        0x2 
 .text.USB_SetTurnaroundTime
                0x000000000800b71c      0x144 Drivers/STM32F4xx_HAL_Driver/Src/stm32f4xx_ll_usb.o
                0x000000000800b71c                USB_SetTurnaroundTime
 .text.USB_EnableGlobalInt
                0x000000000800b860       0x22 Drivers/STM32F4xx_HAL_Driver/Src/stm32f4xx_ll_usb.o
                0x000000000800b860                USB_EnableGlobalInt
 .text.USB_DisableGlobalInt
                0x000000000800b882       0x22 Drivers/STM32F4xx_HAL_Driver/Src/stm32f4xx_ll_usb.o
                0x000000000800b882                USB_DisableGlobalInt
 .text.USB_SetCurrentMode
                0x000000000800b8a4       0x54 Drivers/STM32F4xx_HAL_Driver/Src/stm32f4xx_ll_usb.o
                0x000000000800b8a4                USB_SetCurrentMode
 .text.USB_DevInit
                0x000000000800b8f8      0x2e4 Drivers/STM32F4xx_HAL_Driver/Src/stm32f4xx_ll_usb.o
                0x000000000800b8f8                USB_DevInit
 .text.USB_FlushTxFifo
                0x000000000800bbdc       0x4c Drivers/STM32F4xx_HAL_Driver/Src/stm32f4xx_ll_usb.o
                0x000000000800bbdc                USB_FlushTxFifo
 .text.USB_FlushRxFifo
                0x000000000800bc28       0x44 Drivers/STM32F4xx_HAL_Driver/Src/stm32f4xx_ll_usb.o
                0x000000000800bc28                USB_FlushRxFifo
 .text.USB_SetDevSpeed
                0x000000000800bc6c       0x32 Drivers/STM32F4xx_HAL_Driver/Src/stm32f4xx_ll_usb.o
                0x000000000800bc6c                USB_SetDevSpeed
 .text.USB_GetDevSpeed
                0x000000000800bc9e       0x4a Drivers/STM32F4xx_HAL_Driver/Src/stm32f4xx_ll_usb.o
                0x000000000800bc9e                USB_GetDevSpeed
 .text.USB_ActivateEndpoint
                0x000000000800bce8      0x10e Drivers/STM32F4xx_HAL_Driver/Src/stm32f4xx_ll_usb.o
                0x000000000800bce8                USB_ActivateEndpoint
 *fill*         0x000000000800bdf6        0x2 
 .text.USB_DeactivateEndpoint
                0x000000000800bdf8      0x108 Drivers/STM32F4xx_HAL_Driver/Src/stm32f4xx_ll_usb.o
                0x000000000800bdf8                USB_DeactivateEndpoint
 .text.USB_EPStartXfer
                0x000000000800bf00      0x488 Drivers/STM32F4xx_HAL_Driver/Src/stm32f4xx_ll_usb.o
                0x000000000800bf00                USB_EPStartXfer
 .text.USB_EP0StartXfer
                0x000000000800c388      0x2a6 Drivers/STM32F4xx_HAL_Driver/Src/stm32f4xx_ll_usb.o
                0x000000000800c388                USB_EP0StartXfer
 .text.USB_WritePacket
                0x000000000800c62e       0x6a Drivers/STM32F4xx_HAL_Driver/Src/stm32f4xx_ll_usb.o
                0x000000000800c62e                USB_WritePacket
 .text.USB_ReadPacket
                0x000000000800c698       0x52 Drivers/STM32F4xx_HAL_Driver/Src/stm32f4xx_ll_usb.o
                0x000000000800c698                USB_ReadPacket
 .text.USB_EPSetStall
                0x000000000800c6ea       0xdc Drivers/STM32F4xx_HAL_Driver/Src/stm32f4xx_ll_usb.o
                0x000000000800c6ea                USB_EPSetStall
 .text.USB_EPClearStall
                0x000000000800c7c6       0xcc Drivers/STM32F4xx_HAL_Driver/Src/stm32f4xx_ll_usb.o
                0x000000000800c7c6                USB_EPClearStall
 .text.USB_SetDevAddress
                0x000000000800c892       0x4c Drivers/STM32F4xx_HAL_Driver/Src/stm32f4xx_ll_usb.o
                0x000000000800c892                USB_SetDevAddress
 .text.USB_DevConnect
                0x000000000800c8de       0x30 Drivers/STM32F4xx_HAL_Driver/Src/stm32f4xx_ll_usb.o
                0x000000000800c8de                USB_DevConnect
 .text.USB_DevDisconnect
                0x000000000800c90e       0x30 Drivers/STM32F4xx_HAL_Driver/Src/stm32f4xx_ll_usb.o
                0x000000000800c90e                USB_DevDisconnect
 .text.USB_ReadInterrupts
                0x000000000800c93e       0x26 Drivers/STM32F4xx_HAL_Driver/Src/stm32f4xx_ll_usb.o
                0x000000000800c93e                USB_ReadInterrupts
 .text.USB_ReadDevAllOutEpInterrupt
                0x000000000800c964       0x34 Drivers/STM32F4xx_HAL_Driver/Src/stm32f4xx_ll_usb.o
                0x000000000800c964                USB_ReadDevAllOutEpInterrupt
 .text.USB_ReadDevAllInEpInterrupt
                0x000000000800c998       0x34 Drivers/STM32F4xx_HAL_Driver/Src/stm32f4xx_ll_usb.o
                0x000000000800c998                USB_ReadDevAllInEpInterrupt
 .text.USB_ReadDevOutEPInterrupt
                0x000000000800c9cc       0x3c Drivers/STM32F4xx_HAL_Driver/Src/stm32f4xx_ll_usb.o
                0x000000000800c9cc                USB_ReadDevOutEPInterrupt
 .text.USB_ReadDevInEPInterrupt
                0x000000000800ca08       0x5c Drivers/STM32F4xx_HAL_Driver/Src/stm32f4xx_ll_usb.o
                0x000000000800ca08                USB_ReadDevInEPInterrupt
 .text.USB_GetMode
                0x000000000800ca64       0x1c Drivers/STM32F4xx_HAL_Driver/Src/stm32f4xx_ll_usb.o
                0x000000000800ca64                USB_GetMode
 .text.USB_ActivateSetup
                0x000000000800ca80       0x6a Drivers/STM32F4xx_HAL_Driver/Src/stm32f4xx_ll_usb.o
                0x000000000800ca80                USB_ActivateSetup
 *fill*         0x000000000800caea        0x2 
 .text.USB_EP0_OutStart
                0x000000000800caec       0xbc Drivers/STM32F4xx_HAL_Driver/Src/stm32f4xx_ll_usb.o
                0x000000000800caec                USB_EP0_OutStart
 .text.USB_CoreReset
                0x000000000800cba8       0x68 Drivers/STM32F4xx_HAL_Driver/Src/stm32f4xx_ll_usb.o
 .text.USBD_CDC_Init
                0x000000000800cc10       0xf6 Middlewares/ST/STM32_USB_Device_Library/Class/CDC/Src/usbd_cdc.o
 .text.USBD_CDC_DeInit
                0x000000000800cd06       0x6e Middlewares/ST/STM32_USB_Device_Library/Class/CDC/Src/usbd_cdc.o
 .text.USBD_CDC_Setup
                0x000000000800cd74      0x140 Middlewares/ST/STM32_USB_Device_Library/Class/CDC/Src/usbd_cdc.o
 .text.USBD_CDC_DataIn
                0x000000000800ceb4       0xa6 Middlewares/ST/STM32_USB_Device_Library/Class/CDC/Src/usbd_cdc.o
 .text.USBD_CDC_DataOut
                0x000000000800cf5a       0x56 Middlewares/ST/STM32_USB_Device_Library/Class/CDC/Src/usbd_cdc.o
 .text.USBD_CDC_EP0_RxReady
                0x000000000800cfb0       0x50 Middlewares/ST/STM32_USB_Device_Library/Class/CDC/Src/usbd_cdc.o
 .text.USBD_CDC_GetFSCfgDesc
                0x000000000800d000       0x20 Middlewares/ST/STM32_USB_Device_Library/Class/CDC/Src/usbd_cdc.o
 .text.USBD_CDC_GetHSCfgDesc
                0x000000000800d020       0x20 Middlewares/ST/STM32_USB_Device_Library/Class/CDC/Src/usbd_cdc.o
 .text.USBD_CDC_GetOtherSpeedCfgDesc
                0x000000000800d040       0x20 Middlewares/ST/STM32_USB_Device_Library/Class/CDC/Src/usbd_cdc.o
 .text.USBD_CDC_GetDeviceQualifierDescriptor
                0x000000000800d060       0x20 Middlewares/ST/STM32_USB_Device_Library/Class/CDC/Src/usbd_cdc.o
                0x000000000800d060                USBD_CDC_GetDeviceQualifierDescriptor
 .text.USBD_CDC_RegisterInterface
                0x000000000800d080       0x2e Middlewares/ST/STM32_USB_Device_Library/Class/CDC/Src/usbd_cdc.o
                0x000000000800d080                USBD_CDC_RegisterInterface
 .text.USBD_CDC_SetTxBuffer
                0x000000000800d0ae       0x34 Middlewares/ST/STM32_USB_Device_Library/Class/CDC/Src/usbd_cdc.o
                0x000000000800d0ae                USBD_CDC_SetTxBuffer
 .text.USBD_CDC_SetRxBuffer
                0x000000000800d0e2       0x28 Middlewares/ST/STM32_USB_Device_Library/Class/CDC/Src/usbd_cdc.o
                0x000000000800d0e2                USBD_CDC_SetRxBuffer
 .text.USBD_CDC_TransmitPacket
                0x000000000800d10a       0x5e Middlewares/ST/STM32_USB_Device_Library/Class/CDC/Src/usbd_cdc.o
                0x000000000800d10a                USBD_CDC_TransmitPacket
 .text.USBD_CDC_ReceivePacket
                0x000000000800d168       0x54 Middlewares/ST/STM32_USB_Device_Library/Class/CDC/Src/usbd_cdc.o
                0x000000000800d168                USBD_CDC_ReceivePacket
 .text.USBD_Init
                0x000000000800d1bc       0x56 Middlewares/ST/STM32_USB_Device_Library/Core/Src/usbd_core.o
                0x000000000800d1bc                USBD_Init
 .text.USBD_RegisterClass
                0x000000000800d212       0x34 Middlewares/ST/STM32_USB_Device_Library/Core/Src/usbd_core.o
                0x000000000800d212                USBD_RegisterClass
 .text.USBD_Start
                0x000000000800d246       0x18 Middlewares/ST/STM32_USB_Device_Library/Core/Src/usbd_core.o
                0x000000000800d246                USBD_Start
 .text.USBD_RunTestMode
                0x000000000800d25e       0x16 Middlewares/ST/STM32_USB_Device_Library/Core/Src/usbd_core.o
                0x000000000800d25e                USBD_RunTestMode
 .text.USBD_SetClassConfig
                0x000000000800d274       0x3e Middlewares/ST/STM32_USB_Device_Library/Core/Src/usbd_core.o
                0x000000000800d274                USBD_SetClassConfig
 .text.USBD_ClrClassConfig
                0x000000000800d2b2       0x26 Middlewares/ST/STM32_USB_Device_Library/Core/Src/usbd_core.o
                0x000000000800d2b2                USBD_ClrClassConfig
 .text.USBD_LL_SetupStage
                0x000000000800d2d8       0x96 Middlewares/ST/STM32_USB_Device_Library/Core/Src/usbd_core.o
                0x000000000800d2d8                USBD_LL_SetupStage
 .text.USBD_LL_DataOutStage
                0x000000000800d36e       0xe2 Middlewares/ST/STM32_USB_Device_Library/Core/Src/usbd_core.o
                0x000000000800d36e                USBD_LL_DataOutStage
 .text.USBD_LL_DataInStage
                0x000000000800d450      0x14a Middlewares/ST/STM32_USB_Device_Library/Core/Src/usbd_core.o
                0x000000000800d450                USBD_LL_DataInStage
 .text.USBD_LL_Reset
                0x000000000800d59a       0x82 Middlewares/ST/STM32_USB_Device_Library/Core/Src/usbd_core.o
                0x000000000800d59a                USBD_LL_Reset
 .text.USBD_LL_SetSpeed
                0x000000000800d61c       0x20 Middlewares/ST/STM32_USB_Device_Library/Core/Src/usbd_core.o
                0x000000000800d61c                USBD_LL_SetSpeed
 .text.USBD_LL_Suspend
                0x000000000800d63c       0x2a Middlewares/ST/STM32_USB_Device_Library/Core/Src/usbd_core.o
                0x000000000800d63c                USBD_LL_Suspend
 .text.USBD_LL_Resume
                0x000000000800d666       0x22 Middlewares/ST/STM32_USB_Device_Library/Core/Src/usbd_core.o
                0x000000000800d666                USBD_LL_Resume
 .text.USBD_LL_SOF
                0x000000000800d688       0x34 Middlewares/ST/STM32_USB_Device_Library/Core/Src/usbd_core.o
                0x000000000800d688                USBD_LL_SOF
 .text.USBD_LL_IsoINIncomplete
                0x000000000800d6bc       0x1a Middlewares/ST/STM32_USB_Device_Library/Core/Src/usbd_core.o
                0x000000000800d6bc                USBD_LL_IsoINIncomplete
 .text.USBD_LL_IsoOUTIncomplete
                0x000000000800d6d6       0x1a Middlewares/ST/STM32_USB_Device_Library/Core/Src/usbd_core.o
                0x000000000800d6d6                USBD_LL_IsoOUTIncomplete
 .text.USBD_LL_DevConnected
                0x000000000800d6f0       0x16 Middlewares/ST/STM32_USB_Device_Library/Core/Src/usbd_core.o
                0x000000000800d6f0                USBD_LL_DevConnected
 .text.USBD_LL_DevDisconnected
                0x000000000800d706       0x2e Middlewares/ST/STM32_USB_Device_Library/Core/Src/usbd_core.o
                0x000000000800d706                USBD_LL_DevDisconnected
 .text.USBD_StdDevReq
                0x000000000800d734       0xd4 Middlewares/ST/STM32_USB_Device_Library/Core/Src/usbd_ctlreq.o
                0x000000000800d734                USBD_StdDevReq
 .text.USBD_StdItfReq
                0x000000000800d808       0x8c Middlewares/ST/STM32_USB_Device_Library/Core/Src/usbd_ctlreq.o
                0x000000000800d808                USBD_StdItfReq
 .text.USBD_StdEPReq
                0x000000000800d894      0x2b6 Middlewares/ST/STM32_USB_Device_Library/Core/Src/usbd_ctlreq.o
                0x000000000800d894                USBD_StdEPReq
 *fill*         0x000000000800db4a        0x2 
 .text.USBD_GetDescriptor
                0x000000000800db4c      0x1f4 Middlewares/ST/STM32_USB_Device_Library/Core/Src/usbd_ctlreq.o
 .text.USBD_SetAddress
                0x000000000800dd40       0x84 Middlewares/ST/STM32_USB_Device_Library/Core/Src/usbd_ctlreq.o
 .text.USBD_SetConfig
                0x000000000800ddc4      0x11c Middlewares/ST/STM32_USB_Device_Library/Core/Src/usbd_ctlreq.o
 .text.USBD_GetConfig
                0x000000000800dee0       0x68 Middlewares/ST/STM32_USB_Device_Library/Core/Src/usbd_ctlreq.o
 .text.USBD_GetStatus
                0x000000000800df48       0x66 Middlewares/ST/STM32_USB_Device_Library/Core/Src/usbd_ctlreq.o
 .text.USBD_SetFeature
                0x000000000800dfae       0x28 Middlewares/ST/STM32_USB_Device_Library/Core/Src/usbd_ctlreq.o
 .text.USBD_ClrFeature
                0x000000000800dfd6       0x42 Middlewares/ST/STM32_USB_Device_Library/Core/Src/usbd_ctlreq.o
 .text.USBD_ParseSetupRequest
                0x000000000800e018       0x7a Middlewares/ST/STM32_USB_Device_Library/Core/Src/usbd_ctlreq.o
                0x000000000800e018                USBD_ParseSetupRequest
 .text.USBD_CtlError
                0x000000000800e092       0x22 Middlewares/ST/STM32_USB_Device_Library/Core/Src/usbd_ctlreq.o
                0x000000000800e092                USBD_CtlError
 .text.USBD_GetString
                0x000000000800e0b4       0x84 Middlewares/ST/STM32_USB_Device_Library/Core/Src/usbd_ctlreq.o
                0x000000000800e0b4                USBD_GetString
 .text.USBD_GetLen
                0x000000000800e138       0x30 Middlewares/ST/STM32_USB_Device_Library/Core/Src/usbd_ctlreq.o
 .text.USBD_CtlSendData
                0x000000000800e168       0x38 Middlewares/ST/STM32_USB_Device_Library/Core/Src/usbd_ioreq.o
                0x000000000800e168                USBD_CtlSendData
 .text.USBD_CtlContinueSendData
                0x000000000800e1a0       0x24 Middlewares/ST/STM32_USB_Device_Library/Core/Src/usbd_ioreq.o
                0x000000000800e1a0                USBD_CtlContinueSendData
 .text.USBD_CtlPrepareRx
                0x000000000800e1c4       0x3c Middlewares/ST/STM32_USB_Device_Library/Core/Src/usbd_ioreq.o
                0x000000000800e1c4                USBD_CtlPrepareRx
 .text.USBD_CtlContinueRx
                0x000000000800e200       0x24 Middlewares/ST/STM32_USB_Device_Library/Core/Src/usbd_ioreq.o
                0x000000000800e200                USBD_CtlContinueRx
 .text.USBD_CtlSendStatus
                0x000000000800e224       0x26 Middlewares/ST/STM32_USB_Device_Library/Core/Src/usbd_ioreq.o
                0x000000000800e224                USBD_CtlSendStatus
 .text.USBD_CtlReceiveStatus
                0x000000000800e24a       0x26 Middlewares/ST/STM32_USB_Device_Library/Core/Src/usbd_ioreq.o
                0x000000000800e24a                USBD_CtlReceiveStatus
 .text.makeFreeRtosPriority
                0x000000000800e270       0x30 Middlewares/Third_Party/FreeRTOS/Source/CMSIS_RTOS/cmsis_os.o
 .text.inHandlerMode
                0x000000000800e2a0       0x24 Middlewares/Third_Party/FreeRTOS/Source/CMSIS_RTOS/cmsis_os.o
 .text.osKernelStart
                0x000000000800e2c4        0xe Middlewares/Third_Party/FreeRTOS/Source/CMSIS_RTOS/cmsis_os.o
                0x000000000800e2c4                osKernelStart
 .text.osThreadCreate
                0x000000000800e2d2       0x98 Middlewares/Third_Party/FreeRTOS/Source/CMSIS_RTOS/cmsis_os.o
                0x000000000800e2d2                osThreadCreate
 .text.osDelay  0x000000000800e36a       0x28 Middlewares/Third_Party/FreeRTOS/Source/CMSIS_RTOS/cmsis_os.o
                0x000000000800e36a                osDelay
 .text.osMutexCreate
                0x000000000800e392       0x30 Middlewares/Third_Party/FreeRTOS/Source/CMSIS_RTOS/cmsis_os.o
                0x000000000800e392                osMutexCreate
 *fill*         0x000000000800e3c2        0x2 
 .text.osMutexWait
                0x000000000800e3c4       0x9c Middlewares/Third_Party/FreeRTOS/Source/CMSIS_RTOS/cmsis_os.o
                0x000000000800e3c4                osMutexWait
 .text.osMutexRelease
                0x000000000800e460       0x6c Middlewares/Third_Party/FreeRTOS/Source/CMSIS_RTOS/cmsis_os.o
                0x000000000800e460                osMutexRelease
 .text.osPoolCreate
                0x000000000800e4cc       0xba Middlewares/Third_Party/FreeRTOS/Source/CMSIS_RTOS/cmsis_os.o
                0x000000000800e4cc                osPoolCreate
 .text.osPoolAlloc
                0x000000000800e586       0xc4 Middlewares/Third_Party/FreeRTOS/Source/CMSIS_RTOS/cmsis_os.o
                0x000000000800e586                osPoolAlloc
 .text.osPoolFree
                0x000000000800e64a       0x82 Middlewares/Third_Party/FreeRTOS/Source/CMSIS_RTOS/cmsis_os.o
                0x000000000800e64a                osPoolFree
 .text.osMailCreate
                0x000000000800e6cc       0xb0 Middlewares/Third_Party/FreeRTOS/Source/CMSIS_RTOS/cmsis_os.o
                0x000000000800e6cc                osMailCreate
 .text.osMailAlloc
                0x000000000800e77c       0x2a Middlewares/Third_Party/FreeRTOS/Source/CMSIS_RTOS/cmsis_os.o
                0x000000000800e77c                osMailAlloc
 *fill*         0x000000000800e7a6        0x2 
 .text.osMailPut
                0x000000000800e7a8       0x7c Middlewares/Third_Party/FreeRTOS/Source/CMSIS_RTOS/cmsis_os.o
                0x000000000800e7a8                osMailPut
 .text.osMailGet
                0x000000000800e824       0xe8 Middlewares/Third_Party/FreeRTOS/Source/CMSIS_RTOS/cmsis_os.o
                0x000000000800e824                osMailGet
 .text.osMailFree
                0x000000000800e90c       0x2a Middlewares/Third_Party/FreeRTOS/Source/CMSIS_RTOS/cmsis_os.o
                0x000000000800e90c                osMailFree
 .text.vListInitialise
                0x000000000800e936       0x40 Middlewares/Third_Party/FreeRTOS/Source/list.o
                0x000000000800e936                vListInitialise
 .text.vListInitialiseItem
                0x000000000800e976       0x1a Middlewares/Third_Party/FreeRTOS/Source/list.o
                0x000000000800e976                vListInitialiseItem
 .text.vListInsertEnd
                0x000000000800e990       0x48 Middlewares/Third_Party/FreeRTOS/Source/list.o
                0x000000000800e990                vListInsertEnd
 .text.vListInsert
                0x000000000800e9d8       0x72 Middlewares/Third_Party/FreeRTOS/Source/list.o
                0x000000000800e9d8                vListInsert
 .text.uxListRemove
                0x000000000800ea4a       0x54 Middlewares/Third_Party/FreeRTOS/Source/list.o
                0x000000000800ea4a                uxListRemove
 *fill*         0x000000000800ea9e        0x2 
 .text.xQueueGenericReset
                0x000000000800eaa0       0xd0 Middlewares/Third_Party/FreeRTOS/Source/queue.o
                0x000000000800eaa0                xQueueGenericReset
 .text.xQueueGenericCreateStatic
                0x000000000800eb70       0xe4 Middlewares/Third_Party/FreeRTOS/Source/queue.o
                0x000000000800eb70                xQueueGenericCreateStatic
 .text.xQueueGenericCreate
                0x000000000800ec54       0x7a Middlewares/Third_Party/FreeRTOS/Source/queue.o
                0x000000000800ec54                xQueueGenericCreate
 .text.prvInitialiseNewQueue
                0x000000000800ecce       0x3e Middlewares/Third_Party/FreeRTOS/Source/queue.o
 .text.prvInitialiseMutex
                0x000000000800ed0c       0x34 Middlewares/Third_Party/FreeRTOS/Source/queue.o
 .text.xQueueCreateMutex
                0x000000000800ed40       0x30 Middlewares/Third_Party/FreeRTOS/Source/queue.o
                0x000000000800ed40                xQueueCreateMutex
 .text.xQueueCreateMutexStatic
                0x000000000800ed70       0x36 Middlewares/Third_Party/FreeRTOS/Source/queue.o
                0x000000000800ed70                xQueueCreateMutexStatic
 *fill*         0x000000000800eda6        0x2 
 .text.xQueueGenericSend
                0x000000000800eda8      0x1f4 Middlewares/Third_Party/FreeRTOS/Source/queue.o
                0x000000000800eda8                xQueueGenericSend
 .text.xQueueGenericSendFromISR
                0x000000000800ef9c      0x128 Middlewares/Third_Party/FreeRTOS/Source/queue.o
                0x000000000800ef9c                xQueueGenericSendFromISR
 .text.xQueueGiveFromISR
                0x000000000800f0c4      0x112 Middlewares/Third_Party/FreeRTOS/Source/queue.o
                0x000000000800f0c4                xQueueGiveFromISR
 *fill*         0x000000000800f1d6        0x2 
 .text.xQueueReceive
                0x000000000800f1d8      0x1b8 Middlewares/Third_Party/FreeRTOS/Source/queue.o
                0x000000000800f1d8                xQueueReceive
 .text.xQueueSemaphoreTake
                0x000000000800f390      0x210 Middlewares/Third_Party/FreeRTOS/Source/queue.o
                0x000000000800f390                xQueueSemaphoreTake
 .text.xQueueReceiveFromISR
                0x000000000800f5a0       0xfa Middlewares/Third_Party/FreeRTOS/Source/queue.o
                0x000000000800f5a0                xQueueReceiveFromISR
 .text.prvGetDisinheritPriorityAfterTimeout
                0x000000000800f69a       0x30 Middlewares/Third_Party/FreeRTOS/Source/queue.o
 .text.prvCopyDataToQueue
                0x000000000800f6ca       0xd4 Middlewares/Third_Party/FreeRTOS/Source/queue.o
 .text.prvCopyDataFromQueue
                0x000000000800f79e       0x4c Middlewares/Third_Party/FreeRTOS/Source/queue.o
 .text.prvUnlockQueue
                0x000000000800f7ea       0xa4 Middlewares/Third_Party/FreeRTOS/Source/queue.o
 .text.prvIsQueueEmpty
                0x000000000800f88e       0x2c Middlewares/Third_Party/FreeRTOS/Source/queue.o
 .text.prvIsQueueFull
                0x000000000800f8ba       0x30 Middlewares/Third_Party/FreeRTOS/Source/queue.o
 .text.xTaskCreateStatic
                0x000000000800f8ea       0xb2 Middlewares/Third_Party/FreeRTOS/Source/tasks.o
                0x000000000800f8ea                xTaskCreateStatic
 .text.xTaskCreate
                0x000000000800f99c       0x8a Middlewares/Third_Party/FreeRTOS/Source/tasks.o
                0x000000000800f99c                xTaskCreate
 .text.prvInitialiseNewTask
                0x000000000800fa26       0xfc Middlewares/Third_Party/FreeRTOS/Source/tasks.o
 *fill*         0x000000000800fb22        0x2 
 .text.prvAddNewTaskToReadyList
                0x000000000800fb24       0xd4 Middlewares/Third_Party/FreeRTOS/Source/tasks.o
 .text.vTaskDelay
                0x000000000800fbf8       0x68 Middlewares/Third_Party/FreeRTOS/Source/tasks.o
                0x000000000800fbf8                vTaskDelay
 .text.vTaskStartScheduler
                0x000000000800fc60       0xbc Middlewares/Third_Party/FreeRTOS/Source/tasks.o
                0x000000000800fc60                vTaskStartScheduler
 .text.vTaskSuspendAll
                0x000000000800fd1c       0x1c Middlewares/Third_Party/FreeRTOS/Source/tasks.o
                0x000000000800fd1c                vTaskSuspendAll
 .text.xTaskResumeAll
                0x000000000800fd38      0x138 Middlewares/Third_Party/FreeRTOS/Source/tasks.o
                0x000000000800fd38                xTaskResumeAll
 .text.xTaskIncrementTick
                0x000000000800fe70      0x178 Middlewares/Third_Party/FreeRTOS/Source/tasks.o
                0x000000000800fe70                xTaskIncrementTick
 .text.vTaskSwitchContext
                0x000000000800ffe8       0xb4 Middlewares/Third_Party/FreeRTOS/Source/tasks.o
                0x000000000800ffe8                vTaskSwitchContext
 .text.vTaskPlaceOnEventList
                0x000000000801009c       0x48 Middlewares/Third_Party/FreeRTOS/Source/tasks.o
                0x000000000801009c                vTaskPlaceOnEventList
 .text.xTaskRemoveFromEventList
                0x00000000080100e4       0xc4 Middlewares/Third_Party/FreeRTOS/Source/tasks.o
                0x00000000080100e4                xTaskRemoveFromEventList
 .text.vTaskInternalSetTimeOutState
                0x00000000080101a8       0x2c Middlewares/Third_Party/FreeRTOS/Source/tasks.o
                0x00000000080101a8                vTaskInternalSetTimeOutState
 .text.xTaskCheckForTimeOut
                0x00000000080101d4       0xc0 Middlewares/Third_Party/FreeRTOS/Source/tasks.o
                0x00000000080101d4                xTaskCheckForTimeOut
 .text.vTaskMissedYield
                0x0000000008010294       0x18 Middlewares/Third_Party/FreeRTOS/Source/tasks.o
                0x0000000008010294                vTaskMissedYield
 .text.prvIdleTask
                0x00000000080102ac       0x30 Middlewares/Third_Party/FreeRTOS/Source/tasks.o
 .text.prvInitialiseTaskLists
                0x00000000080102dc       0x80 Middlewares/Third_Party/FreeRTOS/Source/tasks.o
 .text.prvCheckTasksWaitingTermination
                0x000000000801035c       0x58 Middlewares/Third_Party/FreeRTOS/Source/tasks.o
 .text.prvDeleteTCB
                0x00000000080103b4       0x5c Middlewares/Third_Party/FreeRTOS/Source/tasks.o
 .text.prvResetNextTaskUnblockTime
                0x0000000008010410       0x4c Middlewares/Third_Party/FreeRTOS/Source/tasks.o
 .text.xTaskGetSchedulerState
                0x000000000801045c       0x3c Middlewares/Third_Party/FreeRTOS/Source/tasks.o
                0x000000000801045c                xTaskGetSchedulerState
 .text.xTaskPriorityInherit
                0x0000000008010498      0x10c Middlewares/Third_Party/FreeRTOS/Source/tasks.o
                0x0000000008010498                xTaskPriorityInherit
 .text.xTaskPriorityDisinherit
                0x00000000080105a4      0x108 Middlewares/Third_Party/FreeRTOS/Source/tasks.o
                0x00000000080105a4                xTaskPriorityDisinherit
 .text.vTaskPriorityDisinheritAfterTimeout
                0x00000000080106ac      0x13c Middlewares/Third_Party/FreeRTOS/Source/tasks.o
                0x00000000080106ac                vTaskPriorityDisinheritAfterTimeout
 .text.pvTaskIncrementMutexHeldCount
                0x00000000080107e8       0x28 Middlewares/Third_Party/FreeRTOS/Source/tasks.o
                0x00000000080107e8                pvTaskIncrementMutexHeldCount
 .text.prvAddCurrentTaskToDelayedList
                0x0000000008010810       0xcc Middlewares/Third_Party/FreeRTOS/Source/tasks.o
 .text.pxPortInitialiseStack
                0x00000000080108dc       0x68 Middlewares/Third_Party/FreeRTOS/Source/portable/GCC/ARM_CM4F/port.o
                0x00000000080108dc                pxPortInitialiseStack
 .text.prvTaskExitError
                0x0000000008010944       0x54 Middlewares/Third_Party/FreeRTOS/Source/portable/GCC/ARM_CM4F/port.o
 *fill*         0x0000000008010998        0x8 
 .text.SVC_Handler
                0x00000000080109a0       0x28 Middlewares/Third_Party/FreeRTOS/Source/portable/GCC/ARM_CM4F/port.o
                0x00000000080109a0                SVC_Handler
 .text.prvPortStartFirstTask
                0x00000000080109c8       0x28 Middlewares/Third_Party/FreeRTOS/Source/portable/GCC/ARM_CM4F/port.o
 .text.xPortStartScheduler
                0x00000000080109f0      0x13c Middlewares/Third_Party/FreeRTOS/Source/portable/GCC/ARM_CM4F/port.o
                0x00000000080109f0                xPortStartScheduler
 .text.vPortEnterCritical
                0x0000000008010b2c       0x5c Middlewares/Third_Party/FreeRTOS/Source/portable/GCC/ARM_CM4F/port.o
                0x0000000008010b2c                vPortEnterCritical
 .text.vPortExitCritical
                0x0000000008010b88       0x50 Middlewares/Third_Party/FreeRTOS/Source/portable/GCC/ARM_CM4F/port.o
                0x0000000008010b88                vPortExitCritical
 *fill*         0x0000000008010bd8        0x8 
 .text.PendSV_Handler
                0x0000000008010be0       0x68 Middlewares/Third_Party/FreeRTOS/Source/portable/GCC/ARM_CM4F/port.o
                0x0000000008010be0                PendSV_Handler
 .text.SysTick_Handler
                0x0000000008010c48       0x40 Middlewares/Third_Party/FreeRTOS/Source/portable/GCC/ARM_CM4F/port.o
                0x0000000008010c48                SysTick_Handler
 .text.vPortSetupTimerInterrupt
                0x0000000008010c88       0x48 Middlewares/Third_Party/FreeRTOS/Source/portable/GCC/ARM_CM4F/port.o
                0x0000000008010c88                vPortSetupTimerInterrupt
 .text.vPortEnableVFP
                0x0000000008010cd0       0x14 Middlewares/Third_Party/FreeRTOS/Source/portable/GCC/ARM_CM4F/port.o
 .text.vPortValidateInterruptPriority
                0x0000000008010ce4       0x7c Middlewares/Third_Party/FreeRTOS/Source/portable/GCC/ARM_CM4F/port.o
                0x0000000008010ce4                vPortValidateInterruptPriority
 .text.pvPortMalloc
                0x0000000008010d60      0x184 Middlewares/Third_Party/FreeRTOS/Source/portable/MemMang/heap_4.o
                0x0000000008010d60                pvPortMalloc
 .text.vPortFree
                0x0000000008010ee4       0xb0 Middlewares/Third_Party/FreeRTOS/Source/portable/MemMang/heap_4.o
                0x0000000008010ee4                vPortFree
 .text.prvHeapInit
                0x0000000008010f94       0xc4 Middlewares/Third_Party/FreeRTOS/Source/portable/MemMang/heap_4.o
 .text.prvInsertBlockIntoFreeList
                0x0000000008011058       0xb4 Middlewares/Third_Party/FreeRTOS/Source/portable/MemMang/heap_4.o
 .text.MX_USB_DEVICE_Init
                0x000000000801110c       0x60 USB_DEVICE/App/usb_device.o
                0x000000000801110c                MX_USB_DEVICE_Init
 .text.CDC_Init_FS
                0x000000000801116c       0x28 USB_DEVICE/App/usbd_cdc_if.o
 .text.CDC_DeInit_FS
                0x0000000008011194       0x10 USB_DEVICE/App/usbd_cdc_if.o
 .text.CDC_Control_FS
                0x00000000080111a4      0x144 USB_DEVICE/App/usbd_cdc_if.o
 .text.CDC_Receive_FS
                0x00000000080112e8       0x3c USB_DEVICE/App/usbd_cdc_if.o
 .text.CDC_Transmit_FS
                0x0000000008011324       0x4c USB_DEVICE/App/usbd_cdc_if.o
                0x0000000008011324                CDC_Transmit_FS
 .text.USBD_FS_DeviceDescriptor
                0x0000000008011370       0x24 USB_DEVICE/App/usbd_desc.o
                0x0000000008011370                USBD_FS_DeviceDescriptor
 .text.USBD_FS_LangIDStrDescriptor
                0x0000000008011394       0x24 USB_DEVICE/App/usbd_desc.o
                0x0000000008011394                USBD_FS_LangIDStrDescriptor
 .text.USBD_FS_ProductStrDescriptor
                0x00000000080113b8       0x3c USB_DEVICE/App/usbd_desc.o
                0x00000000080113b8                USBD_FS_ProductStrDescriptor
 .text.USBD_FS_ManufacturerStrDescriptor
                0x00000000080113f4       0x28 USB_DEVICE/App/usbd_desc.o
                0x00000000080113f4                USBD_FS_ManufacturerStrDescriptor
 .text.USBD_FS_SerialStrDescriptor
                0x000000000801141c       0x24 USB_DEVICE/App/usbd_desc.o
                0x000000000801141c                USBD_FS_SerialStrDescriptor
 .text.USBD_FS_ConfigStrDescriptor
                0x0000000008011440       0x3c USB_DEVICE/App/usbd_desc.o
                0x0000000008011440                USBD_FS_ConfigStrDescriptor
 .text.USBD_FS_InterfaceStrDescriptor
                0x000000000801147c       0x3c USB_DEVICE/App/usbd_desc.o
                0x000000000801147c                USBD_FS_InterfaceStrDescriptor
 .text.Get_SerialNum
                0x00000000080114b8       0x58 USB_DEVICE/App/usbd_desc.o
 .text.IntToUnicode
                0x0000000008011510       0x7c USB_DEVICE/App/usbd_desc.o
 .text.HAL_PCD_MspInit
                0x000000000801158c       0xa8 USB_DEVICE/Target/usbd_conf.o
                0x000000000801158c                HAL_PCD_MspInit
 .text.HAL_PCD_SetupStageCallback
                0x0000000008011634       0x24 USB_DEVICE/Target/usbd_conf.o
                0x0000000008011634                HAL_PCD_SetupStageCallback
 .text.HAL_PCD_DataOutStageCallback
                0x0000000008011658       0x36 USB_DEVICE/Target/usbd_conf.o
                0x0000000008011658                HAL_PCD_DataOutStageCallback
 .text.HAL_PCD_DataInStageCallback
                0x000000000801168e       0x34 USB_DEVICE/Target/usbd_conf.o
                0x000000000801168e                HAL_PCD_DataInStageCallback
 .text.HAL_PCD_SOFCallback
                0x00000000080116c2       0x1c USB_DEVICE/Target/usbd_conf.o
                0x00000000080116c2                HAL_PCD_SOFCallback
 .text.HAL_PCD_ResetCallback
                0x00000000080116de       0x50 USB_DEVICE/Target/usbd_conf.o
                0x00000000080116de                HAL_PCD_ResetCallback
 *fill*         0x000000000801172e        0x2 
 .text.HAL_PCD_SuspendCallback
                0x0000000008011730       0x4c USB_DEVICE/Target/usbd_conf.o
                0x0000000008011730                HAL_PCD_SuspendCallback
 .text.HAL_PCD_ResumeCallback
                0x000000000801177c       0x1c USB_DEVICE/Target/usbd_conf.o
                0x000000000801177c                HAL_PCD_ResumeCallback
 .text.HAL_PCD_ISOOUTIncompleteCallback
                0x0000000008011798       0x24 USB_DEVICE/Target/usbd_conf.o
                0x0000000008011798                HAL_PCD_ISOOUTIncompleteCallback
 .text.HAL_PCD_ISOINIncompleteCallback
                0x00000000080117bc       0x24 USB_DEVICE/Target/usbd_conf.o
                0x00000000080117bc                HAL_PCD_ISOINIncompleteCallback
 .text.HAL_PCD_ConnectCallback
                0x00000000080117e0       0x1c USB_DEVICE/Target/usbd_conf.o
                0x00000000080117e0                HAL_PCD_ConnectCallback
 .text.HAL_PCD_DisconnectCallback
                0x00000000080117fc       0x1c USB_DEVICE/Target/usbd_conf.o
                0x00000000080117fc                HAL_PCD_DisconnectCallback
 .text.USBD_LL_Init
                0x0000000008011818       0x98 USB_DEVICE/Target/usbd_conf.o
                0x0000000008011818                USBD_LL_Init
 .text.USBD_LL_Start
                0x00000000080118b0       0x36 USB_DEVICE/Target/usbd_conf.o
                0x00000000080118b0                USBD_LL_Start
 .text.USBD_LL_OpenEP
                0x00000000080118e6       0x4c USB_DEVICE/Target/usbd_conf.o
                0x00000000080118e6                USBD_LL_OpenEP
 .text.USBD_LL_CloseEP
                0x0000000008011932       0x3e USB_DEVICE/Target/usbd_conf.o
                0x0000000008011932                USBD_LL_CloseEP
 .text.USBD_LL_StallEP
                0x0000000008011970       0x3e USB_DEVICE/Target/usbd_conf.o
                0x0000000008011970                USBD_LL_StallEP
 .text.USBD_LL_ClearStallEP
                0x00000000080119ae       0x3e USB_DEVICE/Target/usbd_conf.o
                0x00000000080119ae                USBD_LL_ClearStallEP
 .text.USBD_LL_IsStallEP
                0x00000000080119ec       0x58 USB_DEVICE/Target/usbd_conf.o
                0x00000000080119ec                USBD_LL_IsStallEP
 .text.USBD_LL_SetUSBAddress
                0x0000000008011a44       0x3e USB_DEVICE/Target/usbd_conf.o
                0x0000000008011a44                USBD_LL_SetUSBAddress
 .text.USBD_LL_Transmit
                0x0000000008011a82       0x46 USB_DEVICE/Target/usbd_conf.o
                0x0000000008011a82                USBD_LL_Transmit
 .text.USBD_LL_PrepareReceive
                0x0000000008011ac8       0x46 USB_DEVICE/Target/usbd_conf.o
                0x0000000008011ac8                USBD_LL_PrepareReceive
 .text.USBD_LL_GetRxDataSize
                0x0000000008011b0e       0x26 USB_DEVICE/Target/usbd_conf.o
                0x0000000008011b0e                USBD_LL_GetRxDataSize
 .text.USBD_Get_USB_Status
                0x0000000008011b34       0x58 USB_DEVICE/Target/usbd_conf.o
                0x0000000008011b34                USBD_Get_USB_Status
 .text.__errno  0x0000000008011b8c        0xc c:/st/stm32cubeide_1.0.0/stm32cubeide/plugins/com.st.stm32cube.ide.mcu.externaltools.gnu-tools-for-stm32.7-2018-q2-update.win32_1.0.0.201904181610/tools/bin/../lib/gcc/arm-none-eabi/7.3.1/../../../../arm-none-eabi/lib/thumb/v7e-m/fpv4-sp/hard\libc_nano.a(lib_a-errno.o)
                0x0000000008011b8c                __errno
 .text.__libc_init_array
                0x0000000008011b98       0x48 c:/st/stm32cubeide_1.0.0/stm32cubeide/plugins/com.st.stm32cube.ide.mcu.externaltools.gnu-tools-for-stm32.7-2018-q2-update.win32_1.0.0.201904181610/tools/bin/../lib/gcc/arm-none-eabi/7.3.1/../../../../arm-none-eabi/lib/thumb/v7e-m/fpv4-sp/hard\libc_nano.a(lib_a-init.o)
                0x0000000008011b98                __libc_init_array
 .text.malloc   0x0000000008011be0       0x10 c:/st/stm32cubeide_1.0.0/stm32cubeide/plugins/com.st.stm32cube.ide.mcu.externaltools.gnu-tools-for-stm32.7-2018-q2-update.win32_1.0.0.201904181610/tools/bin/../lib/gcc/arm-none-eabi/7.3.1/../../../../arm-none-eabi/lib/thumb/v7e-m/fpv4-sp/hard\libc_nano.a(lib_a-malloc.o)
                0x0000000008011be0                malloc
 .text.free     0x0000000008011bf0       0x10 c:/st/stm32cubeide_1.0.0/stm32cubeide/plugins/com.st.stm32cube.ide.mcu.externaltools.gnu-tools-for-stm32.7-2018-q2-update.win32_1.0.0.201904181610/tools/bin/../lib/gcc/arm-none-eabi/7.3.1/../../../../arm-none-eabi/lib/thumb/v7e-m/fpv4-sp/hard\libc_nano.a(lib_a-malloc.o)
                0x0000000008011bf0                free
 .text.memcpy   0x0000000008011c00       0x16 c:/st/stm32cubeide_1.0.0/stm32cubeide/plugins/com.st.stm32cube.ide.mcu.externaltools.gnu-tools-for-stm32.7-2018-q2-update.win32_1.0.0.201904181610/tools/bin/../lib/gcc/arm-none-eabi/7.3.1/../../../../arm-none-eabi/lib/thumb/v7e-m/fpv4-sp/hard\libc_nano.a(lib_a-memcpy-stub.o)
                0x0000000008011c00                memcpy
 .text.memmove  0x0000000008011c16       0x32 c:/st/stm32cubeide_1.0.0/stm32cubeide/plugins/com.st.stm32cube.ide.mcu.externaltools.gnu-tools-for-stm32.7-2018-q2-update.win32_1.0.0.201904181610/tools/bin/../lib/gcc/arm-none-eabi/7.3.1/../../../../arm-none-eabi/lib/thumb/v7e-m/fpv4-sp/hard\libc_nano.a(lib_a-memmove.o)
                0x0000000008011c16                memmove
 .text.memset   0x0000000008011c48       0x10 c:/st/stm32cubeide_1.0.0/stm32cubeide/plugins/com.st.stm32cube.ide.mcu.externaltools.gnu-tools-for-stm32.7-2018-q2-update.win32_1.0.0.201904181610/tools/bin/../lib/gcc/arm-none-eabi/7.3.1/../../../../arm-none-eabi/lib/thumb/v7e-m/fpv4-sp/hard\libc_nano.a(lib_a-memset.o)
                0x0000000008011c48                memset
 .text._free_r  0x0000000008011c58       0x9c c:/st/stm32cubeide_1.0.0/stm32cubeide/plugins/com.st.stm32cube.ide.mcu.externaltools.gnu-tools-for-stm32.7-2018-q2-update.win32_1.0.0.201904181610/tools/bin/../lib/gcc/arm-none-eabi/7.3.1/../../../../arm-none-eabi/lib/thumb/v7e-m/fpv4-sp/hard\libc_nano.a(lib_a-nano-freer.o)
                0x0000000008011c58                _free_r
 .text._malloc_r
                0x0000000008011cf4       0xb4 c:/st/stm32cubeide_1.0.0/stm32cubeide/plugins/com.st.stm32cube.ide.mcu.externaltools.gnu-tools-for-stm32.7-2018-q2-update.win32_1.0.0.201904181610/tools/bin/../lib/gcc/arm-none-eabi/7.3.1/../../../../arm-none-eabi/lib/thumb/v7e-m/fpv4-sp/hard\libc_nano.a(lib_a-nano-mallocr.o)
                0x0000000008011cf4                _malloc_r
 .text.__cvt    0x0000000008011da8       0xc2 c:/st/stm32cubeide_1.0.0/stm32cubeide/plugins/com.st.stm32cube.ide.mcu.externaltools.gnu-tools-for-stm32.7-2018-q2-update.win32_1.0.0.201904181610/tools/bin/../lib/gcc/arm-none-eabi/7.3.1/../../../../arm-none-eabi/lib/thumb/v7e-m/fpv4-sp/hard\libc_nano.a(lib_a-nano-vfprintf_float.o)
                0x0000000008011da8                __cvt
 .text.__exponent
                0x0000000008011e6a       0x66 c:/st/stm32cubeide_1.0.0/stm32cubeide/plugins/com.st.stm32cube.ide.mcu.externaltools.gnu-tools-for-stm32.7-2018-q2-update.win32_1.0.0.201904181610/tools/bin/../lib/gcc/arm-none-eabi/7.3.1/../../../../arm-none-eabi/lib/thumb/v7e-m/fpv4-sp/hard\libc_nano.a(lib_a-nano-vfprintf_float.o)
                0x0000000008011e6a                __exponent
 .text._printf_float
                0x0000000008011ed0      0x480 c:/st/stm32cubeide_1.0.0/stm32cubeide/plugins/com.st.stm32cube.ide.mcu.externaltools.gnu-tools-for-stm32.7-2018-q2-update.win32_1.0.0.201904181610/tools/bin/../lib/gcc/arm-none-eabi/7.3.1/../../../../arm-none-eabi/lib/thumb/v7e-m/fpv4-sp/hard\libc_nano.a(lib_a-nano-vfprintf_float.o)
                0x0000000008011ed0                _printf_float
 .text._printf_common
                0x0000000008012350       0xea c:/st/stm32cubeide_1.0.0/stm32cubeide/plugins/com.st.stm32cube.ide.mcu.externaltools.gnu-tools-for-stm32.7-2018-q2-update.win32_1.0.0.201904181610/tools/bin/../lib/gcc/arm-none-eabi/7.3.1/../../../../arm-none-eabi/lib/thumb/v7e-m/fpv4-sp/hard\libc_nano.a(lib_a-nano-vfprintf_i.o)
                0x0000000008012350                _printf_common
 *fill*         0x000000000801243a        0x2 
 .text._printf_i
                0x000000000801243c      0x224 c:/st/stm32cubeide_1.0.0/stm32cubeide/plugins/com.st.stm32cube.ide.mcu.externaltools.gnu-tools-for-stm32.7-2018-q2-update.win32_1.0.0.201904181610/tools/bin/../lib/gcc/arm-none-eabi/7.3.1/../../../../arm-none-eabi/lib/thumb/v7e-m/fpv4-sp/hard\libc_nano.a(lib_a-nano-vfprintf_i.o)
                0x000000000801243c                _printf_i
 .text._scanf_float
                0x0000000008012660      0x3c4 c:/st/stm32cubeide_1.0.0/stm32cubeide/plugins/com.st.stm32cube.ide.mcu.externaltools.gnu-tools-for-stm32.7-2018-q2-update.win32_1.0.0.201904181610/tools/bin/../lib/gcc/arm-none-eabi/7.3.1/../../../../arm-none-eabi/lib/thumb/v7e-m/fpv4-sp/hard\libc_nano.a(lib_a-nano-vfscanf_float.o)
                0x0000000008012660                _scanf_float
 .text._sbrk_r  0x0000000008012a24       0x20 c:/st/stm32cubeide_1.0.0/stm32cubeide/plugins/com.st.stm32cube.ide.mcu.externaltools.gnu-tools-for-stm32.7-2018-q2-update.win32_1.0.0.201904181610/tools/bin/../lib/gcc/arm-none-eabi/7.3.1/../../../../arm-none-eabi/lib/thumb/v7e-m/fpv4-sp/hard\libc_nano.a(lib_a-sbrkr.o)
                0x0000000008012a24                _sbrk_r
 .text.nanf     0x0000000008012a44        0xc c:/st/stm32cubeide_1.0.0/stm32cubeide/plugins/com.st.stm32cube.ide.mcu.externaltools.gnu-tools-for-stm32.7-2018-q2-update.win32_1.0.0.201904181610/tools/bin/../lib/gcc/arm-none-eabi/7.3.1/../../../../arm-none-eabi/lib/thumb/v7e-m/fpv4-sp/hard\libc_nano.a(lib_a-sf_nan.o)
                0x0000000008012a44                nanf
 .text.snprintf
                0x0000000008012a50       0x68 c:/st/stm32cubeide_1.0.0/stm32cubeide/plugins/com.st.stm32cube.ide.mcu.externaltools.gnu-tools-for-stm32.7-2018-q2-update.win32_1.0.0.201904181610/tools/bin/../lib/gcc/arm-none-eabi/7.3.1/../../../../arm-none-eabi/lib/thumb/v7e-m/fpv4-sp/hard\libc_nano.a(lib_a-snprintf.o)
                0x0000000008012a50                sniprintf
                0x0000000008012a50                snprintf
 .text.sprintf  0x0000000008012ab8       0x40 c:/st/stm32cubeide_1.0.0/stm32cubeide/plugins/com.st.stm32cube.ide.mcu.externaltools.gnu-tools-for-stm32.7-2018-q2-update.win32_1.0.0.201904181610/tools/bin/../lib/gcc/arm-none-eabi/7.3.1/../../../../arm-none-eabi/lib/thumb/v7e-m/fpv4-sp/hard\libc_nano.a(lib_a-sprintf.o)
                0x0000000008012ab8                siprintf
                0x0000000008012ab8                sprintf
 .text.sscanf   0x0000000008012af8       0x54 c:/st/stm32cubeide_1.0.0/stm32cubeide/plugins/com.st.stm32cube.ide.mcu.externaltools.gnu-tools-for-stm32.7-2018-q2-update.win32_1.0.0.201904181610/tools/bin/../lib/gcc/arm-none-eabi/7.3.1/../../../../arm-none-eabi/lib/thumb/v7e-m/fpv4-sp/hard\libc_nano.a(lib_a-sscanf.o)
                0x0000000008012af8                siscanf
                0x0000000008012af8                sscanf
 .text.__seofread
                0x0000000008012b4c        0x4 c:/st/stm32cubeide_1.0.0/stm32cubeide/plugins/com.st.stm32cube.ide.mcu.externaltools.gnu-tools-for-stm32.7-2018-q2-update.win32_1.0.0.201904181610/tools/bin/../lib/gcc/arm-none-eabi/7.3.1/../../../../arm-none-eabi/lib/thumb/v7e-m/fpv4-sp/hard\libc_nano.a(lib_a-stdio.o)
                0x0000000008012b4c                __seofread
 .text.strcat   0x0000000008012b50       0x1e c:/st/stm32cubeide_1.0.0/stm32cubeide/plugins/com.st.stm32cube.ide.mcu.externaltools.gnu-tools-for-stm32.7-2018-q2-update.win32_1.0.0.201904181610/tools/bin/../lib/gcc/arm-none-eabi/7.3.1/../../../../arm-none-eabi/lib/thumb/v7e-m/fpv4-sp/hard\libc_nano.a(lib_a-strcat.o)
                0x0000000008012b50                strcat
 .text.unlikely.sulp
                0x0000000008012b6e       0x38 c:/st/stm32cubeide_1.0.0/stm32cubeide/plugins/com.st.stm32cube.ide.mcu.externaltools.gnu-tools-for-stm32.7-2018-q2-update.win32_1.0.0.201904181610/tools/bin/../lib/gcc/arm-none-eabi/7.3.1/../../../../arm-none-eabi/lib/thumb/v7e-m/fpv4-sp/hard\libc_nano.a(lib_a-strtod.o)
 *fill*         0x0000000008012ba6        0x2 
 .text._strtod_l
                0x0000000008012ba8      0xbe8 c:/st/stm32cubeide_1.0.0/stm32cubeide/plugins/com.st.stm32cube.ide.mcu.externaltools.gnu-tools-for-stm32.7-2018-q2-update.win32_1.0.0.201904181610/tools/bin/../lib/gcc/arm-none-eabi/7.3.1/../../../../arm-none-eabi/lib/thumb/v7e-m/fpv4-sp/hard\libc_nano.a(lib_a-strtod.o)
                0x0000000008012ba8                _strtod_l
 .text._strtod_r
                0x0000000008013790       0x20 c:/st/stm32cubeide_1.0.0/stm32cubeide/plugins/com.st.stm32cube.ide.mcu.externaltools.gnu-tools-for-stm32.7-2018-q2-update.win32_1.0.0.201904181610/tools/bin/../lib/gcc/arm-none-eabi/7.3.1/../../../../arm-none-eabi/lib/thumb/v7e-m/fpv4-sp/hard\libc_nano.a(lib_a-strtod.o)
                0x0000000008013790                _strtod_r
 .text._strtol_l.isra.0
                0x00000000080137b0       0xf6 c:/st/stm32cubeide_1.0.0/stm32cubeide/plugins/com.st.stm32cube.ide.mcu.externaltools.gnu-tools-for-stm32.7-2018-q2-update.win32_1.0.0.201904181610/tools/bin/../lib/gcc/arm-none-eabi/7.3.1/../../../../arm-none-eabi/lib/thumb/v7e-m/fpv4-sp/hard\libc_nano.a(lib_a-strtol.o)
 *fill*         0x00000000080138a6        0x2 
 .text._strtol_r
                0x00000000080138a8       0x24 c:/st/stm32cubeide_1.0.0/stm32cubeide/plugins/com.st.stm32cube.ide.mcu.externaltools.gnu-tools-for-stm32.7-2018-q2-update.win32_1.0.0.201904181610/tools/bin/../lib/gcc/arm-none-eabi/7.3.1/../../../../arm-none-eabi/lib/thumb/v7e-m/fpv4-sp/hard\libc_nano.a(lib_a-strtol.o)
                0x00000000080138a8                _strtol_r
 .text.quorem   0x00000000080138cc      0x118 c:/st/stm32cubeide_1.0.0/stm32cubeide/plugins/com.st.stm32cube.ide.mcu.externaltools.gnu-tools-for-stm32.7-2018-q2-update.win32_1.0.0.201904181610/tools/bin/../lib/gcc/arm-none-eabi/7.3.1/../../../../arm-none-eabi/lib/thumb/v7e-m/fpv4-sp/hard\libc_nano.a(lib_a-dtoa.o)
 *fill*         0x00000000080139e4        0x4 
 .text._dtoa_r  0x00000000080139e8      0xb70 c:/st/stm32cubeide_1.0.0/stm32cubeide/plugins/com.st.stm32cube.ide.mcu.externaltools.gnu-tools-for-stm32.7-2018-q2-update.win32_1.0.0.201904181610/tools/bin/../lib/gcc/arm-none-eabi/7.3.1/../../../../arm-none-eabi/lib/thumb/v7e-m/fpv4-sp/hard\libc_nano.a(lib_a-dtoa.o)
                0x00000000080139e8                _dtoa_r
 .text.rshift   0x0000000008014558       0x74 c:/st/stm32cubeide_1.0.0/stm32cubeide/plugins/com.st.stm32cube.ide.mcu.externaltools.gnu-tools-for-stm32.7-2018-q2-update.win32_1.0.0.201904181610/tools/bin/../lib/gcc/arm-none-eabi/7.3.1/../../../../arm-none-eabi/lib/thumb/v7e-m/fpv4-sp/hard\libc_nano.a(lib_a-gdtoa-gethex.o)
 .text.__hexdig_fun
                0x00000000080145cc       0x2a c:/st/stm32cubeide_1.0.0/stm32cubeide/plugins/com.st.stm32cube.ide.mcu.externaltools.gnu-tools-for-stm32.7-2018-q2-update.win32_1.0.0.201904181610/tools/bin/../lib/gcc/arm-none-eabi/7.3.1/../../../../arm-none-eabi/lib/thumb/v7e-m/fpv4-sp/hard\libc_nano.a(lib_a-gdtoa-gethex.o)
                0x00000000080145cc                __hexdig_fun
 .text.__gethex
                0x00000000080145f6      0x442 c:/st/stm32cubeide_1.0.0/stm32cubeide/plugins/com.st.stm32cube.ide.mcu.externaltools.gnu-tools-for-stm32.7-2018-q2-update.win32_1.0.0.201904181610/tools/bin/../lib/gcc/arm-none-eabi/7.3.1/../../../../arm-none-eabi/lib/thumb/v7e-m/fpv4-sp/hard\libc_nano.a(lib_a-gdtoa-gethex.o)
                0x00000000080145f6                __gethex
 .text.L_shift  0x0000000008014a38       0x24 c:/st/stm32cubeide_1.0.0/stm32cubeide/plugins/com.st.stm32cube.ide.mcu.externaltools.gnu-tools-for-stm32.7-2018-q2-update.win32_1.0.0.201904181610/tools/bin/../lib/gcc/arm-none-eabi/7.3.1/../../../../arm-none-eabi/lib/thumb/v7e-m/fpv4-sp/hard\libc_nano.a(lib_a-gdtoa-hexnan.o)
 .text.__match  0x0000000008014a5c       0x28 c:/st/stm32cubeide_1.0.0/stm32cubeide/plugins/com.st.stm32cube.ide.mcu.externaltools.gnu-tools-for-stm32.7-2018-q2-update.win32_1.0.0.201904181610/tools/bin/../lib/gcc/arm-none-eabi/7.3.1/../../../../arm-none-eabi/lib/thumb/v7e-m/fpv4-sp/hard\libc_nano.a(lib_a-gdtoa-hexnan.o)
                0x0000000008014a5c                __match
 .text.__hexnan
                0x0000000008014a84      0x120 c:/st/stm32cubeide_1.0.0/stm32cubeide/plugins/com.st.stm32cube.ide.mcu.externaltools.gnu-tools-for-stm32.7-2018-q2-update.win32_1.0.0.201904181610/tools/bin/../lib/gcc/arm-none-eabi/7.3.1/../../../../arm-none-eabi/lib/thumb/v7e-m/fpv4-sp/hard\libc_nano.a(lib_a-gdtoa-hexnan.o)
                0x0000000008014a84                __hexnan
 .text.__locale_ctype_ptr_l
                0x0000000008014ba4        0x6 c:/st/stm32cubeide_1.0.0/stm32cubeide/plugins/com.st.stm32cube.ide.mcu.externaltools.gnu-tools-for-stm32.7-2018-q2-update.win32_1.0.0.201904181610/tools/bin/../lib/gcc/arm-none-eabi/7.3.1/../../../../arm-none-eabi/lib/thumb/v7e-m/fpv4-sp/hard\libc_nano.a(lib_a-locale.o)
                0x0000000008014ba4                __locale_ctype_ptr_l
 *fill*         0x0000000008014baa        0x2 
 .text.__locale_ctype_ptr
                0x0000000008014bac       0x1c c:/st/stm32cubeide_1.0.0/stm32cubeide/plugins/com.st.stm32cube.ide.mcu.externaltools.gnu-tools-for-stm32.7-2018-q2-update.win32_1.0.0.201904181610/tools/bin/../lib/gcc/arm-none-eabi/7.3.1/../../../../arm-none-eabi/lib/thumb/v7e-m/fpv4-sp/hard\libc_nano.a(lib_a-locale.o)
                0x0000000008014bac                __locale_ctype_ptr
 .text.__localeconv_l