robot_scara.c:47:9:scaraStartup	8	static
robot_scara.c:58:21:scaraInitDuty	1000	static
robot_scara.c:519:21:scaraInitLine	208	static
robot_scara.c:547:21:scaraInitCircle	288	static
robot_scara.c:613:21:scaraInitLSPB	216	static
robot_scara.c:731:21:scaraInitScurve	248	static
robot_scara.c:871:21:scaraFlowDuty	536	static
robot_scara.c:1049:21:scaraFlowLine	32	static
robot_scara.c:1065:21:scaraFlowCircle	56	static
robot_scara.c:1076:21:scaraFlowLSPB	72	static
robot_scara.c:1109:21:scaraFLowScurve	88	static
robot_scara.c:1197:21:scaraCheckWorkSpace4	40	static
robot_scara.c:1218:21:scaraCheckWorkSpace1	24	static
robot_scara.c:1249:21:scaraTestDuty	584	static
robot_scara.c:1267:9:scaraSetScanFlag	4	static
robot_scara.c:1271:9:scaraSetOutput	16	static
robot_scara.c:1276:9:scaraSetDutyState	16	static
robot_scara.c:1280:9:scaraSetMode	16	static
robot_scara.c:1284:9:scaraSetMethod	16	static
robot_scara.c:1289:9:scaraGetPosition	16	static
robot_scara.c:1294:19:scaraGetMode	4	static
robot_scara.c:1298:21:scaraGetMethod	4	static
robot_scara.c:1302:24:scaraGetDutyState	4	static
robot_scara.c:1306:13:scaraIsScanLimit	4	static
robot_scara.c:1310:13:scaraIsFinish	24	static
robot_scara.c:1319:13:scaraPosition2String	200	static
robot_scara.c:1362:22:scaraKeyInit	984	static
robot_scara.c:1664:22:scaraKeyFlow	584	static
