robot_scara.c:45:21:scaraInitDuty	600	static
robot_scara.c:502:23:scaraInitLine	128	static
robot_scara.c:529:23:scaraInitCircle	208	static
robot_scara.c:594:21:scaraInitLSPB	200	static
robot_scara.c:709:21:scaraInitScurve	232	static
robot_scara.c:846:21:scaraFlowDuty	320	static
robot_scara.c:986:21:scaraFlowLine	32	static
robot_scara.c:1001:21:scaraFlowCircle	56	static
robot_scara.c:1011:21:scaraFlowLSPB	72	static
robot_scara.c:1043:21:scaraFLowScurve	88	static
robot_scara.c:1130:21:scaraCheckWorkSpace4	40	static
robot_scara.c:1150:23:scaraCheckWorkSpace1	24	static
robot_scara.c:1180:9:scaraSetScanFlag	4	static
robot_scara.c:1185:9:scaraSetOutput	16	static
robot_scara.c:1190:9:scaraSetDutyState	16	static
robot_scara.c:1194:9:scaraGetPosition	16	static
robot_scara.c:1198:9:scaraSetMode	16	static
robot_scara.c:1202:19:scaraGetMode	4	static
robot_scara.c:1206:24:scaraGetDutyState	4	static
robot_scara.c:1210:13:scaraIsScanLimit	4	static
robot_scara.c:1214:13:scaraIsFinish	24	static
robot_scara.c:1222:13:scaraPosition2String	200	static
