robot_scara.c:44:21:scaraInitDuty	264	static
robot_scara.c:465:23:scaraInitLine	72	static
robot_scara.c:492:23:scaraInitCircle	112	static
robot_scara.c:553:21:scaraInitLSPB	88	static
robot_scara.c:653:21:scaraInitScurve	136	static
robot_scara.c:774:21:scaraFlowDuty	168	static
robot_scara.c:908:21:scaraFlowLine	16	static
robot_scara.c:916:21:scaraFlowCircle	32	static
robot_scara.c:926:21:scaraFlowLSPB	48	static
robot_scara.c:958:21:scaraFLowScurve	48	static
robot_scara.c:1045:21:scaraCheckWorkSpace4	24	static
robot_scara.c:1065:23:scaraCheckWorkSpace1	16	static
robot_scara.c:1095:9:scaraSetScanFlag	4	static
robot_scara.c:1100:9:scaraSetOutput	16	static
robot_scara.c:1105:9:scaraSetDutyState	16	static
robot_scara.c:1109:9:scaraGetPosition	16	static
robot_scara.c:1113:9:scaraSetMode	16	static
robot_scara.c:1117:19:scaraGetMode	4	static
robot_scara.c:1121:24:scaraGetDutyState	4	static
robot_scara.c:1125:13:scaraIsScanLimit	4	static
robot_scara.c:1129:13:scaraIsFinish	24	static
robot_scara.c:1137:13:scaraPosition2String	160	static
