robot_scara.c:45:9:scaraStartup	8	static
robot_scara.c:52:21:scaraInitDuty	600	static
robot_scara.c:510:21:scaraInitLine	128	static
robot_scara.c:538:21:scaraInitCircle	208	static
robot_scara.c:604:21:scaraInitLSPB	216	static
robot_scara.c:722:21:scaraInitScurve	248	static
robot_scara.c:862:21:scaraFlowDuty	328	static
robot_scara.c:1005:21:scaraFlowLine	32	static
robot_scara.c:1021:21:scaraFlowCircle	56	static
robot_scara.c:1032:21:scaraFlowLSPB	72	static
robot_scara.c:1065:21:scaraFLowScurve	88	static
robot_scara.c:1153:21:scaraCheckWorkSpace4	40	static
robot_scara.c:1174:21:scaraCheckWorkSpace1	24	static
robot_scara.c:1205:21:scaraTestDuty	344	static
robot_scara.c:1223:9:scaraSetScanFlag	4	static
robot_scara.c:1227:9:scaraSetOutput	16	static
robot_scara.c:1232:9:scaraSetDutyState	16	static
robot_scara.c:1236:9:scaraGetPosition	16	static
robot_scara.c:1240:9:scaraSetMode	16	static
robot_scara.c:1244:19:scaraGetMode	4	static
robot_scara.c:1248:24:scaraGetDutyState	4	static
robot_scara.c:1252:13:scaraIsScanLimit	4	static
robot_scara.c:1256:13:scaraIsFinish	24	static
robot_scara.c:1265:13:scaraPosition2String	200	static
