robot_scara.c:45:9:scaraStartup	8	static
robot_scara.c:53:21:scaraInitDuty	600	static
robot_scara.c:514:21:scaraInitLine	128	static
robot_scara.c:542:21:scaraInitCircle	208	static
robot_scara.c:608:21:scaraInitLSPB	216	static
robot_scara.c:726:21:scaraInitScurve	248	static
robot_scara.c:866:21:scaraFlowDuty	328	static
robot_scara.c:1009:21:scaraFlowLine	32	static
robot_scara.c:1025:21:scaraFlowCircle	56	static
robot_scara.c:1036:21:scaraFlowLSPB	72	static
robot_scara.c:1069:21:scaraFLowScurve	88	static
robot_scara.c:1157:21:scaraCheckWorkSpace4	40	static
robot_scara.c:1178:21:scaraCheckWorkSpace1	24	static
robot_scara.c:1209:21:scaraTestDuty	344	static
robot_scara.c:1227:9:scaraSetScanFlag	4	static
robot_scara.c:1231:9:scaraSetOutput	16	static
robot_scara.c:1236:9:scaraSetDutyState	16	static
robot_scara.c:1240:9:scaraGetPosition	16	static
robot_scara.c:1244:9:scaraSetMode	16	static
robot_scara.c:1248:19:scaraGetMode	4	static
robot_scara.c:1252:24:scaraGetDutyState	4	static
robot_scara.c:1256:13:scaraIsScanLimit	4	static
robot_scara.c:1260:13:scaraIsFinish	24	static
robot_scara.c:1269:13:scaraPosition2String	200	static
