robot_scara.c:44:9:scaraStartup	8	static
robot_scara.c:50:21:scaraInitDuty	600	static
robot_scara.c:508:21:scaraInitLine	128	static
robot_scara.c:536:21:scaraInitCircle	208	static
robot_scara.c:602:21:scaraInitLSPB	200	static
robot_scara.c:718:21:scaraInitScurve	232	static
robot_scara.c:856:21:scaraFlowDuty	328	static
robot_scara.c:999:21:scaraFlowLine	32	static
robot_scara.c:1015:21:scaraFlowCircle	56	static
robot_scara.c:1026:21:scaraFlowLSPB	72	static
robot_scara.c:1059:21:scaraFLowScurve	88	static
robot_scara.c:1147:21:scaraCheckWorkSpace4	40	static
robot_scara.c:1168:21:scaraCheckWorkSpace1	24	static
robot_scara.c:1199:21:scaraTestDuty	344	static
robot_scara.c:1217:9:scaraSetScanFlag	4	static
robot_scara.c:1221:9:scaraSetOutput	16	static
robot_scara.c:1226:9:scaraSetDutyState	16	static
robot_scara.c:1230:9:scaraGetPosition	16	static
robot_scara.c:1234:9:scaraSetMode	16	static
robot_scara.c:1238:19:scaraGetMode	4	static
robot_scara.c:1242:24:scaraGetDutyState	4	static
robot_scara.c:1246:13:scaraIsScanLimit	4	static
robot_scara.c:1250:13:scaraIsFinish	24	static
robot_scara.c:1259:13:scaraPosition2String	200	static
