stm32f4xx_it.c:79:6:NMI_Handler	4	static
stm32f4xx_it.c:92:6:HardFault_Handler	8	static
stm32f4xx_it.c:108:6:MemManage_Handler	8	static
stm32f4xx_it.c:124:6:BusFault_Handler	8	static
stm32f4xx_it.c:140:6:UsageFault_Handler	4	static
stm32f4xx_it.c:155:6:DebugMon_Handler	4	static
stm32f4xx_it.c:175:6:DMA1_Stream4_IRQHandler	8	static
stm32f4xx_it.c:189:6:UART4_IRQHandler	8	static
stm32f4xx_it.c:203:6:TIM6_DAC_IRQHandler	8	static
stm32f4xx_it.c:217:6:TIM7_IRQHandler	8	static
stm32f4xx_it.c:231:6:OTG_FS_IRQHandler	8	static
